Archive member included to satisfy reference by file (symbol)

app/libapp.a(main.c.obj)      (--whole-archive)
app/libapp.a(flash_map_extended.c.obj)
                              (--whole-archive)
app/libapp.a(os.c.obj)        (--whole-archive)
app/libapp.a(keys.c.obj)      (--whole-archive)
app/libapp.a(image_validate.c.obj)
                              (--whole-archive)
app/libapp.a(tlv.c.obj)       (--whole-archive)
app/libapp.a(encrypted.c.obj)
                              (--whole-archive)
app/libapp.a(image_rsa.c.obj)
                              (--whole-archive)
app/libapp.a(image_ec256.c.obj)
                              (--whole-archive)
app/libapp.a(image_ed25519.c.obj)
                              (--whole-archive)
app/libapp.a(bootutil_misc.c.obj)
                              (--whole-archive)
app/libapp.a(fault_injection_hardening.c.obj)
                              (--whole-archive)
app/libapp.a(loader.c.obj)    (--whole-archive)
app/libapp.a(swap_misc.c.obj)
                              (--whole-archive)
app/libapp.a(swap_scratch.c.obj)
                              (--whole-archive)
app/libapp.a(swap_move.c.obj)
                              (--whole-archive)
app/libapp.a(caps.c.obj)      (--whole-archive)
app/libapp.a(asn1parse.c.obj)
                              (--whole-archive)
app/libapp.a(platform_util.c.obj)
                              (--whole-archive)
app/libapp.a(cc310_glue.c.obj)
                              (--whole-archive)
app/libapp.a(autogen-pubkey.c.obj)
                              (--whole-archive)
app/libapp.a(arm_cleanup.c.obj)
                              (--whole-archive)
app/libapp.a(nrf_cleanup.c.obj)
                              (--whole-archive)
zephyr/libzephyr.a(base64.c.obj)
                              (--whole-archive)
zephyr/libzephyr.a(cbprintf_packaged.c.obj)
                              (--whole-archive)
zephyr/libzephyr.a(crc32c_sw.c.obj)
                              (--whole-archive)
zephyr/libzephyr.a(crc32_sw.c.obj)
                              (--whole-archive)
zephyr/libzephyr.a(crc16_sw.c.obj)
                              (--whole-archive)
zephyr/libzephyr.a(crc8_sw.c.obj)
                              (--whole-archive)
zephyr/libzephyr.a(crc7_sw.c.obj)
                              (--whole-archive)
zephyr/libzephyr.a(dec.c.obj)
                              (--whole-archive)
zephyr/libzephyr.a(fdtable.c.obj)
                              (--whole-archive)
zephyr/libzephyr.a(hex.c.obj)
                              (--whole-archive)
zephyr/libzephyr.a(printk.c.obj)
                              (--whole-archive)
zephyr/libzephyr.a(rb.c.obj)  (--whole-archive)
zephyr/libzephyr.a(sem.c.obj)
                              (--whole-archive)
zephyr/libzephyr.a(thread_entry.c.obj)
                              (--whole-archive)
zephyr/libzephyr.a(timeutil.c.obj)
                              (--whole-archive)
zephyr/libzephyr.a(heap.c.obj)
                              (--whole-archive)
zephyr/libzephyr.a(heap-validate.c.obj)
                              (--whole-archive)
zephyr/libzephyr.a(bitarray.c.obj)
                              (--whole-archive)
zephyr/libzephyr.a(multi_heap.c.obj)
                              (--whole-archive)
zephyr/libzephyr.a(onoff.c.obj)
                              (--whole-archive)
zephyr/libzephyr.a(notify.c.obj)
                              (--whole-archive)
zephyr/libzephyr.a(cbprintf_nano.c.obj)
                              (--whole-archive)
zephyr/libzephyr.a(cbprintf.c.obj)
                              (--whole-archive)
zephyr/libzephyr.a(assert.c.obj)
                              (--whole-archive)
zephyr/libzephyr.a(reboot.c.obj)
                              (--whole-archive)
zephyr/libzephyr.a(configs.c.obj)
                              (--whole-archive)
zephyr/libzephyr.a(soc.c.obj)
                              (--whole-archive)
zephyr/libzephyr.a(soc_nrf_common.S.obj)
                              (--whole-archive)
zephyr/libzephyr.a(validate_base_addresses.c.obj)
                              (--whole-archive)
zephyr/libzephyr.a(validate_enabled_instances.c.obj)
                              (--whole-archive)
zephyr/libzephyr.a(log_minimal.c.obj)
                              (--whole-archive)
zephyr/libzephyr.a(flash_map.c.obj)
                              (--whole-archive)
zephyr/libzephyr.a(flash_map_layout.c.obj)
                              (--whole-archive)
zephyr/libzephyr.a(tracing_none.c.obj)
                              (--whole-archive)
zephyr/libzephyr.a(flash_map_partition_manager.c.obj)
                              (--whole-archive)
zephyr/libzephyr.a(nrf_cc3xx_platform_abort_zephyr.c.obj)
                              (--whole-archive)
zephyr/libzephyr.a(nrf_cc3xx_platform_mutex_zephyr.c.obj)
                              (--whole-archive)
zephyr/libzephyr.a(serial_adapter.c.obj)
                              (--whole-archive)
[...]
Memory Configuration

Name             Origin             Length             Attributes
FLASH            0x0000000000000000 0x000000000000c000 xr
RAM              0x000000002000c4e8 0x0000000000033b18 xw
IDT_LIST         0x00000000fffff7ff 0x0000000000000800 xw
*default*        0x0000000000000000 0xffffffffffffffff

Linker script and memory map

LOAD zephyr/CMakeFiles/zephyr_pre1.dir/misc/empty_file.c.obj
LOAD zephyr/CMakeFiles/zephyr_pre1.dir/dev_handles.c.obj
LOAD zephyr/CMakeFiles/offsets.dir/./arch/arm/core/offsets/offsets.c.obj
                0x0000000000000004                _region_min_align = 0x4

.rel.plt        0x0000000000000000        0x0
 *(SORT_BY_ALIGNMENT(.rel.plt))
                [!provide]                        PROVIDE (__rel_iplt_start = .)
 *(SORT_BY_ALIGNMENT(.rel.iplt))
 .rel.iplt      0x0000000000000000        0x0 app/libapp.a(main.c.obj)
                [!provide]                        PROVIDE (__rel_iplt_end = .)

.rela.plt       0x0000000000000000        0x0
 *(SORT_BY_ALIGNMENT(.rela.plt))
                [!provide]                        PROVIDE (__rela_iplt_start = .)
 *(SORT_BY_ALIGNMENT(.rela.iplt))
                [!provide]                        PROVIDE (__rela_iplt_end = .)

.rel.dyn
 *(SORT_BY_ALIGNMENT(.rel.*))

.rela.dyn
 *(SORT_BY_ALIGNMENT(.rela.*))

/DISCARD/
 *(SORT_BY_ALIGNMENT(.plt))

/DISCARD/
 *(SORT_BY_ALIGNMENT(.iplt))
                0x0000000000000000                __rom_region_start = 0x0

rom_start       0x0000000000000000      0x144
                0x0000000000000000                . = 0x0
                0x0000000000000000                . = ALIGN (0x4)
                0x0000000000000000                . = ALIGN (0x80)
                0x0000000000000000                . = ALIGN (0x200)
                0x0000000000000000                _vector_start = .
 *(SORT_BY_ALIGNMENT(.exc_vector_table))
 *(SORT_BY_ALIGNMENT(.exc_vector_table.*))
 .exc_vector_table._vector_table_section
                0x0000000000000000       0x40 zephyr/arch/arch/arm/core/aarch32/cortex_m/libarch__arm__core__aarch32__cortex_m.a(vector_table.S.obj)
                0x0000000000000000                _vector_table
 *(SORT_BY_ALIGNMENT(.vectors))
                0x0000000000000144                _vector_end = .
                0x0000000000000040                . = ALIGN (0x4)
 *(SORT_BY_ALIGNMENT(.gnu.linkonce.irq_vector_table*))
 .gnu.linkonce.irq_vector_table
                0x0000000000000040      0x104 zephyr/arch/common/libisr_tables.a(isr_tables.c.obj)
                0x0000000000000040                _irq_vector_table
                0x0000000000000144                _vector_end = .

text            0x0000000000000144     0x9384
                0x0000000000000144                __text_region_start = .
 *(SORT_BY_ALIGNMENT(.text))
 .text          0x0000000000000144       0x30 /home/jforgue/.local/zephyr-sdk-0.15.2/arm-zephyr-eabi/bin/../lib/gcc/arm-zephyr-eabi/12.1.0/thumb/v8-m.main+fp/hard/libgcc.a(_aeabi_uldivmod.o)
                0x0000000000000144                __aeabi_uldivmod
 .text          0x0000000000000174        0x4 /home/jforgue/.local/zephyr-sdk-0.15.2/arm-zephyr-eabi/bin/../lib/gcc/arm-zephyr-eabi/12.1.0/thumb/v8-m.main+fp/hard/libgcc.a(_dvmd_tls.o)
                0x0000000000000174                __aeabi_ldiv0
                0x0000000000000174                __aeabi_idiv0
 .text          0x0000000000000178      0x29c /home/jforgue/.local/zephyr-sdk-0.15.2/arm-zephyr-eabi/bin/../lib/gcc/arm-zephyr-eabi/12.1.0/thumb/v8-m.main+fp/hard/libgcc.a(_udivmoddi4.o)
                0x0000000000000178                __udivmoddi4
 *(SORT_BY_ALIGNMENT(.text.*))
 .text.led_init
                0x0000000000000414       0x3c app/libapp.a(main.c.obj)
                0x0000000000000414                led_init
 .text.main     0x0000000000000450      0x1a0 app/libapp.a(main.c.obj)
                0x0000000000000450                main
 .text.flash_device_base
                0x00000000000005f0       0x20 app/libapp.a(flash_map_extended.c.obj)
                0x00000000000005f0                flash_device_base
 .text.flash_area_sector_from_off
                0x0000000000000610       0x20 app/libapp.a(flash_map_extended.c.obj)
                0x0000000000000610                flash_area_sector_from_off
 .text.bootutil_img_validate
                0x0000000000000630      0x228 app/libapp.a(image_validate.c.obj)
                0x0000000000000630                bootutil_img_validate
 .text.bootutil_verify_sig
                0x0000000000000858       0xf0 app/libapp.a(image_ec256.c.obj)
                0x0000000000000858                bootutil_verify_sig
 .text.boot_read_swap_size
                0x0000000000000948       0x7c app/libapp.a(bootutil_misc.c.obj)
                0x0000000000000948                boot_read_swap_size
 .text.bootutil_max_image_size
                0x00000000000009c4       0x28 app/libapp.a(bootutil_misc.c.obj)
                0x00000000000009c4                bootutil_max_image_size
 .text.boot_validate_slot.isra.0
                0x00000000000009ec       0xf8 app/libapp.a(loader.c.obj)
 .text.boot_swap_image
                0x0000000000000ae4       0x7c app/libapp.a(loader.c.obj)
 .text.boot_copy_region
                0x0000000000000b60       0x84 app/libapp.a(loader.c.obj)
                0x0000000000000b60                boot_copy_region
 .text.context_boot_go
                0x0000000000000be4      0x260 app/libapp.a(loader.c.obj)
                0x0000000000000be4                context_boot_go
 .text.boot_go  0x0000000000000e44       0x20 app/libapp.a(loader.c.obj)
                0x0000000000000e44                boot_go
 .text.boot_read_image_header
                0x0000000000000e64       0x9c app/libapp.a(swap_move.c.obj)
                0x0000000000000e64                boot_read_image_header
 .text.swap_read_status_bytes
                0x0000000000000f00       0xc8 app/libapp.a(swap_move.c.obj)
                0x0000000000000f00                swap_read_status_bytes
 .text.boot_slots_compatible
                0x0000000000000fc8       0x70 app/libapp.a(swap_move.c.obj)
                0x0000000000000fc8                boot_slots_compatible
 .text.swap_status_source
                0x0000000000001038       0xcc app/libapp.a(swap_move.c.obj)
                0x0000000000001038                swap_status_source
 .text.fixup_revert
                0x0000000000001104       0x98 app/libapp.a(swap_move.c.obj)
                0x0000000000001104                fixup_revert
 .text.swap_run
                0x000000000000119c      0x214 app/libapp.a(swap_move.c.obj)
                0x000000000000119c                swap_run
 .text.cc310_init
                0x00000000000013b0       0x30 app/libapp.a(cc310_glue.c.obj)
                0x00000000000013b0                cc310_init
 .text.cc310_ecdsa_verify_secp256r1
                0x00000000000013e0       0x3c app/libapp.a(cc310_glue.c.obj)
                0x00000000000013e0                cc310_ecdsa_verify_secp256r1
 .text.cleanup_arm_nvic
                0x000000000000141c       0x38 app/libapp.a(arm_cleanup.c.obj)
                0x000000000000141c                cleanup_arm_nvic
 .text.nrf_cleanup_peripheral
                0x0000000000001454       0x90 app/libapp.a(nrf_cleanup.c.obj)
                0x0000000000001454                nrf_cleanup_peripheral
 .text.base64_encode
                0x00000000000014e4       0xfc zephyr/libzephyr.a(base64.c.obj)
                0x00000000000014e4                base64_encode
 .text.base64_decode
                0x00000000000015e0      0x140 zephyr/libzephyr.a(base64.c.obj)
                0x00000000000015e0                base64_decode
 .text.char_out
                0x0000000000001720        0xc zephyr/libzephyr.a(printk.c.obj)
 .text.vprintk  0x000000000000172c       0x1c zephyr/libzephyr.a(printk.c.obj)
                0x000000000000172c                vprintk
 .text.process_event
                0x0000000000001748      0x21c zephyr/libzephyr.a(onoff.c.obj)
 .text.z_cbvprintf_impl
                0x0000000000001964      0x440 zephyr/libzephyr.a(cbprintf_nano.c.obj)
                0x0000000000001964                z_cbvprintf_impl
 .text.sys_reboot
                0x0000000000001da4       0x28 zephyr/libzephyr.a(reboot.c.obj)
                0x0000000000001da4                sys_reboot
 .text.nordicsemi_nrf91_init
                0x0000000000001dcc       0x28 zephyr/libzephyr.a(soc.c.obj)
 .text.arch_busy_wait
                0x0000000000001df4       0x14 zephyr/libzephyr.a(soc.c.obj)
                0x0000000000001df4                arch_busy_wait
 .text.z_arm_platform_init
                0x0000000000001e08        0x4 zephyr/libzephyr.a(soc_nrf_common.S.obj)
                0x0000000000001e08                z_arm_platform_init
 .text.flash_area_open
                0x0000000000001e0c       0x50 zephyr/libzephyr.a(flash_map.c.obj)
                0x0000000000001e0c                flash_area_open
 .text.flash_area_get_sectors
                0x0000000000001e5c       0x60 zephyr/libzephyr.a(flash_map_layout.c.obj)
                0x0000000000001e5c                flash_area_get_sectors
 .text.nrf_cc3xx_platform_abort_init
                0x0000000000001ebc        0xc zephyr/libzephyr.a(nrf_cc3xx_platform_abort_zephyr.c.obj)
                0x0000000000001ebc                nrf_cc3xx_platform_abort_init
 .text.mutex_free_platform
                0x0000000000001ec8       0x54 zephyr/libzephyr.a(nrf_cc3xx_platform_mutex_zephyr.c.obj)
 .text.mutex_lock_platform
                0x0000000000001f1c       0x58 zephyr/libzephyr.a(nrf_cc3xx_platform_mutex_zephyr.c.obj)
 .text.mutex_unlock_platform
                0x0000000000001f74       0x50 zephyr/libzephyr.a(nrf_cc3xx_platform_mutex_zephyr.c.obj)
 .text.mutex_init_platform
                0x0000000000001fc4       0x94 zephyr/libzephyr.a(nrf_cc3xx_platform_mutex_zephyr.c.obj)
 .text.nrf_cc3xx_platform_mutex_init
                0x0000000000002058       0x2c zephyr/libzephyr.a(nrf_cc3xx_platform_mutex_zephyr.c.obj)
                0x0000000000002058                nrf_cc3xx_platform_mutex_init
 .text.boot_uart_fifo_callback
                0x0000000000002084       0xb0 zephyr/libzephyr.a(serial_adapter.c.obj)
 .text.console_out
                0x0000000000002134       0x18 zephyr/libzephyr.a(serial_adapter.c.obj)
                0x0000000000002134                console_out
 .text.console_read
                0x000000000000214c       0x98 zephyr/libzephyr.a(serial_adapter.c.obj)
                0x000000000000214c                console_read
 .text.boot_console_init
                0x00000000000021e4       0x90 zephyr/libzephyr.a(serial_adapter.c.obj)
                0x00000000000021e4                boot_console_init
 .text.boot_serial_output
                0x0000000000002274      0x114 zephyr/libzephyr.a(boot_serial.c.obj)
 .text.erase_range
                0x0000000000002388       0x64 zephyr/libzephyr.a(boot_serial.c.obj)
 .text.boot_serial_in_dec.constprop.0
                0x00000000000023ec       0x68 zephyr/libzephyr.a(boot_serial.c.obj)
 .text.zcbor_tstr_encode_ptr.constprop.0.isra.0
                0x0000000000002454       0x18 zephyr/libzephyr.a(boot_serial.c.obj)
 .text.bs_rc_rsp
                0x000000000000246c       0x38 zephyr/libzephyr.a(boot_serial.c.obj)
 .text.reset_cbor_state
                0x00000000000024a4       0x24 zephyr/libzephyr.a(boot_serial.c.obj)
                0x00000000000024a4                reset_cbor_state
 .text.boot_serial_input
                0x00000000000024c8      0x3f4 zephyr/libzephyr.a(boot_serial.c.obj)
                0x00000000000024c8                boot_serial_input
 .text.boot_serial_start
                0x00000000000028bc       0xbc zephyr/libzephyr.a(boot_serial.c.obj)
                0x00000000000028bc                boot_serial_start
 .text.decode_repeated_Upload_members
                0x0000000000002978       0xf8 zephyr/libzephyr.a(serial_recovery_cbor.c.obj)
 .text.cbor_decode_Upload
                0x0000000000002a70       0x80 zephyr/libzephyr.a(serial_recovery_cbor.c.obj)
                0x0000000000002a70                cbor_decode_Upload
 .text.get_result_len
                0x0000000000002af0       0x34 zephyr/libzephyr.a(zcbor_encode.c.obj)
 .text.value_encode
                0x0000000000002b24       0x90 zephyr/libzephyr.a(zcbor_encode.c.obj)
 .text.z_arm_cpu_idle_init
                0x0000000000002bb4        0xc zephyr/arch/arch/arm/core/aarch32/libarch__arm__core__aarch32.a(cpu_idle.S.obj)
                0x0000000000002bb4                z_arm_cpu_idle_init
 .text.arch_cpu_idle
                0x0000000000002bc0       0x1c zephyr/arch/arch/arm/core/aarch32/libarch__arm__core__aarch32.a(cpu_idle.S.obj)
                0x0000000000002bc0                arch_cpu_idle
 .text.arch_cpu_atomic_idle
                0x0000000000002bdc       0x14 zephyr/arch/arch/arm/core/aarch32/libarch__arm__core__aarch32.a(cpu_idle.S.obj)
                0x0000000000002bdc                arch_cpu_atomic_idle
 .text.z_arm_fatal_error
                0x0000000000002bf0       0xcc zephyr/arch/arch/arm/core/aarch32/libarch__arm__core__aarch32.a(fatal.c.obj)
                0x0000000000002bf0                z_arm_fatal_error
 .text.arch_irq_enable
                0x0000000000002cbc       0x1c zephyr/arch/arch/arm/core/aarch32/libarch__arm__core__aarch32.a(irq_manage.c.obj)
                0x0000000000002cbc                arch_irq_enable
 .text.arch_irq_is_enabled
                0x0000000000002cd8       0x1c zephyr/arch/arch/arm/core/aarch32/libarch__arm__core__aarch32.a(irq_manage.c.obj)
                0x0000000000002cd8                arch_irq_is_enabled
 .text.z_arm_irq_priority_set
                0x0000000000002cf4       0x2c zephyr/arch/arch/arm/core/aarch32/libarch__arm__core__aarch32.a(irq_manage.c.obj)
                0x0000000000002cf4                z_arm_irq_priority_set
 .text.z_SysNmiOnReset
                0x0000000000002d20        0x8 zephyr/arch/arch/arm/core/aarch32/libarch__arm__core__aarch32.a(nmi_on_reset.S.obj)
                0x0000000000002d20                z_SysNmiOnReset
 .text.z_arm_prep_c
                0x0000000000002d28       0x5c zephyr/arch/arch/arm/core/aarch32/libarch__arm__core__aarch32.a(prep_c.c.obj)
                0x0000000000002d28                z_arm_prep_c
 .text.arch_swap
                0x0000000000002d84       0x34 zephyr/arch/arch/arm/core/aarch32/libarch__arm__core__aarch32.a(swap.c.obj)
                0x0000000000002d84                arch_swap
 .text.z_arm_pendsv
                0x0000000000002db8       0x94 zephyr/arch/arch/arm/core/aarch32/libarch__arm__core__aarch32.a(swap_helper.S.obj)
                0x0000000000002db8                z_arm_pendsv
 .text.z_arm_svc
                0x0000000000002e4c       0x20 zephyr/arch/arch/arm/core/aarch32/libarch__arm__core__aarch32.a(swap_helper.S.obj)
                0x0000000000002e4c                z_arm_svc
 .text.arch_new_thread
                0x0000000000002e6c       0x40 zephyr/arch/arch/arm/core/aarch32/libarch__arm__core__aarch32.a(thread.c.obj)
                0x0000000000002e6c                arch_new_thread
 .text.arch_switch_to_main_thread
                0x0000000000002eac       0x44 zephyr/arch/arch/arm/core/aarch32/libarch__arm__core__aarch32.a(thread.c.obj)
                0x0000000000002eac                arch_switch_to_main_thread
 .text._isr_wrapper
                0x0000000000002ef0       0x28 zephyr/arch/arch/arm/core/aarch32/libarch__arm__core__aarch32.a(isr_wrapper.S.obj)
                0x0000000000002ef0                _isr_wrapper
 .text._HandlerModeExit
                0x0000000000002f18       0x1c zephyr/arch/arch/arm/core/aarch32/cortex_m/libarch__arm__core__aarch32__cortex_m.a(exc_exit.S.obj)
                0x0000000000002f18                z_arm_exc_exit
                0x0000000000002f18                z_arm_int_exit
 .text.usage_fault.constprop.0
                0x0000000000002f34       0xac zephyr/arch/arch/arm/core/aarch32/cortex_m/libarch__arm__core__aarch32__cortex_m.a(fault.c.obj)
 .text.bus_fault.constprop.0
                0x0000000000002fe0       0xb4 zephyr/arch/arch/arm/core/aarch32/cortex_m/libarch__arm__core__aarch32__cortex_m.a(fault.c.obj)
 .text.mem_manage_fault.constprop.0
                0x0000000000003094       0xbc zephyr/arch/arch/arm/core/aarch32/cortex_m/libarch__arm__core__aarch32__cortex_m.a(fault.c.obj)
 .text.z_arm_fault
                0x0000000000003150      0x1a4 zephyr/arch/arch/arm/core/aarch32/cortex_m/libarch__arm__core__aarch32__cortex_m.a(fault.c.obj)
                0x0000000000003150                z_arm_fault
 .text.z_arm_fault_init
                0x00000000000032f4       0x18 zephyr/arch/arch/arm/core/aarch32/cortex_m/libarch__arm__core__aarch32__cortex_m.a(fault.c.obj)
                0x00000000000032f4                z_arm_fault_init
 .text.__fault  0x000000000000330c       0x14 zephyr/arch/arch/arm/core/aarch32/cortex_m/libarch__arm__core__aarch32__cortex_m.a(fault_s.S.obj)
                0x000000000000330c                z_arm_bus_fault
                0x000000000000330c                z_arm_usage_fault
                0x000000000000330c                z_arm_mpu_fault
                0x000000000000330c                z_arm_exc_spurious
                0x000000000000330c                z_arm_debug_monitor
                0x000000000000330c                z_arm_hard_fault
 .text.z_arm_interrupt_init
                0x0000000000003320       0x18 zephyr/arch/arch/arm/core/aarch32/cortex_m/libarch__arm__core__aarch32__cortex_m.a(irq_init.c.obj)
                0x0000000000003320                z_arm_interrupt_init
 .text._reset_section
                0x0000000000003338       0x60 zephyr/arch/arch/arm/core/aarch32/cortex_m/libarch__arm__core__aarch32__cortex_m.a(reset.S.obj)
                0x0000000000003338                z_arm_reset
                0x0000000000003338                __start
 .text.sys_arch_reboot
                0x0000000000003398       0x24 zephyr/arch/arch/arm/core/aarch32/cortex_m/libarch__arm__core__aarch32__cortex_m.a(scb.c.obj)
                0x0000000000003398                sys_arch_reboot
 .text.z_arm_clear_arm_mpu_config
                0x00000000000033bc       0x24 zephyr/arch/arch/arm/core/aarch32/cortex_m/libarch__arm__core__aarch32__cortex_m.a(scb.c.obj)
                0x00000000000033bc                z_arm_clear_arm_mpu_config
 .text.z_arm_init_arch_hw_at_boot
                0x00000000000033e0       0x4c zephyr/arch/arch/arm/core/aarch32/cortex_m/libarch__arm__core__aarch32__cortex_m.a(scb.c.obj)
                0x00000000000033e0                z_arm_init_arch_hw_at_boot
 .text.z_impl_k_thread_abort
                0x000000000000342c       0x2c zephyr/arch/arch/arm/core/aarch32/cortex_m/libarch__arm__core__aarch32__cortex_m.a(thread_abort.c.obj)
                0x000000000000342c                z_impl_k_thread_abort
 .text.snprintf
                0x0000000000003458       0x34 zephyr/lib/libc/minimal/liblib__libc__minimal.a(sprintf.c.obj)
                0x0000000000003458                snprintf
 .text.onoff_stop
                0x000000000000348c       0x30 zephyr/drivers/clock_control/libdrivers__clock_control.a(clock_control_nrf.c.obj)
 .text.onoff_start
                0x00000000000034bc       0x44 zephyr/drivers/clock_control/libdrivers__clock_control.a(clock_control_nrf.c.obj)
 .text.clk_init
                0x0000000000003500       0x58 zephyr/drivers/clock_control/libdrivers__clock_control.a(clock_control_nrf.c.obj)
 .text.clkstarted_handle.constprop.0
                0x0000000000003558       0x34 zephyr/drivers/clock_control/libdrivers__clock_control.a(clock_control_nrf.c.obj)
 .text.clock_event_handler
                0x000000000000358c       0x1c zephyr/drivers/clock_control/libdrivers__clock_control.a(clock_control_nrf.c.obj)
 .text.generic_hfclk_start
                0x00000000000035a8       0x64 zephyr/drivers/clock_control/libdrivers__clock_control.a(clock_control_nrf.c.obj)
 .text.api_blocking_start
                0x000000000000360c       0x34 zephyr/drivers/clock_control/libdrivers__clock_control.a(clock_control_nrf.c.obj)
 .text.generic_hfclk_stop
                0x0000000000003640       0x24 zephyr/drivers/clock_control/libdrivers__clock_control.a(clock_control_nrf.c.obj)
 .text.z_nrf_clock_control_lf_on
                0x0000000000003664       0xfc zephyr/drivers/clock_control/libdrivers__clock_control.a(clock_control_nrf.c.obj)
                0x0000000000003664                z_nrf_clock_control_lf_on
 .text.gpio_nrfx_pin_interrupt_configure
                0x0000000000003760       0xc8 zephyr/drivers/gpio/libdrivers__gpio.a(gpio_nrfx.c.obj)
 .text.gpio_nrfx_init
                0x0000000000003828       0x38 zephyr/drivers/gpio/libdrivers__gpio.a(gpio_nrfx.c.obj)
 .text.nrfx_gpio_handler
                0x0000000000003860       0x3c zephyr/drivers/gpio/libdrivers__gpio.a(gpio_nrfx.c.obj)
 .text.gpio_nrfx_pin_configure
                0x000000000000389c      0x124 zephyr/drivers/gpio/libdrivers__gpio.a(gpio_nrfx.c.obj)
 .text.regulator_fixed_init_sync
                0x00000000000039c0       0x90 zephyr/drivers/regulator/libdrivers__regulator.a(regulator_fixed.c.obj)
 .text.flash_nrf_pages_layout
                0x0000000000003a50       0x10 zephyr/drivers/flash/libdrivers__flash.a(soc_flash_nrf.c.obj)
 .text.flash_nrf_get_parameters
                0x0000000000003a60        0x8 zephyr/drivers/flash/libdrivers__flash.a(soc_flash_nrf.c.obj)
 .text.flash_nrf_read
                0x0000000000003a68       0x38 zephyr/drivers/flash/libdrivers__flash.a(soc_flash_nrf.c.obj)
 .text.nrf_flash_init
                0x0000000000003aa0       0x28 zephyr/drivers/flash/libdrivers__flash.a(soc_flash_nrf.c.obj)
 .text.flash_nrf_erase
                0x0000000000003ac8       0x84 zephyr/drivers/flash/libdrivers__flash.a(soc_flash_nrf.c.obj)
 .text.flash_nrf_write
                0x0000000000003b4c       0x84 zephyr/drivers/flash/libdrivers__flash.a(soc_flash_nrf.c.obj)
 .text.uarte_nrfx_configure
                0x0000000000003bd0      0x168 zephyr/drivers/serial/libdrivers__serial.a(uart_nrfx_uarte.c.obj)
 .text.uarte_0_init
                0x0000000000003d38       0xf8 zephyr/drivers/serial/libdrivers__serial.a(uart_nrfx_uarte.c.obj)
 .text.uarte_nrfx_poll_out
                0x0000000000003e30       0x98 zephyr/drivers/serial/libdrivers__serial.a(uart_nrfx_uarte.c.obj)
 .text.compare_int_lock
                0x0000000000003ec8       0x40 zephyr/drivers/timer/libdrivers__timer.a(nrf_rtc_timer.c.obj)
 .text.sys_clock_timeout_handler
                0x0000000000003f08       0x80 zephyr/drivers/timer/libdrivers__timer.a(nrf_rtc_timer.c.obj)
 .text.compare_int_unlock
                0x0000000000003f88       0x4c zephyr/drivers/timer/libdrivers__timer.a(nrf_rtc_timer.c.obj)
 .text.z_nrf_rtc_timer_read
                0x0000000000003fd4       0x44 zephyr/drivers/timer/libdrivers__timer.a(nrf_rtc_timer.c.obj)
                0x0000000000003fd4                z_nrf_rtc_timer_read
 .text.compare_set
                0x0000000000004018      0x140 zephyr/drivers/timer/libdrivers__timer.a(nrf_rtc_timer.c.obj)
 .text.sys_clock_driver_init
                0x0000000000004158       0x80 zephyr/drivers/timer/libdrivers__timer.a(nrf_rtc_timer.c.obj)
 .text.rtc_nrf_isr
                0x00000000000041d8       0xdc zephyr/drivers/timer/libdrivers__timer.a(nrf_rtc_timer.c.obj)
                0x00000000000041d8                rtc_nrf_isr
 .text.sys_clock_set_timeout
                0x00000000000042b4       0x60 zephyr/drivers/timer/libdrivers__timer.a(nrf_rtc_timer.c.obj)
                0x00000000000042b4                sys_clock_set_timeout
 .text.sys_clock_elapsed
                0x0000000000004314       0x14 zephyr/drivers/timer/libdrivers__timer.a(nrf_rtc_timer.c.obj)
                0x0000000000004314                sys_clock_elapsed
 .text.pinctrl_configure_pins
                0x0000000000004328      0x108 zephyr/drivers/pinctrl/libdrivers__pinctrl.a(pinctrl_nrf.c.obj)
                0x0000000000004328                pinctrl_configure_pins
 .text.fprotect_area
                0x0000000000004430       0x3c modules/nrf/lib/fprotect/lib..__nrf__lib__fprotect.a(fprotect_spu.c.obj)
                0x0000000000004430                fprotect_area
 .text.k_sys_fatal_error_handler
                0x000000000000446c       0x14 modules/nrf/lib/fatal_error/lib..__nrf__lib__fatal_error.a(fatal_error.c.obj)
                0x000000000000446c                k_sys_fatal_error_handler
 .text.boot_write_magic
                0x0000000000004480       0x40 modules/mcuboot/boot/bootutil/zephyr/libmcuboot_util.a(bootutil_public.c.obj)
                0x0000000000004480                boot_write_magic
 .text.boot_read_swap_state
                0x00000000000044c0       0xac modules/mcuboot/boot/bootutil/zephyr/libmcuboot_util.a(bootutil_public.c.obj)
                0x00000000000044c0                boot_read_swap_state
 .text.boot_swap_type_multi
                0x000000000000456c       0xec modules/mcuboot/boot/bootutil/zephyr/libmcuboot_util.a(bootutil_public.c.obj)
                0x000000000000456c                boot_swap_type_multi
 .text.SystemInit
                0x0000000000004658      0x198 modules/hal_nordic/nrfx/libmodules__hal_nordic__nrfx.a(system_nrf9160.c.obj)
                0x0000000000004658                SystemInit
 .text.nrfx_flag32_alloc
                0x00000000000047f0       0x38 modules/hal_nordic/nrfx/libmodules__hal_nordic__nrfx.a(nrfx_flag32_allocator.c.obj)
                0x00000000000047f0                nrfx_flag32_alloc
 .text.nrfx_flag32_free
                0x0000000000004828       0x38 modules/hal_nordic/nrfx/libmodules__hal_nordic__nrfx.a(nrfx_flag32_allocator.c.obj)
                0x0000000000004828                nrfx_flag32_free
 .text.nrfx_clock_init
                0x0000000000004860       0x20 modules/hal_nordic/nrfx/libmodules__hal_nordic__nrfx.a(nrfx_clock.c.obj)
                0x0000000000004860                nrfx_clock_init
 .text.nrfx_power_clock_irq_handler
                0x0000000000004880       0x68 modules/hal_nordic/nrfx/libmodules__hal_nordic__nrfx.a(nrfx_clock.c.obj)
                0x0000000000004880                nrfx_power_clock_irq_handler
 .text.nrfx_dppi_channel_alloc
                0x00000000000048e8        0xc modules/hal_nordic/nrfx/libmodules__hal_nordic__nrfx.a(nrfx_dppi.c.obj)
                0x00000000000048e8                nrfx_dppi_channel_alloc
 .text.nrf_gpio_cfg_sense_set
                0x00000000000048f4       0x20 modules/hal_nordic/nrfx/libmodules__hal_nordic__nrfx.a(nrfx_gpiote.c.obj)
 .text.pin_in_use_by_te
                0x0000000000004914       0x14 modules/hal_nordic/nrfx/libmodules__hal_nordic__nrfx.a(nrfx_gpiote.c.obj)
 .text.call_handler
                0x0000000000004928       0x3c modules/hal_nordic/nrfx/libmodules__hal_nordic__nrfx.a(nrfx_gpiote.c.obj)
 .text.release_handler
                0x0000000000004964       0x58 modules/hal_nordic/nrfx/libmodules__hal_nordic__nrfx.a(nrfx_gpiote.c.obj)
 .text.pin_handler_trigger_uninit
                0x00000000000049bc       0x3c modules/hal_nordic/nrfx/libmodules__hal_nordic__nrfx.a(nrfx_gpiote.c.obj)
 .text.nrfx_gpiote_input_configure
                0x00000000000049f8      0x158 modules/hal_nordic/nrfx/libmodules__hal_nordic__nrfx.a(nrfx_gpiote.c.obj)
                0x00000000000049f8                nrfx_gpiote_input_configure
 .text.nrfx_gpiote_output_configure
                0x0000000000004b50      0x100 modules/hal_nordic/nrfx/libmodules__hal_nordic__nrfx.a(nrfx_gpiote.c.obj)
                0x0000000000004b50                nrfx_gpiote_output_configure
 .text.nrfx_gpiote_global_callback_set
                0x0000000000004c50        0xc modules/hal_nordic/nrfx/libmodules__hal_nordic__nrfx.a(nrfx_gpiote.c.obj)
                0x0000000000004c50                nrfx_gpiote_global_callback_set
 .text.nrfx_gpiote_channel_get
                0x0000000000004c5c       0x2c modules/hal_nordic/nrfx/libmodules__hal_nordic__nrfx.a(nrfx_gpiote.c.obj)
                0x0000000000004c5c                nrfx_gpiote_channel_get
 .text.nrfx_gpiote_init
                0x0000000000004c88       0x50 modules/hal_nordic/nrfx/libmodules__hal_nordic__nrfx.a(nrfx_gpiote.c.obj)
                0x0000000000004c88                nrfx_gpiote_init
 .text.nrfx_gpiote_is_init
                0x0000000000004cd8       0x14 modules/hal_nordic/nrfx/libmodules__hal_nordic__nrfx.a(nrfx_gpiote.c.obj)
                0x0000000000004cd8                nrfx_gpiote_is_init
 .text.nrfx_gpiote_channel_free
                0x0000000000004cec        0xc modules/hal_nordic/nrfx/libmodules__hal_nordic__nrfx.a(nrfx_gpiote.c.obj)
                0x0000000000004cec                nrfx_gpiote_channel_free
 .text.nrfx_gpiote_channel_alloc
                0x0000000000004cf8        0xc modules/hal_nordic/nrfx/libmodules__hal_nordic__nrfx.a(nrfx_gpiote.c.obj)
                0x0000000000004cf8                nrfx_gpiote_channel_alloc
 .text.nrfx_gpiote_trigger_enable
                0x0000000000004d04       0x88 modules/hal_nordic/nrfx/libmodules__hal_nordic__nrfx.a(nrfx_gpiote.c.obj)
                0x0000000000004d04                nrfx_gpiote_trigger_enable
 .text.nrfx_gpiote_trigger_disable
                0x0000000000004d8c       0x50 modules/hal_nordic/nrfx/libmodules__hal_nordic__nrfx.a(nrfx_gpiote.c.obj)
                0x0000000000004d8c                nrfx_gpiote_trigger_disable
 .text.nrfx_gpiote_pin_uninit
                0x0000000000004ddc       0x44 modules/hal_nordic/nrfx/libmodules__hal_nordic__nrfx.a(nrfx_gpiote.c.obj)
                0x0000000000004ddc                nrfx_gpiote_pin_uninit
 .text.nrfx_gpiote_irq_handler
                0x0000000000004e20      0x154 modules/hal_nordic/nrfx/libmodules__hal_nordic__nrfx.a(nrfx_gpiote.c.obj)
                0x0000000000004e20                nrfx_gpiote_irq_handler
 .text.nvmc_readonly_mode_set
                0x0000000000004f74       0x14 modules/hal_nordic/nrfx/libmodules__hal_nordic__nrfx.a(nrfx_nvmc.c.obj)
 .text.nvmc_word_write
                0x0000000000004f88       0x18 modules/hal_nordic/nrfx/libmodules__hal_nordic__nrfx.a(nrfx_nvmc.c.obj)
 .text.nrfx_nvmc_page_erase
                0x0000000000004fa0       0x3c modules/hal_nordic/nrfx/libmodules__hal_nordic__nrfx.a(nrfx_nvmc.c.obj)
                0x0000000000004fa0                nrfx_nvmc_page_erase
 .text.nrfx_nvmc_word_write
                0x0000000000004fdc       0x20 modules/hal_nordic/nrfx/libmodules__hal_nordic__nrfx.a(nrfx_nvmc.c.obj)
                0x0000000000004fdc                nrfx_nvmc_word_write
 .text.z_fatal_error
                0x0000000000004ffc       0x9c zephyr/kernel/libkernel.a(fatal.c.obj)
                0x0000000000004ffc                z_fatal_error
 .text.z_sys_init_run_level
                0x0000000000005098       0x44 zephyr/kernel/libkernel.a(init.c.obj)
 .text.bg_thread_main
                0x00000000000050dc       0x34 zephyr/kernel/libkernel.a(init.c.obj)
 .text.z_bss_zero
                0x0000000000005110       0x18 zephyr/kernel/libkernel.a(init.c.obj)
                0x0000000000005110                z_bss_zero
 .text.z_init_cpu
                0x0000000000005128       0x68 zephyr/kernel/libkernel.a(init.c.obj)
                0x0000000000005128                z_init_cpu
 .text.z_cstart
                0x0000000000005190       0xd4 zephyr/kernel/libkernel.a(init.c.obj)
                0x0000000000005190                z_cstart
 .text.init_mem_slab_module
                0x0000000000005264       0x24 zephyr/kernel/libkernel.a(mem_slab.c.obj)
 .text.k_mem_slab_alloc
                0x0000000000005288       0x5c zephyr/kernel/libkernel.a(mem_slab.c.obj)
                0x0000000000005288                k_mem_slab_alloc
 .text.z_setup_new_thread
                0x00000000000052e4       0x60 zephyr/kernel/libkernel.a(thread.c.obj)
                0x00000000000052e4                z_setup_new_thread
 .text.z_init_static_threads
                0x0000000000005344       0xb8 zephyr/kernel/libkernel.a(thread.c.obj)
                0x0000000000005344                z_init_static_threads
 .text.z_impl_k_mutex_lock
                0x00000000000053fc       0xf4 zephyr/kernel/libkernel.a(mutex.c.obj)
                0x00000000000053fc                z_impl_k_mutex_lock
 .text.z_impl_k_mutex_unlock
                0x00000000000054f0       0x78 zephyr/kernel/libkernel.a(mutex.c.obj)
                0x00000000000054f0                z_impl_k_mutex_unlock
 .text.z_impl_k_sem_give
                0x0000000000005568       0x40 zephyr/kernel/libkernel.a(sem.c.obj)
                0x0000000000005568                z_impl_k_sem_give
 .text.z_impl_k_sem_take
                0x00000000000055a8       0x50 zephyr/kernel/libkernel.a(sem.c.obj)
                0x00000000000055a8                z_impl_k_sem_take
 .text.z_reset_time_slice
                0x00000000000055f8       0x28 zephyr/kernel/libkernel.a(sched.c.obj)
                0x00000000000055f8                z_reset_time_slice
 .text.update_cache
                0x0000000000005620       0x3c zephyr/kernel/libkernel.a(sched.c.obj)
 .text.move_thread_to_end_of_prio_q
                0x000000000000565c       0x74 zephyr/kernel/libkernel.a(sched.c.obj)
 .text.ready_thread
                0x00000000000056d0       0x68 zephyr/kernel/libkernel.a(sched.c.obj)
 .text.unready_thread
                0x0000000000005738       0x30 zephyr/kernel/libkernel.a(sched.c.obj)
 .text.pend_locked
                0x0000000000005768       0x30 zephyr/kernel/libkernel.a(sched.c.obj)
 .text.k_sched_time_slice_set
                0x0000000000005798       0x64 zephyr/kernel/libkernel.a(sched.c.obj)
                0x0000000000005798                k_sched_time_slice_set
 .text.z_time_slice
                0x00000000000057fc       0x84 zephyr/kernel/libkernel.a(sched.c.obj)
                0x00000000000057fc                z_time_slice
 .text.z_pend_curr
                0x0000000000005880       0x3c zephyr/kernel/libkernel.a(sched.c.obj)
                0x0000000000005880                z_pend_curr
 .text.z_set_prio
                0x00000000000058bc       0x8c zephyr/kernel/libkernel.a(sched.c.obj)
                0x00000000000058bc                z_set_prio
 .text.z_reschedule
                0x0000000000005948       0x24 zephyr/kernel/libkernel.a(sched.c.obj)
                0x0000000000005948                z_reschedule
 .text.z_sched_start
                0x000000000000596c       0x3c zephyr/kernel/libkernel.a(sched.c.obj)
                0x000000000000596c                z_sched_start
 .text.z_impl_k_thread_suspend
                0x00000000000059a8       0x64 zephyr/kernel/libkernel.a(sched.c.obj)
                0x00000000000059a8                z_impl_k_thread_suspend
 .text.k_sched_lock
                0x0000000000005a0c       0x28 zephyr/kernel/libkernel.a(sched.c.obj)
                0x0000000000005a0c                k_sched_lock
 .text.k_sched_unlock
                0x0000000000005a34       0x38 zephyr/kernel/libkernel.a(sched.c.obj)
                0x0000000000005a34                k_sched_unlock
 .text.z_sched_init
                0x0000000000005a6c       0x18 zephyr/kernel/libkernel.a(sched.c.obj)
                0x0000000000005a6c                z_sched_init
 .text.z_impl_k_yield
                0x0000000000005a84       0x7c zephyr/kernel/libkernel.a(sched.c.obj)
                0x0000000000005a84                z_impl_k_yield
 .text.z_tick_sleep
                0x0000000000005b00       0x88 zephyr/kernel/libkernel.a(sched.c.obj)
 .text.z_impl_k_sleep
                0x0000000000005b88       0x34 zephyr/kernel/libkernel.a(sched.c.obj)
                0x0000000000005b88                z_impl_k_sleep
 .text.z_impl_z_current_get
                0x0000000000005bbc        0xc zephyr/kernel/libkernel.a(sched.c.obj)
                0x0000000000005bbc                z_impl_z_current_get
 .text.z_thread_abort
                0x0000000000005bc8       0xc0 zephyr/kernel/libkernel.a(sched.c.obj)
                0x0000000000005bc8                z_thread_abort
 .text.z_data_copy
                0x0000000000005c88       0x34 zephyr/kernel/libkernel.a(xip.c.obj)
                0x0000000000005c88                z_data_copy
 .text.elapsed  0x0000000000005cbc       0x14 zephyr/kernel/libkernel.a(timeout.c.obj)
 .text.next_timeout
                0x0000000000005cd0       0x50 zephyr/kernel/libkernel.a(timeout.c.obj)
 .text.remove_timeout
                0x0000000000005d20       0x38 zephyr/kernel/libkernel.a(timeout.c.obj)
 .text.z_add_timeout
                0x0000000000005d58       0xfc zephyr/kernel/libkernel.a(timeout.c.obj)
                0x0000000000005d58                z_add_timeout
 .text.sys_clock_announce
                0x0000000000005e54       0xb8 zephyr/kernel/libkernel.a(timeout.c.obj)
                0x0000000000005e54                sys_clock_announce
 .text.sys_clock_tick_get
                0x0000000000005f0c       0x34 zephyr/kernel/libkernel.a(timeout.c.obj)
                0x0000000000005f0c                sys_clock_tick_get
 .text.boot_banner
                0x0000000000005f40        0xc zephyr/kernel/libkernel.a(banner.c.obj)
                0x0000000000005f40                boot_banner
 .text.nrf_cc3xx_platform_init_no_rng
                0x0000000000005f4c       0x38 /home/jforgue/zephyr-cell-new/nrfxlib/crypto/nrf_cc310_platform/lib/cortex-m33/hard-float/no-interrupts/libnrf_cc310_platform_0.9.16.a(nrf_cc3xx_platform.c.obj)
                0x0000000000005f4c                nrf_cc3xx_platform_init_no_rng
 .text.nrf_cc3xx_platform_abort
                0x0000000000005f84       0x24 /home/jforgue/zephyr-cell-new/nrfxlib/crypto/nrf_cc310_platform/lib/cortex-m33/hard-float/no-interrupts/libnrf_cc310_platform_0.9.16.a(nrf_cc3xx_platform_abort.c.obj)
 .text.CC_PalAbort
                0x0000000000005fa8       0x34 /home/jforgue/zephyr-cell-new/nrfxlib/crypto/nrf_cc310_platform/lib/cortex-m33/hard-float/no-interrupts/libnrf_cc310_platform_0.9.16.a(nrf_cc3xx_platform_abort.c.obj)
                0x0000000000005fa8                CC_PalAbort
 .text.nrf_cc3xx_platform_set_abort
                0x0000000000005fdc       0x10 /home/jforgue/zephyr-cell-new/nrfxlib/crypto/nrf_cc310_platform/lib/cortex-m33/hard-float/no-interrupts/libnrf_cc310_platform_0.9.16.a(nrf_cc3xx_platform_abort.c.obj)
                0x0000000000005fdc                nrf_cc3xx_platform_set_abort
 .text.mutex_free
                0x0000000000005fec       0x34 /home/jforgue/zephyr-cell-new/nrfxlib/crypto/nrf_cc310_platform/lib/cortex-m33/hard-float/no-interrupts/libnrf_cc310_platform_0.9.16.a(nrf_cc3xx_platform_mutex.c.obj)
 .text.mutex_lock
                0x0000000000006020       0x48 /home/jforgue/zephyr-cell-new/nrfxlib/crypto/nrf_cc310_platform/lib/cortex-m33/hard-float/no-interrupts/libnrf_cc310_platform_0.9.16.a(nrf_cc3xx_platform_mutex.c.obj)
 .text.mutex_unlock
                0x0000000000006068       0x38 /home/jforgue/zephyr-cell-new/nrfxlib/crypto/nrf_cc310_platform/lib/cortex-m33/hard-float/no-interrupts/libnrf_cc310_platform_0.9.16.a(nrf_cc3xx_platform_mutex.c.obj)
 .text.mutex_init
                0x00000000000060a0       0x20 /home/jforgue/zephyr-cell-new/nrfxlib/crypto/nrf_cc310_platform/lib/cortex-m33/hard-float/no-interrupts/libnrf_cc310_platform_0.9.16.a(nrf_cc3xx_platform_mutex.c.obj)
 .text.nrf_cc3xx_platform_set_mutexes
                0x00000000000060c0       0x74 /home/jforgue/zephyr-cell-new/nrfxlib/crypto/nrf_cc310_platform/lib/cortex-m33/hard-float/no-interrupts/libnrf_cc310_platform_0.9.16.a(nrf_cc3xx_platform_mutex.c.obj)
                0x00000000000060c0                nrf_cc3xx_platform_set_mutexes
 .text.mbedtls_platform_zeroize
                0x0000000000006134       0x14 /home/jforgue/zephyr-cell-new/nrfxlib/crypto/nrf_cc310_platform/lib/cortex-m33/hard-float/no-interrupts/libnrf_cc310_platform_0.9.16.a(mbedtls_common.c.obj)
                0x0000000000006134                mbedtls_platform_zeroize
 .text.CC_LibInitNoRng
                0x0000000000006148       0x64 /home/jforgue/zephyr-cell-new/nrfxlib/crypto/nrf_cc310_platform/lib/cortex-m33/hard-float/no-interrupts/libnrf_cc310_platform_0.9.16.a(cc_lib.c.obj)
                0x0000000000006148                CC_LibInitNoRng
 .text.CC_HalInit
                0x00000000000061ac        0x4 /home/jforgue/zephyr-cell-new/nrfxlib/crypto/nrf_cc310_platform/lib/cortex-m33/hard-float/no-interrupts/libnrf_cc310_platform_0.9.16.a(cc_hal.c.obj)
                0x00000000000061ac                CC_HalInit
 .text.CC_HalTerminate
                0x00000000000061b0        0x4 /home/jforgue/zephyr-cell-new/nrfxlib/crypto/nrf_cc310_platform/lib/cortex-m33/hard-float/no-interrupts/libnrf_cc310_platform_0.9.16.a(cc_hal.c.obj)
                0x00000000000061b0                CC_HalTerminate
 .text.CC_HalMaskInterrupt
                0x00000000000061b4        0xc /home/jforgue/zephyr-cell-new/nrfxlib/crypto/nrf_cc310_platform/lib/cortex-m33/hard-float/no-interrupts/libnrf_cc310_platform_0.9.16.a(cc_hal.c.obj)
                0x00000000000061b4                CC_HalMaskInterrupt
 .text.CC_PalInit
                0x00000000000061c0       0x5c /home/jforgue/zephyr-cell-new/nrfxlib/crypto/nrf_cc310_platform/lib/cortex-m33/hard-float/no-interrupts/libnrf_cc310_platform_0.9.16.a(cc_pal.c.obj)
                0x00000000000061c0                CC_PalInit
 .text.CC_PalTerminate
                0x000000000000621c       0x34 /home/jforgue/zephyr-cell-new/nrfxlib/crypto/nrf_cc310_platform/lib/cortex-m33/hard-float/no-interrupts/libnrf_cc310_platform_0.9.16.a(cc_pal.c.obj)
                0x000000000000621c                CC_PalTerminate
 .text.CC_PalDmaInit
                0x0000000000006250        0x4 /home/jforgue/zephyr-cell-new/nrfxlib/crypto/nrf_cc310_platform/lib/cortex-m33/hard-float/no-interrupts/libnrf_cc310_platform_0.9.16.a(cc_pal_dma.c.obj)
                0x0000000000006250                CC_PalDmaInit
 .text.CC_PalDmaTerminate
                0x0000000000006254        0x4 /home/jforgue/zephyr-cell-new/nrfxlib/crypto/nrf_cc310_platform/lib/cortex-m33/hard-float/no-interrupts/libnrf_cc310_platform_0.9.16.a(cc_pal_dma.c.obj)
                0x0000000000006254                CC_PalDmaTerminate
 .text.CC_PalMutexCreate
                0x0000000000006258       0x14 /home/jforgue/zephyr-cell-new/nrfxlib/crypto/nrf_cc310_platform/lib/cortex-m33/hard-float/no-interrupts/libnrf_cc310_platform_0.9.16.a(cc_pal_mutex.c.obj)
                0x0000000000006258                CC_PalMutexCreate
 .text.CC_PalMutexDestroy
                0x000000000000626c       0x14 /home/jforgue/zephyr-cell-new/nrfxlib/crypto/nrf_cc310_platform/lib/cortex-m33/hard-float/no-interrupts/libnrf_cc310_platform_0.9.16.a(cc_pal_mutex.c.obj)
                0x000000000000626c                CC_PalMutexDestroy
 .text.CC_PalPowerSaveModeInit
                0x0000000000006280       0x3c /home/jforgue/zephyr-cell-new/nrfxlib/crypto/nrf_cc310_platform/lib/cortex-m33/hard-float/no-interrupts/libnrf_cc310_platform_0.9.16.a(cc_pal_pm.c.obj)
                0x0000000000006280                CC_PalPowerSaveModeInit
 .text.CC_PalPowerSaveModeSelect
                0x00000000000062bc       0x84 /home/jforgue/zephyr-cell-new/nrfxlib/crypto/nrf_cc310_platform/lib/cortex-m33/hard-float/no-interrupts/libnrf_cc310_platform_0.9.16.a(cc_pal_pm.c.obj)
                0x00000000000062bc                CC_PalPowerSaveModeSelect
 .text.verify_context_ecdsa_verify_secp256r1
                0x0000000000006340       0x20 /home/jforgue/zephyr-cell-new/nrfxlib/crypto/nrf_cc310_bl/lib/cortex-m33/hard-float/no-interrupts/libnrf_cc310_bl_0.9.12.a(nrf_cc310_bl_ecdsa_verify_secp256r1.c.obj)
 .text.nrf_cc310_bl_ecdsa_verify_init_secp256r1
                0x0000000000006360       0x4c /home/jforgue/zephyr-cell-new/nrfxlib/crypto/nrf_cc310_bl/lib/cortex-m33/hard-float/no-interrupts/libnrf_cc310_bl_0.9.12.a(nrf_cc310_bl_ecdsa_verify_secp256r1.c.obj)
                0x0000000000006360                nrf_cc310_bl_ecdsa_verify_init_secp256r1
 .text.nrf_cc310_bl_ecdsa_verify_hash_secp256r1
                0x00000000000063ac      0x168 /home/jforgue/zephyr-cell-new/nrfxlib/crypto/nrf_cc310_bl/lib/cortex-m33/hard-float/no-interrupts/libnrf_cc310_bl_0.9.12.a(nrf_cc310_bl_ecdsa_verify_secp256r1.c.obj)
                0x00000000000063ac                nrf_cc310_bl_ecdsa_verify_hash_secp256r1
 .text.set_digest_in_hw_sha256
                0x0000000000006514       0x38 /home/jforgue/zephyr-cell-new/nrfxlib/crypto/nrf_cc310_bl/lib/cortex-m33/hard-float/no-interrupts/libnrf_cc310_bl_0.9.12.a(nrf_cc310_bl_hash_sha256.c.obj)
 .text.read_digest_in_hw_sha256
                0x000000000000654c       0x54 /home/jforgue/zephyr-cell-new/nrfxlib/crypto/nrf_cc310_bl/lib/cortex-m33/hard-float/no-interrupts/libnrf_cc310_bl_0.9.12.a(nrf_cc310_bl_hash_sha256.c.obj)
 .text.verify_context_hash_sha256
                0x00000000000065a0       0x20 /home/jforgue/zephyr-cell-new/nrfxlib/crypto/nrf_cc310_bl/lib/cortex-m33/hard-float/no-interrupts/libnrf_cc310_bl_0.9.12.a(nrf_cc310_bl_hash_sha256.c.obj)
 .text.nrf_cc310_bl_hash_sha256_init
                0x00000000000065c0       0x34 /home/jforgue/zephyr-cell-new/nrfxlib/crypto/nrf_cc310_bl/lib/cortex-m33/hard-float/no-interrupts/libnrf_cc310_bl_0.9.12.a(nrf_cc310_bl_hash_sha256.c.obj)
                0x00000000000065c0                nrf_cc310_bl_hash_sha256_init
 .text.nrf_cc310_bl_hash_sha256_update
                0x00000000000065f4       0xb0 /home/jforgue/zephyr-cell-new/nrfxlib/crypto/nrf_cc310_bl/lib/cortex-m33/hard-float/no-interrupts/libnrf_cc310_bl_0.9.12.a(nrf_cc310_bl_hash_sha256.c.obj)
                0x00000000000065f4                nrf_cc310_bl_hash_sha256_update
 .text.nrf_cc310_bl_hash_sha256_finalize
                0x00000000000066a4       0x60 /home/jforgue/zephyr-cell-new/nrfxlib/crypto/nrf_cc310_bl/lib/cortex-m33/hard-float/no-interrupts/libnrf_cc310_bl_0.9.12.a(nrf_cc310_bl_hash_sha256.c.obj)
                0x00000000000066a4                nrf_cc310_bl_hash_sha256_finalize
 .text.nrf_cc310_bl_init
                0x0000000000006704       0x34 /home/jforgue/zephyr-cell-new/nrfxlib/crypto/nrf_cc310_bl/lib/cortex-m33/hard-float/no-interrupts/libnrf_cc310_bl_0.9.12.a(nrf_cc310_bl_init.c.obj)
                0x0000000000006704                nrf_cc310_bl_init
 .text.PkaSetRegsMapTab
                0x0000000000006738       0x48 /home/jforgue/zephyr-cell-new/nrfxlib/crypto/nrf_cc310_bl/lib/cortex-m33/hard-float/no-interrupts/libnrf_cc310_bl_0.9.12.a(pka.c.obj)
                0x0000000000006738                PkaSetRegsMapTab
 .text.PkaGetRegEffectiveSizeInBits
                0x0000000000006780       0x8c /home/jforgue/zephyr-cell-new/nrfxlib/crypto/nrf_cc310_bl/lib/cortex-m33/hard-float/no-interrupts/libnrf_cc310_bl_0.9.12.a(pka.c.obj)
                0x0000000000006780                PkaGetRegEffectiveSizeInBits
 .text.PkaGetNextMsBit
                0x000000000000680c       0x7c /home/jforgue/zephyr-cell-new/nrfxlib/crypto/nrf_cc310_bl/lib/cortex-m33/hard-float/no-interrupts/libnrf_cc310_bl_0.9.12.a(pka.c.obj)
                0x000000000000680c                PkaGetNextMsBit
 .text.PkaSetRegsSizesTab
                0x0000000000006888       0x3c /home/jforgue/zephyr-cell-new/nrfxlib/crypto/nrf_cc310_bl/lib/cortex-m33/hard-float/no-interrupts/libnrf_cc310_bl_0.9.12.a(pka.c.obj)
                0x0000000000006888                PkaSetRegsSizesTab
 .text.PkaInitPka
                0x00000000000068c4       0x74 /home/jforgue/zephyr-cell-new/nrfxlib/crypto/nrf_cc310_bl/lib/cortex-m33/hard-float/no-interrupts/libnrf_cc310_bl_0.9.12.a(pka.c.obj)
                0x00000000000068c4                PkaInitPka
 .text.PkaClearBlockOfRegs
                0x0000000000006938      0x134 /home/jforgue/zephyr-cell-new/nrfxlib/crypto/nrf_cc310_bl/lib/cortex-m33/hard-float/no-interrupts/libnrf_cc310_bl_0.9.12.a(pka.c.obj)
                0x0000000000006938                PkaClearBlockOfRegs
 .text.PkaFinishAndMutexUnlock
                0x0000000000006a6c       0x24 /home/jforgue/zephyr-cell-new/nrfxlib/crypto/nrf_cc310_bl/lib/cortex-m33/hard-float/no-interrupts/libnrf_cc310_bl_0.9.12.a(pka.c.obj)
                0x0000000000006a6c                PkaFinishAndMutexUnlock
 .text.PkaCopyDataIntoPkaReg
                0x0000000000006a90       0xb8 /home/jforgue/zephyr-cell-new/nrfxlib/crypto/nrf_cc310_bl/lib/cortex-m33/hard-float/no-interrupts/libnrf_cc310_bl_0.9.12.a(pka.c.obj)
                0x0000000000006a90                PkaCopyDataIntoPkaReg
 .text.PkaEcdsaVerify
                0x0000000000006b48      0x284 /home/jforgue/zephyr-cell-new/nrfxlib/crypto/nrf_cc310_bl/lib/cortex-m33/hard-float/no-interrupts/libnrf_cc310_bl_0.9.12.a(pka_ec_wrst_dsa_verify.c.obj)
                0x0000000000006b48                PkaEcdsaVerify
 .text.nrf_cc310_bl_hash_update_internal
                0x0000000000006dcc       0xf0 /home/jforgue/zephyr-cell-new/nrfxlib/crypto/nrf_cc310_bl/lib/cortex-m33/hard-float/no-interrupts/libnrf_cc310_bl_0.9.12.a(nrf_cc310_bl_hash.c.obj)
                0x0000000000006dcc                nrf_cc310_bl_hash_update_internal
 .text.PkaDoubleMdf2Mdf
                0x0000000000006ebc      0x1ac /home/jforgue/zephyr-cell-new/nrfxlib/crypto/nrf_cc310_bl/lib/cortex-m33/hard-float/no-interrupts/libnrf_cc310_bl_0.9.12.a(pka_ec_wrst.c.obj)
                0x0000000000006ebc                PkaDoubleMdf2Mdf
 .text.PkaDoubleMdf2Jcb
                0x0000000000007068      0x178 /home/jforgue/zephyr-cell-new/nrfxlib/crypto/nrf_cc310_bl/lib/cortex-m33/hard-float/no-interrupts/libnrf_cc310_bl_0.9.12.a(pka_ec_wrst.c.obj)
                0x0000000000007068                PkaDoubleMdf2Jcb
 .text.PkaAddJcbAfn2Mdf
                0x00000000000071e0      0x194 /home/jforgue/zephyr-cell-new/nrfxlib/crypto/nrf_cc310_bl/lib/cortex-m33/hard-float/no-interrupts/libnrf_cc310_bl_0.9.12.a(pka_ec_wrst.c.obj)
                0x00000000000071e0                PkaAddJcbAfn2Mdf
 .text.PkaJcb2Afn
                0x0000000000007374       0xb0 /home/jforgue/zephyr-cell-new/nrfxlib/crypto/nrf_cc310_bl/lib/cortex-m33/hard-float/no-interrupts/libnrf_cc310_bl_0.9.12.a(pka_ec_wrst.c.obj)
                0x0000000000007374                PkaJcb2Afn
 .text.PkaAddAff
                0x0000000000007424      0x114 /home/jforgue/zephyr-cell-new/nrfxlib/crypto/nrf_cc310_bl/lib/cortex-m33/hard-float/no-interrupts/libnrf_cc310_bl_0.9.12.a(pka_ec_wrst.c.obj)
                0x0000000000007424                PkaAddAff
 .text.PkaSum2ScalarMullt
                0x0000000000007538      0x1e4 /home/jforgue/zephyr-cell-new/nrfxlib/crypto/nrf_cc310_bl/lib/cortex-m33/hard-float/no-interrupts/libnrf_cc310_bl_0.9.12.a(pka_ec_wrst.c.obj)
                0x0000000000007538                PkaSum2ScalarMullt
 .text.SaSi_HalClearInterruptBit
                0x000000000000771c        0xc /home/jforgue/zephyr-cell-new/nrfxlib/crypto/nrf_cc310_bl/lib/cortex-m33/hard-float/no-interrupts/libnrf_cc310_bl_0.9.12.a(ssi_hal.c.obj)
                0x000000000000771c                SaSi_HalClearInterruptBit
 .text.SaSi_HalMaskInterrupt
                0x0000000000007728        0xc /home/jforgue/zephyr-cell-new/nrfxlib/crypto/nrf_cc310_bl/lib/cortex-m33/hard-float/no-interrupts/libnrf_cc310_bl_0.9.12.a(ssi_hal.c.obj)
                0x0000000000007728                SaSi_HalMaskInterrupt
 .text.SaSi_HalWaitInterrupt
                0x0000000000007734       0x18 /home/jforgue/zephyr-cell-new/nrfxlib/crypto/nrf_cc310_bl/lib/cortex-m33/hard-float/no-interrupts/libnrf_cc310_bl_0.9.12.a(ssi_hal.c.obj)
                0x0000000000007734                SaSi_HalWaitInterrupt
 .text._OffsetAbsSyms
                0x000000000000774c        0x2 zephyr/CMakeFiles/offsets.dir/./arch/arm/core/offsets/offsets.c.obj
                0x000000000000774c                _OffsetAbsSyms
 .text.gpio_pin_get
                0x000000000000774e       0x28 app/libapp.a(main.c.obj)
 .text.gpio_pin_set.isra.0
                0x0000000000007776       0x20 app/libapp.a(main.c.obj)
 .text.gpio_pin_configure_dt.isra.0
                0x0000000000007796       0x2a app/libapp.a(main.c.obj)
 .text.flash_area_id_from_multi_image_slot
                0x00000000000077c0       0x12 app/libapp.a(flash_map_extended.c.obj)
                0x00000000000077c0                flash_area_id_from_multi_image_slot
 .text.flash_area_get_device_id
                0x00000000000077d2        0x4 app/libapp.a(flash_map_extended.c.obj)
                0x00000000000077d2                flash_area_get_device_id
 .text.os_heap_init
                0x00000000000077d6        0x2 app/libapp.a(os.c.obj)
                0x00000000000077d6                os_heap_init
 .text.bootutil_tlv_iter_begin
                0x00000000000077d8       0x9c app/libapp.a(tlv.c.obj)
                0x00000000000077d8                bootutil_tlv_iter_begin
 .text.bootutil_tlv_iter_next
                0x0000000000007874       0x98 app/libapp.a(tlv.c.obj)
                0x0000000000007874                bootutil_tlv_iter_next
 .text.bootutil_read_bigint
                0x000000000000790c       0x58 app/libapp.a(image_ec256.c.obj)
 .text.boot_fih_memequal
                0x0000000000007964        0x4 app/libapp.a(bootutil_misc.c.obj)
                0x0000000000007964                boot_fih_memequal
 .text.boot_trailer_sz
                0x0000000000007968        0xa app/libapp.a(bootutil_misc.c.obj)
                0x0000000000007968                boot_trailer_sz
 .text.boot_status_entries
                0x0000000000007972       0x1a app/libapp.a(bootutil_misc.c.obj)
                0x0000000000007972                boot_status_entries
 .text.boot_status_off
                0x000000000000798c       0x16 app/libapp.a(bootutil_misc.c.obj)
                0x000000000000798c                boot_status_off
 .text.boot_write_copy_done
                0x00000000000079a2       0x10 app/libapp.a(bootutil_misc.c.obj)
                0x00000000000079a2                boot_write_copy_done
 .text.boot_write_swap_size
                0x00000000000079b2       0x1e app/libapp.a(bootutil_misc.c.obj)
                0x00000000000079b2                boot_write_swap_size
 .text.boot_read_image_headers
                0x00000000000079d0       0x2c app/libapp.a(loader.c.obj)
 .text.boot_read_image_size.constprop.0.isra.0
                0x00000000000079fc       0x82 app/libapp.a(loader.c.obj)
 .text.boot_read_sectors
                0x0000000000007a7e       0x44 app/libapp.a(loader.c.obj)
 .text.boot_status_reset
                0x0000000000007ac2       0x12 app/libapp.a(loader.c.obj)
                0x0000000000007ac2                boot_status_reset
 .text.boot_status_is_reset
                0x0000000000007ad4       0x1a app/libapp.a(loader.c.obj)
                0x0000000000007ad4                boot_status_is_reset
 .text.boot_write_status
                0x0000000000007aee       0x64 app/libapp.a(loader.c.obj)
                0x0000000000007aee                boot_write_status
 .text.boot_erase_region
                0x0000000000007b52        0x4 app/libapp.a(loader.c.obj)
                0x0000000000007b52                boot_erase_region
 .text.swap_erase_trailer_sectors
                0x0000000000007b56       0x6c app/libapp.a(swap_misc.c.obj)
                0x0000000000007b56                swap_erase_trailer_sectors
 .text.swap_status_init
                0x0000000000007bc2       0x3e app/libapp.a(swap_misc.c.obj)
                0x0000000000007bc2                swap_status_init
 .text.swap_read_status
                0x0000000000007c00       0x7a app/libapp.a(swap_misc.c.obj)
                0x0000000000007c00                swap_read_status
 .text.swap_set_copy_done
                0x0000000000007c7a       0x24 app/libapp.a(swap_misc.c.obj)
                0x0000000000007c7a                swap_set_copy_done
 .text.swap_set_image_ok
                0x0000000000007c9e       0x3c app/libapp.a(swap_misc.c.obj)
                0x0000000000007c9e                swap_set_image_ok
 .text.boot_status_internal_off
                0x0000000000007cda       0x26 app/libapp.a(swap_move.c.obj)
                0x0000000000007cda                boot_status_internal_off
 .text.mbedtls_asn1_get_len
                0x0000000000007d00       0x98 app/libapp.a(asn1parse.c.obj)
                0x0000000000007d00                mbedtls_asn1_get_len
 .text.mbedtls_asn1_get_tag
                0x0000000000007d98       0x28 app/libapp.a(asn1parse.c.obj)
                0x0000000000007d98                mbedtls_asn1_get_tag
 .text.mbedtls_asn1_get_bitstring_null
                0x0000000000007dc0       0x28 app/libapp.a(asn1parse.c.obj)
                0x0000000000007dc0                mbedtls_asn1_get_bitstring_null
 .text.mbedtls_asn1_get_alg
                0x0000000000007de8       0x94 app/libapp.a(asn1parse.c.obj)
                0x0000000000007de8                mbedtls_asn1_get_alg
 .text.cc310_sha256_update
                0x0000000000007e7c       0x36 app/libapp.a(cc310_glue.c.obj)
                0x0000000000007e7c                cc310_sha256_update
 .text.crc16_itu_t
                0x0000000000007eb2       0x28 zephyr/libzephyr.a(crc16_sw.c.obj)
                0x0000000000007eb2                crc16_itu_t
 .text.arch_printk_char_out
                0x0000000000007eda        0x4 zephyr/libzephyr.a(printk.c.obj)
                0x0000000000007eda                arch_printk_char_out
 .text.printk   0x0000000000007ede       0x1a zephyr/libzephyr.a(printk.c.obj)
                0x0000000000007ede                printk
 .text.z_thread_entry
                0x0000000000007ef8       0x14 zephyr/libzephyr.a(thread_entry.c.obj)
                0x0000000000007ef8                z_thread_entry
 .text.process_recheck
                0x0000000000007f0c       0x38 zephyr/libzephyr.a(onoff.c.obj)
 .text.validate_args
                0x0000000000007f44       0x20 zephyr/libzephyr.a(onoff.c.obj)
 .text.notify_one
                0x0000000000007f64       0x2c zephyr/libzephyr.a(onoff.c.obj)
 .text.transition_complete
                0x0000000000007f90       0x1e zephyr/libzephyr.a(onoff.c.obj)
 .text.onoff_manager_init
                0x0000000000007fae       0x26 zephyr/libzephyr.a(onoff.c.obj)
                0x0000000000007fae                onoff_manager_init
 .text.onoff_request
                0x0000000000007fd4       0xb0 zephyr/libzephyr.a(onoff.c.obj)
                0x0000000000007fd4                onoff_request
 .text.onoff_sync_lock
                0x0000000000008084       0x16 zephyr/libzephyr.a(onoff.c.obj)
                0x0000000000008084                onoff_sync_lock
 .text.onoff_sync_finalize
                0x000000000000809a       0x40 zephyr/libzephyr.a(onoff.c.obj)
                0x000000000000809a                onoff_sync_finalize
 .text.sys_notify_validate
                0x00000000000080da       0x22 zephyr/libzephyr.a(notify.c.obj)
                0x00000000000080da                sys_notify_validate
 .text.sys_notify_finalize
                0x00000000000080fc       0x1a zephyr/libzephyr.a(notify.c.obj)
                0x00000000000080fc                sys_notify_finalize
 .text._ConfigAbsSyms
                0x0000000000008116        0x2 zephyr/libzephyr.a(configs.c.obj)
                0x0000000000008116                _ConfigAbsSyms
 .text.z_log_minimal_printk
                0x0000000000008118       0x1a zephyr/libzephyr.a(log_minimal.c.obj)
                0x0000000000008118                z_log_minimal_printk
 .text.flash_area_close
                0x0000000000008132        0x2 zephyr/libzephyr.a(flash_map.c.obj)
                0x0000000000008132                flash_area_close
 .text.flash_area_read
                0x0000000000008134       0x2a zephyr/libzephyr.a(flash_map.c.obj)
                0x0000000000008134                flash_area_read
 .text.flash_area_write
                0x000000000000815e       0x2a zephyr/libzephyr.a(flash_map.c.obj)
                0x000000000000815e                flash_area_write
 .text.flash_area_erase
                0x0000000000008188       0x2c zephyr/libzephyr.a(flash_map.c.obj)
                0x0000000000008188                flash_area_erase
 .text.flash_area_align
                0x00000000000081b4        0xe zephyr/libzephyr.a(flash_map.c.obj)
                0x00000000000081b4                flash_area_align
 .text.flash_area_erased_val
                0x00000000000081c2        0xe zephyr/libzephyr.a(flash_map.c.obj)
                0x00000000000081c2                flash_area_erased_val
 .text.get_sectors_cb
                0x00000000000081d0       0x44 zephyr/libzephyr.a(flash_map_layout.c.obj)
 .text.abort_function
                0x0000000000008214        0x8 zephyr/libzephyr.a(nrf_cc3xx_platform_abort_zephyr.c.obj)
 .text.console_write
                0x000000000000821c       0x1c zephyr/libzephyr.a(serial_adapter.c.obj)
                0x000000000000821c                console_write
 .text.initial_checks
                0x0000000000008238       0x16 zephyr/libzephyr.a(zcbor_decode.c.obj)
 .text.type_check
                0x000000000000824e       0x1e zephyr/libzephyr.a(zcbor_decode.c.obj)
 .text.value_extract
                0x000000000000826c       0x9c zephyr/libzephyr.a(zcbor_decode.c.obj)
 .text.str_start_decode
                0x0000000000008308       0x26 zephyr/libzephyr.a(zcbor_decode.c.obj)
 .text.list_map_start_decode
                0x000000000000832e       0x64 zephyr/libzephyr.a(zcbor_decode.c.obj)
 .text.list_map_end_decode
                0x0000000000008392       0x38 zephyr/libzephyr.a(zcbor_decode.c.obj)
 .text.str_decode
                0x00000000000083ca       0x32 zephyr/libzephyr.a(zcbor_decode.c.obj)
 .text.str_expect
                0x00000000000083fc       0x3e zephyr/libzephyr.a(zcbor_decode.c.obj)
 .text.zcbor_int64_decode
                0x000000000000843a       0x58 zephyr/libzephyr.a(zcbor_decode.c.obj)
                0x000000000000843a                zcbor_int64_decode
 .text.zcbor_int32_decode
                0x0000000000008492       0x38 zephyr/libzephyr.a(zcbor_decode.c.obj)
                0x0000000000008492                zcbor_int32_decode
 .text.zcbor_bstr_decode
                0x00000000000084ca        0x6 zephyr/libzephyr.a(zcbor_decode.c.obj)
                0x00000000000084ca                zcbor_bstr_decode
 .text.zcbor_tstr_expect
                0x00000000000084d0        0x6 zephyr/libzephyr.a(zcbor_decode.c.obj)
                0x00000000000084d0                zcbor_tstr_expect
 .text.zcbor_map_start_decode
                0x00000000000084d6       0x32 zephyr/libzephyr.a(zcbor_decode.c.obj)
                0x00000000000084d6                zcbor_map_start_decode
 .text.zcbor_map_end_decode
                0x0000000000008508        0x4 zephyr/libzephyr.a(zcbor_decode.c.obj)
                0x0000000000008508                zcbor_map_end_decode
 .text.zcbor_list_map_end_force_decode
                0x000000000000850c        0xa zephyr/libzephyr.a(zcbor_decode.c.obj)
                0x000000000000850c                zcbor_list_map_end_force_decode
 .text.zcbor_multi_decode
                0x0000000000008516       0x4e zephyr/libzephyr.a(zcbor_decode.c.obj)
                0x0000000000008516                zcbor_multi_decode
 .text.str_encode
                0x0000000000008564       0x6e zephyr/libzephyr.a(zcbor_encode.c.obj)
 .text.zcbor_int64_put
                0x00000000000085d2       0x28 zephyr/libzephyr.a(zcbor_encode.c.obj)
                0x00000000000085d2                zcbor_int64_put
 .text.zcbor_int32_put
                0x00000000000085fa        0x8 zephyr/libzephyr.a(zcbor_encode.c.obj)
                0x00000000000085fa                zcbor_int32_put
 .text.zcbor_uint32_put
                0x0000000000008602       0x18 zephyr/libzephyr.a(zcbor_encode.c.obj)
                0x0000000000008602                zcbor_uint32_put
 .text.zcbor_tstr_encode
                0x000000000000861a        0x6 zephyr/libzephyr.a(zcbor_encode.c.obj)
                0x000000000000861a                zcbor_tstr_encode
 .text.zcbor_list_start_encode
                0x0000000000008620       0x1e zephyr/libzephyr.a(zcbor_encode.c.obj)
                0x0000000000008620                zcbor_list_start_encode
 .text.zcbor_map_start_encode
                0x000000000000863e       0x1e zephyr/libzephyr.a(zcbor_encode.c.obj)
                0x000000000000863e                zcbor_map_start_encode
 .text.zcbor_list_end_encode
                0x000000000000865c       0x1e zephyr/libzephyr.a(zcbor_encode.c.obj)
                0x000000000000865c                zcbor_list_end_encode
 .text.zcbor_map_end_encode
                0x000000000000867a        0x4 zephyr/libzephyr.a(zcbor_encode.c.obj)
                0x000000000000867a                zcbor_map_end_encode
 .text.zcbor_new_encode_state
                0x000000000000867e        0x4 zephyr/libzephyr.a(zcbor_encode.c.obj)
                0x000000000000867e                zcbor_new_encode_state
 .text.zcbor_new_backup
                0x0000000000008682       0x3c zephyr/libzephyr.a(zcbor_common.c.obj)
                0x0000000000008682                zcbor_new_backup
 .text.zcbor_process_backup
                0x00000000000086be       0x66 zephyr/libzephyr.a(zcbor_common.c.obj)
                0x00000000000086be                zcbor_process_backup
 .text.zcbor_union_start_code
                0x0000000000008724        0x6 zephyr/libzephyr.a(zcbor_common.c.obj)
                0x0000000000008724                zcbor_union_start_code
 .text.zcbor_union_elem_code
                0x000000000000872a        0x8 zephyr/libzephyr.a(zcbor_common.c.obj)
                0x000000000000872a                zcbor_union_elem_code
 .text.zcbor_union_end_code
                0x0000000000008732        0x8 zephyr/libzephyr.a(zcbor_common.c.obj)
                0x0000000000008732                zcbor_union_end_code
 .text.zcbor_new_state
                0x000000000000873a       0x44 zephyr/libzephyr.a(zcbor_common.c.obj)
                0x000000000000873a                zcbor_new_state
 .text.z_do_kernel_oops
                0x000000000000877e        0x8 zephyr/arch/arch/arm/core/aarch32/libarch__arm__core__aarch32.a(fatal.c.obj)
                0x000000000000877e                z_do_kernel_oops
 .text.z_irq_spurious
                0x0000000000008786        0x8 zephyr/arch/arch/arm/core/aarch32/libarch__arm__core__aarch32.a(irq_manage.c.obj)
                0x0000000000008786                z_irq_spurious
 .text.z_arm_nmi
                0x000000000000878e        0xe zephyr/arch/arch/arm/core/aarch32/libarch__arm__core__aarch32.a(nmi.c.obj)
                0x000000000000878e                z_arm_nmi
 .text.configure_builtin_stack_guard
                0x000000000000879c        0x8 zephyr/arch/arch/arm/core/aarch32/libarch__arm__core__aarch32.a(thread.c.obj)
                0x000000000000879c                configure_builtin_stack_guard
 .text.strlen   0x00000000000087a4        0xe zephyr/lib/libc/minimal/liblib__libc__minimal.a(string.c.obj)
                0x00000000000087a4                strlen
 .text.memcmp   0x00000000000087b2       0x20 zephyr/lib/libc/minimal/liblib__libc__minimal.a(string.c.obj)
                0x00000000000087b2                memcmp
 .text.memmove  0x00000000000087d2       0x2e zephyr/lib/libc/minimal/liblib__libc__minimal.a(string.c.obj)
                0x00000000000087d2                memmove
 .text.memcpy   0x0000000000008800       0x16 zephyr/lib/libc/minimal/liblib__libc__minimal.a(string.c.obj)
                0x0000000000008800                memcpy
 .text.memset   0x0000000000008816       0x12 zephyr/lib/libc/minimal/liblib__libc__minimal.a(string.c.obj)
                0x0000000000008816                memset
 .text.sprintf_out
                0x0000000000008828       0x1a zephyr/lib/libc/minimal/liblib__libc__minimal.a(sprintf.c.obj)
 .text.get_status
                0x0000000000008842       0x12 zephyr/drivers/clock_control/libdrivers__clock_control.a(clock_control_nrf.c.obj)
 .text.set_on_state
                0x0000000000008854       0x26 zephyr/drivers/clock_control/libdrivers__clock_control.a(clock_control_nrf.c.obj)
 .text.stop     0x000000000000887a       0x52 zephyr/drivers/clock_control/libdrivers__clock_control.a(clock_control_nrf.c.obj)
 .text.api_stop
                0x00000000000088cc        0x6 zephyr/drivers/clock_control/libdrivers__clock_control.a(clock_control_nrf.c.obj)
 .text.async_start
                0x00000000000088d2       0x5c zephyr/drivers/clock_control/libdrivers__clock_control.a(clock_control_nrf.c.obj)
 .text.api_start
                0x000000000000892e        0xe zephyr/drivers/clock_control/libdrivers__clock_control.a(clock_control_nrf.c.obj)
 .text.onoff_started_callback
                0x000000000000893c       0x14 zephyr/drivers/clock_control/libdrivers__clock_control.a(clock_control_nrf.c.obj)
 .text.lfclk_start
                0x0000000000008950        0x6 zephyr/drivers/clock_control/libdrivers__clock_control.a(clock_control_nrf.c.obj)
 .text.lfclk_stop
                0x0000000000008956        0x6 zephyr/drivers/clock_control/libdrivers__clock_control.a(clock_control_nrf.c.obj)
 .text.blocking_start_callback
                0x000000000000895c        0x6 zephyr/drivers/clock_control/libdrivers__clock_control.a(clock_control_nrf.c.obj)
 .text.gpio_nrfx_port_get_raw
                0x0000000000008962        0xc zephyr/drivers/gpio/libdrivers__gpio.a(gpio_nrfx.c.obj)
 .text.gpio_nrfx_port_set_masked_raw
                0x000000000000896e       0x14 zephyr/drivers/gpio/libdrivers__gpio.a(gpio_nrfx.c.obj)
 .text.gpio_nrfx_port_set_bits_raw
                0x0000000000008982        0xa zephyr/drivers/gpio/libdrivers__gpio.a(gpio_nrfx.c.obj)
 .text.gpio_nrfx_port_clear_bits_raw
                0x000000000000898c        0xa zephyr/drivers/gpio/libdrivers__gpio.a(gpio_nrfx.c.obj)
 .text.gpio_nrfx_port_toggle_bits
                0x0000000000008996       0x14 zephyr/drivers/gpio/libdrivers__gpio.a(gpio_nrfx.c.obj)
 .text.gpio_nrfx_manage_callback
                0x00000000000089aa       0x52 zephyr/drivers/gpio/libdrivers__gpio.a(gpio_nrfx.c.obj)
 .text.gpio_pin_set_dt
                0x00000000000089fc       0x28 zephyr/drivers/regulator/libdrivers__regulator.a(regulator_fixed.c.obj)
 .text.disable_sync
                0x0000000000008a24       0x48 zephyr/drivers/regulator/libdrivers__regulator.a(regulator_fixed.c.obj)
 .text.enable_sync
                0x0000000000008a6c       0x38 zephyr/drivers/regulator/libdrivers__regulator.a(regulator_fixed.c.obj)
 .text.is_regular_addr_valid
                0x0000000000008aa4       0x22 zephyr/drivers/flash/libdrivers__flash.a(soc_flash_nrf.c.obj)
 .text.flash_get_page_info
                0x0000000000008ac6       0x66 zephyr/drivers/flash/libdrivers__flash.a(flash_page_layout.c.obj)
 .text.z_impl_flash_get_page_info_by_offs
                0x0000000000008b2c        0x8 zephyr/drivers/flash/libdrivers__flash.a(flash_page_layout.c.obj)
                0x0000000000008b2c                z_impl_flash_get_page_info_by_offs
 .text.flash_page_foreach
                0x0000000000008b34       0x58 zephyr/drivers/flash/libdrivers__flash.a(flash_page_layout.c.obj)
                0x0000000000008b34                flash_page_foreach
 .text.uarte_nrfx_config_get
                0x0000000000008b8c       0x10 zephyr/drivers/serial/libdrivers__serial.a(uart_nrfx_uarte.c.obj)
 .text.uarte_nrfx_err_check
                0x0000000000008b9c        0xe zephyr/drivers/serial/libdrivers__serial.a(uart_nrfx_uarte.c.obj)
 .text.tx_start
                0x0000000000008baa       0x3e zephyr/drivers/serial/libdrivers__serial.a(uart_nrfx_uarte.c.obj)
 .text.uarte_nrfx_poll_in
                0x0000000000008be8       0x28 zephyr/drivers/serial/libdrivers__serial.a(uart_nrfx_uarte.c.obj)
 .text.uarte_nrfx_fifo_read
                0x0000000000008c10       0x2e zephyr/drivers/serial/libdrivers__serial.a(uart_nrfx_uarte.c.obj)
 .text.uarte_nrfx_irq_tx_enable
                0x0000000000008c3e       0x2e zephyr/drivers/serial/libdrivers__serial.a(uart_nrfx_uarte.c.obj)
 .text.uarte_nrfx_irq_tx_disable
                0x0000000000008c6c        0xa zephyr/drivers/serial/libdrivers__serial.a(uart_nrfx_uarte.c.obj)
 .text.uarte_nrfx_irq_tx_ready_complete
                0x0000000000008c76       0x2a zephyr/drivers/serial/libdrivers__serial.a(uart_nrfx_uarte.c.obj)
 .text.uarte_nrfx_irq_rx_ready
                0x0000000000008ca0       0x10 zephyr/drivers/serial/libdrivers__serial.a(uart_nrfx_uarte.c.obj)
 .text.uarte_nrfx_irq_rx_enable
                0x0000000000008cb0        0xc zephyr/drivers/serial/libdrivers__serial.a(uart_nrfx_uarte.c.obj)
 .text.uarte_nrfx_irq_rx_disable
                0x0000000000008cbc        0xc zephyr/drivers/serial/libdrivers__serial.a(uart_nrfx_uarte.c.obj)
 .text.uarte_nrfx_irq_err_enable
                0x0000000000008cc8        0xe zephyr/drivers/serial/libdrivers__serial.a(uart_nrfx_uarte.c.obj)
 .text.uarte_nrfx_irq_err_disable
                0x0000000000008cd6        0xe zephyr/drivers/serial/libdrivers__serial.a(uart_nrfx_uarte.c.obj)
 .text.uarte_nrfx_irq_is_pending
                0x0000000000008ce4       0x36 zephyr/drivers/serial/libdrivers__serial.a(uart_nrfx_uarte.c.obj)
 .text.uarte_nrfx_irq_update
                0x0000000000008d1a        0x4 zephyr/drivers/serial/libdrivers__serial.a(uart_nrfx_uarte.c.obj)
 .text.uarte_nrfx_irq_callback_set
                0x0000000000008d1e        0xc zephyr/drivers/serial/libdrivers__serial.a(uart_nrfx_uarte.c.obj)
 .text.is_tx_ready.isra.0
                0x0000000000008d2a       0x20 zephyr/drivers/serial/libdrivers__serial.a(uart_nrfx_uarte.c.obj)
 .text.uarte_nrfx_fifo_fill
                0x0000000000008d4a       0x70 zephyr/drivers/serial/libdrivers__serial.a(uart_nrfx_uarte.c.obj)
 .text.uarte_nrfx_isr_int
                0x0000000000008dba       0xc4 zephyr/drivers/serial/libdrivers__serial.a(uart_nrfx_uarte.c.obj)
 .text.pinctrl_lookup_state
                0x0000000000008e7e       0x2c zephyr/drivers/pinctrl/libdrivers__pinctrl.a(common.c.obj)
                0x0000000000008e7e                pinctrl_lookup_state
 .text.hw_cc3xx_init_internal
                0x0000000000008eaa        0x4 modules/nrf/drivers/hw_cc310/lib..__nrf__drivers__hw_cc310.a(hw_cc310.c.obj)
 .text.hw_cc3xx_init
                0x0000000000008eae       0x12 modules/nrf/drivers/hw_cc310/lib..__nrf__drivers__hw_cc310.a(hw_cc310.c.obj)
 .text.boot_swap_info_off
                0x0000000000008ec0        0xc modules/mcuboot/boot/bootutil/zephyr/libmcuboot_util.a(bootutil_public.c.obj)
                0x0000000000008ec0                boot_swap_info_off
 .text.boot_magic_compatible_check
                0x0000000000008ecc       0x1c modules/mcuboot/boot/bootutil/zephyr/libmcuboot_util.a(bootutil_public.c.obj)
                0x0000000000008ecc                boot_magic_compatible_check
 .text.bootutil_buffer_is_erased
                0x0000000000008ee8       0x26 modules/mcuboot/boot/bootutil/zephyr/libmcuboot_util.a(bootutil_public.c.obj)
                0x0000000000008ee8                bootutil_buffer_is_erased
 .text.boot_read_flag
                0x0000000000008f0e       0x38 modules/mcuboot/boot/bootutil/zephyr/libmcuboot_util.a(bootutil_public.c.obj)
 .text.boot_write_trailer
                0x0000000000008f46       0x58 modules/mcuboot/boot/bootutil/zephyr/libmcuboot_util.a(bootutil_public.c.obj)
                0x0000000000008f46                boot_write_trailer
 .text.boot_write_trailer_flag
                0x0000000000008f9e       0x14 modules/mcuboot/boot/bootutil/zephyr/libmcuboot_util.a(bootutil_public.c.obj)
                0x0000000000008f9e                boot_write_trailer_flag
 .text.boot_write_image_ok
                0x0000000000008fb2        0xe modules/mcuboot/boot/bootutil/zephyr/libmcuboot_util.a(bootutil_public.c.obj)
                0x0000000000008fb2                boot_write_image_ok
 .text.boot_read_image_ok
                0x0000000000008fc0        0xc modules/mcuboot/boot/bootutil/zephyr/libmcuboot_util.a(bootutil_public.c.obj)
                0x0000000000008fc0                boot_read_image_ok
 .text.boot_read_swap_state_by_id
                0x0000000000008fcc       0x28 modules/mcuboot/boot/bootutil/zephyr/libmcuboot_util.a(bootutil_public.c.obj)
                0x0000000000008fcc                boot_read_swap_state_by_id
 .text.boot_write_swap_info
                0x0000000000008ff4       0x22 modules/mcuboot/boot/bootutil/zephyr/libmcuboot_util.a(bootutil_public.c.obj)
                0x0000000000008ff4                boot_write_swap_info
 .text.nrf91_errata_14
                0x0000000000009016       0x20 modules/hal_nordic/nrfx/libmodules__hal_nordic__nrfx.a(system_nrf9160.c.obj)
 .text.nrfx_isr
                0x0000000000009036        0x2 modules/hal_nordic/nrfx/libmodules__hal_nordic__nrfx.a(nrfx_glue.c.obj)
                0x0000000000009036                nrfx_isr
 .text.nrfx_busy_wait
                0x0000000000009038        0x4 modules/hal_nordic/nrfx/libmodules__hal_nordic__nrfx.a(nrfx_glue.c.obj)
                0x0000000000009038                nrfx_busy_wait
 .text.clock_stop
                0x000000000000903c       0xb4 modules/hal_nordic/nrfx/libmodules__hal_nordic__nrfx.a(nrfx_clock.c.obj)
 .text.nrfx_clock_enable
                0x00000000000090f0       0x1c modules/hal_nordic/nrfx/libmodules__hal_nordic__nrfx.a(nrfx_clock.c.obj)
                0x00000000000090f0                nrfx_clock_enable
 .text.nrfx_clock_start
                0x000000000000910c       0x80 modules/hal_nordic/nrfx/libmodules__hal_nordic__nrfx.a(nrfx_clock.c.obj)
                0x000000000000910c                nrfx_clock_start
 .text.nrfx_clock_stop
                0x000000000000918c        0x4 modules/hal_nordic/nrfx/libmodules__hal_nordic__nrfx.a(nrfx_clock.c.obj)
                0x000000000000918c                nrfx_clock_stop
 .text.nrfx_nvmc_flash_size_get
                0x0000000000009190        0x6 modules/hal_nordic/nrfx/libmodules__hal_nordic__nrfx.a(nrfx_nvmc.c.obj)
                0x0000000000009190                nrfx_nvmc_flash_size_get
 .text.nrfx_nvmc_flash_page_size_get
                0x0000000000009196        0x6 modules/hal_nordic/nrfx/libmodules__hal_nordic__nrfx.a(nrfx_nvmc.c.obj)
                0x0000000000009196                nrfx_nvmc_flash_page_size_get
 .text.nrfx_nvmc_flash_page_count_get
                0x000000000000919c        0x6 modules/hal_nordic/nrfx/libmodules__hal_nordic__nrfx.a(nrfx_nvmc.c.obj)
                0x000000000000919c                nrfx_nvmc_flash_page_count_get
 .text.z_device_state_init
                0x00000000000091a2        0x2 zephyr/kernel/libkernel.a(device.c.obj)
                0x00000000000091a2                z_device_state_init
 .text.z_device_is_ready
                0x00000000000091a4       0x16 zephyr/kernel/libkernel.a(device.c.obj)
                0x00000000000091a4                z_device_is_ready
 .text.z_early_memset
                0x00000000000091ba        0x4 zephyr/kernel/libkernel.a(init.c.obj)
                0x00000000000091ba                z_early_memset
 .text.z_early_memcpy
                0x00000000000091be        0x4 zephyr/kernel/libkernel.a(init.c.obj)
                0x00000000000091be                z_early_memcpy
 .text.create_free_list
                0x00000000000091c2       0x2c zephyr/kernel/libkernel.a(mem_slab.c.obj)
 .text.k_mem_slab_init
                0x00000000000091ee       0x1c zephyr/kernel/libkernel.a(mem_slab.c.obj)
                0x00000000000091ee                k_mem_slab_init
 .text.k_mem_slab_free
                0x000000000000920a       0x52 zephyr/kernel/libkernel.a(mem_slab.c.obj)
                0x000000000000920a                k_mem_slab_free
 .text.k_is_in_isr
                0x000000000000925c        0xc zephyr/kernel/libkernel.a(thread.c.obj)
                0x000000000000925c                k_is_in_isr
 .text.k_thread_name_get
                0x0000000000009268        0x4 zephyr/kernel/libkernel.a(thread.c.obj)
                0x0000000000009268                k_thread_name_get
 .text.idle     0x000000000000926c       0x18 zephyr/kernel/libkernel.a(idle.c.obj)
                0x000000000000926c                idle
 .text.adjust_owner_prio.isra.0
                0x0000000000009284       0x10 zephyr/kernel/libkernel.a(mutex.c.obj)
 .text.z_impl_k_mutex_init
                0x0000000000009294        0xe zephyr/kernel/libkernel.a(mutex.c.obj)
                0x0000000000009294                z_impl_k_mutex_init
 .text.z_impl_k_sem_init
                0x00000000000092a2       0x18 zephyr/kernel/libkernel.a(sem.c.obj)
                0x00000000000092a2                z_impl_k_sem_init
 .text.sys_dlist_remove
                0x00000000000092ba       0x10 zephyr/kernel/libkernel.a(sched.c.obj)
 .text.unpend_thread_no_timeout
                0x00000000000092ca       0x14 zephyr/kernel/libkernel.a(sched.c.obj)
 .text.z_thread_timeout
                0x00000000000092de       0x44 zephyr/kernel/libkernel.a(sched.c.obj)
                0x00000000000092de                z_thread_timeout
 .text.add_to_waitq_locked
                0x0000000000009322       0x50 zephyr/kernel/libkernel.a(sched.c.obj)
 .text.z_ready_thread
                0x0000000000009372       0x20 zephyr/kernel/libkernel.a(sched.c.obj)
                0x0000000000009372                z_ready_thread
 .text.z_unpend_first_thread
                0x0000000000009392       0x38 zephyr/kernel/libkernel.a(sched.c.obj)
                0x0000000000009392                z_unpend_first_thread
 .text.z_reschedule_irqlock
                0x00000000000093ca       0x18 zephyr/kernel/libkernel.a(sched.c.obj)
                0x00000000000093ca                z_reschedule_irqlock
 .text.z_reschedule_unlocked
                0x00000000000093e2       0x14 zephyr/kernel/libkernel.a(sched.c.obj)
 .text.z_abort_timeout
                0x00000000000093f6       0x2c zephyr/kernel/libkernel.a(timeout.c.obj)
                0x00000000000093f6                z_abort_timeout
 .text.z_set_timeout_expiry
                0x0000000000009422       0x38 zephyr/kernel/libkernel.a(timeout.c.obj)
                0x0000000000009422                z_set_timeout_expiry
 .text.sys_clock_tick_get_32
                0x000000000000945a        0x8 zephyr/kernel/libkernel.a(timeout.c.obj)
                0x000000000000945a                sys_clock_tick_get_32
 .text.z_impl_k_uptime_ticks
                0x0000000000009462        0x4 zephyr/kernel/libkernel.a(timeout.c.obj)
                0x0000000000009462                z_impl_k_uptime_ticks
 .text.z_impl_k_busy_wait
                0x0000000000009466        0x8 zephyr/kernel/libkernel.a(timeout.c.obj)
                0x0000000000009466                z_impl_k_busy_wait
 .text.nrf_cc310_bl_ecdsa_verify_secp256r1
                0x000000000000946e       0x26 /home/jforgue/zephyr-cell-new/nrfxlib/crypto/nrf_cc310_bl/lib/cortex-m33/hard-float/no-interrupts/libnrf_cc310_bl_0.9.12.a(nrf_cc310_bl_ecdsa_verify_secp256r1.c.obj)
                0x000000000000946e                nrf_cc310_bl_ecdsa_verify_secp256r1
 .text.PkaInitAndMutexLock
                0x0000000000009494        0x8 /home/jforgue/zephyr-cell-new/nrfxlib/crypto/nrf_cc310_bl/lib/cortex-m33/hard-float/no-interrupts/libnrf_cc310_bl_0.9.12.a(pka.c.obj)
                0x0000000000009494                PkaInitAndMutexLock
 .text.SaSi_PalMemCopy
                0x000000000000949c        0x4 /home/jforgue/zephyr-cell-new/nrfxlib/crypto/nrf_cc310_bl/lib/cortex-m33/hard-float/no-interrupts/libnrf_cc310_bl_0.9.12.a(ssi_pal_mem.c.obj)
                0x000000000000949c                SaSi_PalMemCopy
 .text.SaSi_PalMemSet
                0x00000000000094a0        0x4 /home/jforgue/zephyr-cell-new/nrfxlib/crypto/nrf_cc310_bl/lib/cortex-m33/hard-float/no-interrupts/libnrf_cc310_bl_0.9.12.a(ssi_pal_mem.c.obj)
                0x00000000000094a0                SaSi_PalMemSet
 .text.SaSi_PalMemSetZero
                0x00000000000094a4        0x8 /home/jforgue/zephyr-cell-new/nrfxlib/crypto/nrf_cc310_bl/lib/cortex-m33/hard-float/no-interrupts/libnrf_cc310_bl_0.9.12.a(ssi_pal_mem.c.obj)
                0x00000000000094a4                SaSi_PalMemSetZero
 .text.CRYS_COMMON_ReverseMemcpy32
                0x00000000000094ac       0x1a /home/jforgue/zephyr-cell-new/nrfxlib/crypto/nrf_cc310_bl/lib/cortex-m33/hard-float/no-interrupts/libnrf_cc310_bl_0.9.12.a(crys_common_conv_endian.c.obj)
                0x00000000000094ac                CRYS_COMMON_ReverseMemcpy32
 *(SORT_BY_ALIGNMENT(.TEXT.*))
 *(SORT_BY_ALIGNMENT(.gnu.linkonce.t.*))
 *(SORT_BY_ALIGNMENT(.glue_7t))
 .glue_7t       0x00000000000094c6        0x0 linker stubs
 *(SORT_BY_ALIGNMENT(.glue_7))
 .glue_7        0x00000000000094c6        0x0 linker stubs
 *(SORT_BY_ALIGNMENT(.vfp11_veneer))
 .vfp11_veneer  0x00000000000094c6        0x0 linker stubs
 *(SORT_BY_ALIGNMENT(.v4_bx))
 .v4_bx         0x00000000000094c6        0x0 linker stubs
                0x00000000000094c8                . = ALIGN (0x4)
 *fill*         0x00000000000094c6        0x2 
                0x00000000000094c8                __text_region_end = .

.ARM.exidx      0x00000000000094c8        0x8
                0x00000000000094c8                __exidx_start = .
 *(SORT_BY_ALIGNMENT(.ARM.exidx*) SORT_BY_ALIGNMENT(gnu.linkonce.armexidx.*))
 .ARM.exidx     0x00000000000094c8        0x8 /home/jforgue/.local/zephyr-sdk-0.15.2/arm-zephyr-eabi/bin/../lib/gcc/arm-zephyr-eabi/12.1.0/thumb/v8-m.main+fp/hard/libgcc.a(_udivmoddi4.o)
                0x00000000000094d0                __exidx_end = .
                0x00000000000094d0                __rodata_region_start = .

initlevel       0x00000000000094d0       0x50
                0x00000000000094d0                __init_start = .
                0x00000000000094d0                __init_EARLY_start = .
 *(SORT_BY_NAME(SORT_BY_ALIGNMENT(.z_init_EARLY[0-9]_*)))
 *(SORT_BY_NAME(SORT_BY_ALIGNMENT(.z_init_EARLY[1-9][0-9]_*)))
                0x00000000000094d0                __init_PRE_KERNEL_1_start = .
 *(SORT_BY_NAME(SORT_BY_ALIGNMENT(.z_init_PRE_KERNEL_1[0-9]_*)))
 .z_init_PRE_KERNEL_10_
                0x00000000000094d0        0x8 zephyr/libzephyr.a(soc.c.obj)
 *(SORT_BY_NAME(SORT_BY_ALIGNMENT(.z_init_PRE_KERNEL_1[1-9][0-9]_*)))
 .z_init_PRE_KERNEL_130_
                0x00000000000094d8        0x8 zephyr/drivers/clock_control/libdrivers__clock_control.a(clock_control_nrf.c.obj)
 .z_init_PRE_KERNEL_130_
                0x00000000000094e0        0x8 zephyr/kernel/libkernel.a(mem_slab.c.obj)
 .z_init_PRE_KERNEL_140_
                0x00000000000094e8        0x8 zephyr/drivers/gpio/libdrivers__gpio.a(gpio_nrfx.c.obj)
 .z_init_PRE_KERNEL_140_
                0x00000000000094f0        0x8 modules/nrf/drivers/hw_cc310/lib..__nrf__drivers__hw_cc310.a(hw_cc310.c.obj)
 .z_init_PRE_KERNEL_155_
                0x00000000000094f8        0x8 zephyr/drivers/serial/libdrivers__serial.a(uart_nrfx_uarte.c.obj)
                0x0000000000009500                __init_PRE_KERNEL_2_start = .
 *(SORT_BY_NAME(SORT_BY_ALIGNMENT(.z_init_PRE_KERNEL_2[0-9]_*)))
 .z_init_PRE_KERNEL_20_
                0x0000000000009500        0x8 zephyr/drivers/timer/libdrivers__timer.a(nrf_rtc_timer.c.obj)
 *(SORT_BY_NAME(SORT_BY_ALIGNMENT(.z_init_PRE_KERNEL_2[1-9][0-9]_*)))
                0x0000000000009508                __init_POST_KERNEL_start = .
 *(SORT_BY_NAME(SORT_BY_ALIGNMENT(.z_init_POST_KERNEL[0-9]_*)))
 *(SORT_BY_NAME(SORT_BY_ALIGNMENT(.z_init_POST_KERNEL[1-9][0-9]_*)))
 .z_init_POST_KERNEL40_
                0x0000000000009508        0x8 modules/nrf/drivers/hw_cc310/lib..__nrf__drivers__hw_cc310.a(hw_cc310.c.obj)
 .z_init_POST_KERNEL50_
                0x0000000000009510        0x8 zephyr/drivers/flash/libdrivers__flash.a(soc_flash_nrf.c.obj)
 .z_init_POST_KERNEL75_
                0x0000000000009518        0x8 zephyr/drivers/regulator/libdrivers__regulator.a(regulator_fixed.c.obj)
                0x0000000000009520                __init_APPLICATION_start = .
 *(SORT_BY_NAME(SORT_BY_ALIGNMENT(.z_init_APPLICATION[0-9]_*)))
 *(SORT_BY_NAME(SORT_BY_ALIGNMENT(.z_init_APPLICATION[1-9][0-9]_*)))
                0x0000000000009520                __init_SMP_start = .
 *(SORT_BY_NAME(SORT_BY_ALIGNMENT(.z_init_SMP[0-9]_*)))
 *(SORT_BY_NAME(SORT_BY_ALIGNMENT(.z_init_SMP[1-9][0-9]_*)))
                0x0000000000009520                __init_end = .

devices         0x0000000000009520       0x78
                0x0000000000009520                __device_start = .
                0x0000000000009520                __device_EARLY_start = .
 *(SORT_BY_NAME(SORT_BY_ALIGNMENT(.z_device_EARLY[0-9]_*)))
 *(SORT_BY_NAME(SORT_BY_ALIGNMENT(.z_device_EARLY[1-9][0-9]_*)))
                0x0000000000009520                __device_PRE_KERNEL_1_start = .
 *(SORT_BY_NAME(SORT_BY_ALIGNMENT(.z_device_PRE_KERNEL_1[0-9]_*)))
 *(SORT_BY_NAME(SORT_BY_ALIGNMENT(.z_device_PRE_KERNEL_1[1-9][0-9]_*)))
 .z_device_PRE_KERNEL_130_
                0x0000000000009520       0x18 zephyr/drivers/clock_control/libdrivers__clock_control.a(clock_control_nrf.c.obj)
                0x0000000000009520                __device_dts_ord_60
 .z_device_PRE_KERNEL_140_
                0x0000000000009538       0x18 zephyr/drivers/gpio/libdrivers__gpio.a(gpio_nrfx.c.obj)
                0x0000000000009538                __device_dts_ord_7
 .z_device_PRE_KERNEL_155_
                0x0000000000009550       0x18 zephyr/drivers/serial/libdrivers__serial.a(uart_nrfx_uarte.c.obj)
                0x0000000000009550                __device_dts_ord_88
                0x0000000000009568                __device_PRE_KERNEL_2_start = .
 *(SORT_BY_NAME(SORT_BY_ALIGNMENT(.z_device_PRE_KERNEL_2[0-9]_*)))
 *(SORT_BY_NAME(SORT_BY_ALIGNMENT(.z_device_PRE_KERNEL_2[1-9][0-9]_*)))
                0x0000000000009568                __device_POST_KERNEL_start = .
 *(SORT_BY_NAME(SORT_BY_ALIGNMENT(.z_device_POST_KERNEL[0-9]_*)))
 *(SORT_BY_NAME(SORT_BY_ALIGNMENT(.z_device_POST_KERNEL[1-9][0-9]_*)))
 .z_device_POST_KERNEL50_
                0x0000000000009568       0x18 zephyr/drivers/flash/libdrivers__flash.a(soc_flash_nrf.c.obj)
                0x0000000000009568                __device_dts_ord_94
 .z_device_POST_KERNEL75_
                0x0000000000009580       0x18 zephyr/drivers/regulator/libdrivers__regulator.a(regulator_fixed.c.obj)
                0x0000000000009580                __device_dts_ord_8
                0x0000000000009598                __device_APPLICATION_start = .
 *(SORT_BY_NAME(SORT_BY_ALIGNMENT(.z_device_APPLICATION[0-9]_*)))
 *(SORT_BY_NAME(SORT_BY_ALIGNMENT(.z_device_APPLICATION[1-9][0-9]_*)))
                0x0000000000009598                __device_SMP_start = .
 *(SORT_BY_NAME(SORT_BY_ALIGNMENT(.z_device_SMP[0-9]_*)))
 *(SORT_BY_NAME(SORT_BY_ALIGNMENT(.z_device_SMP[1-9][0-9]_*)))
                0x0000000000009598                __device_end = .

sw_isr_table    0x0000000000009598      0x208
                0x0000000000009598                . = ALIGN (0x4)
 *(SORT_BY_ALIGNMENT(.gnu.linkonce.sw_isr_table*))
 .gnu.linkonce.sw_isr_table
                0x0000000000009598      0x208 zephyr/arch/common/libisr_tables.a(isr_tables.c.obj)
                0x0000000000009598                _sw_isr_table

initlevel_error
                0x00000000000094d0        0x0
 *(SORT_BY_NAME(SORT_BY_ALIGNMENT(.z_init_[_A-Z0-9]*)))
                0x0000000000000001                ASSERT ((SIZEOF (initlevel_error) == 0x0), Undefined initialization levels used.)

app_shmem_regions
                0x00000000000097a0        0x0
                0x00000000000097a0                __app_shmem_regions_start = .
 *(SORT_BY_NAME(SORT_BY_ALIGNMENT(.app_regions.*)))
                0x00000000000097a0                __app_shmem_regions_end = .

k_p4wq_initparam_area
                0x00000000000097a0        0x0
                0x00000000000097a0                _k_p4wq_initparam_list_start = .
 *(SORT_BY_NAME(SORT_BY_ALIGNMENT(._k_p4wq_initparam.static.*)))
                0x00000000000097a0                _k_p4wq_initparam_list_end = .

_static_thread_data_area
                0x00000000000097a0        0x0
                0x00000000000097a0                __static_thread_data_list_start = .
 *(SORT_BY_NAME(SORT_BY_ALIGNMENT(.__static_thread_data.static.*)))
                0x00000000000097a0                __static_thread_data_list_end = .

device_handles  0x00000000000097a0       0x22
                0x00000000000097a0                __device_handles_start = .
 *(SORT_BY_NAME(SORT_BY_ALIGNMENT(.__device_handles_pass2*)))
 .__device_handles_pass2
                0x00000000000097a0       0x22 zephyr/CMakeFiles/zephyr_pre1.dir/dev_handles.c.obj
                0x00000000000097a0                __devicehdl_dts_ord_8
                0x00000000000097a8                __devicehdl_dts_ord_94
                0x00000000000097ae                __devicehdl_dts_ord_88
                0x00000000000097b4                __devicehdl_dts_ord_7
                0x00000000000097bc                __devicehdl_dts_ord_60
                0x00000000000097c2                __device_handles_end = .

ztest           0x00000000000097c2        0x0
                0x00000000000097c2                _ztest_expected_result_entry_list_start = .
 *(SORT_BY_NAME(SORT_BY_ALIGNMENT(._ztest_expected_result_entry.static.*)))
                0x00000000000097c2                _ztest_expected_result_entry_list_end = .
                0x00000000000097c2                _ztest_suite_node_list_start = .
 *(SORT_BY_NAME(SORT_BY_ALIGNMENT(._ztest_suite_node.static.*)))
                0x00000000000097c2                _ztest_suite_node_list_end = .
                0x00000000000097c2                _ztest_unit_test_list_start = .
 *(SORT_BY_NAME(SORT_BY_ALIGNMENT(._ztest_unit_test.static.*)))
                0x00000000000097c2                _ztest_unit_test_list_end = .
                0x00000000000097c2                _ztest_test_rule_list_start = .
 *(SORT_BY_NAME(SORT_BY_ALIGNMENT(._ztest_test_rule.static.*)))
                0x00000000000097c2                _ztest_test_rule_list_end = .

bt_l2cap_fixed_chan_area
                0x00000000000097c2        0x0
                0x00000000000097c2                _bt_l2cap_fixed_chan_list_start = .
 *(SORT_BY_NAME(SORT_BY_ALIGNMENT(._bt_l2cap_fixed_chan.static.*)))