Archive member included to satisfy reference by file (symbol)

platform/libplatform_s.a(hw_init.o)
                              secure_fw/CMakeFiles/tfm_s.dir/__/platform/ext/target/nordic_nrf/common/nrf9160/gcc/startup_nrf9160_s.o (hw_init_reset_on_boot)
platform/libplatform_s.a(system_nrf9160.o)
                              secure_fw/CMakeFiles/tfm_s.dir/__/platform/ext/target/nordic_nrf/common/nrf9160/gcc/startup_nrf9160_s.o (SystemInit)
secure_fw/partitions/lib/sprt/libtfm_sprt.a(crt_memset.o)
                              /home/jforgue/.local/zephyr-sdk-0.15.2/arm-zephyr-eabi/bin/../lib/gcc/arm-zephyr-eabi/12.1.0/../../../../arm-zephyr-eabi/lib/thumb/v8-m.main/nofp/crt0.o (memset)
secure_fw/spm/libtfm_spm.a(main.o)
                              /home/jforgue/.local/zephyr-sdk-0.15.2/arm-zephyr-eabi/bin/../lib/gcc/arm-zephyr-eabi/12.1.0/../../../../arm-zephyr-eabi/lib/thumb/v8-m.main/nofp/crt0.o (main)
secure_fw/spm/libtfm_spm.a(spm_cross_call.o)
                              secure_fw/CMakeFiles/tfm_s.dir/partitions/ns_agent_tz/tfm_psa_api_veneers.o (spm_interface_cross_dispatcher)
secure_fw/spm/libtfm_spm.a(psa_api.o)
                              secure_fw/spm/libtfm_spm.a(spm_cross_call.o) (spm_handle_programmer_errors)
secure_fw/spm/libtfm_spm.a(backend_ipc.o)
                              secure_fw/spm/libtfm_spm.a(spm_cross_call.o) (p_spm_thread_context)
secure_fw/spm/libtfm_spm.a(tfm_core_svcalls_ipc.o)
                              secure_fw/spm/libtfm_spm.a(main.o) (tfm_core_handler_mode)
secure_fw/spm/libtfm_spm.a(thread.o)
                              secure_fw/spm/libtfm_spm.a(spm_cross_call.o) (thrd_next)
secure_fw/spm/libtfm_spm.a(tfm_arch_v8m_main.o)
                              secure_fw/spm/libtfm_spm.a(spm_cross_call.o) (arch_non_preempt_call)
secure_fw/spm/libtfm_spm.a(ns_agent_tz.o)
                              secure_fw/CMakeFiles/tfm_s.dir/partitions/ns_agent_tz/load_info_ns_agent_tz.o (ns_agent_tz_main)
secure_fw/spm/libtfm_spm.a(idle_partition.o)
                              secure_fw/CMakeFiles/tfm_s.dir/partitions/idle_partition/load_info_idle_sp.o (tfm_idle_thread)
secure_fw/spm/libtfm_spm.a(tfm_boot_data.o)
                              secure_fw/spm/libtfm_spm.a(main.o) (tfm_core_validate_boot_data)
secure_fw/spm/libtfm_spm.a(tfm_core_utils.o)
                              secure_fw/spm/libtfm_spm.a(psa_api.o) (spm_memcpy)
secure_fw/spm/libtfm_spm.a(utilities.o)
                              secure_fw/spm/libtfm_spm.a(main.o) (tfm_core_panic)
secure_fw/spm/libtfm_spm.a(tfm_arch.o)
                              secure_fw/spm/libtfm_spm.a(tfm_core_svcalls_ipc.o) (tfm_arch_free_msp_and_exc_ret)
secure_fw/spm/libtfm_spm.a(spm_ipc.o)
                              secure_fw/spm/libtfm_spm.a(psa_api.o) (tfm_spm_to_user_handle)
secure_fw/spm/libtfm_spm.a(static_load.o)
                              secure_fw/spm/libtfm_spm.a(spm_ipc.o) (load_a_partition_assuredly)
secure_fw/spm/libtfm_spm.a(tfm_pools.o)
                              secure_fw/spm/libtfm_spm.a(spm_ipc.o) (tfm_pool_init)
secure_fw/spm/libtfm_spm.a(tfm_spm_ns_ctx.o)
                              secure_fw/spm/libtfm_spm.a(spm_ipc.o) (tfm_nspm_get_current_client_id)
secure_fw/partitions/crypto/libtfm_psa_rot_partition_crypto.a(crypto_init.o)
                              secure_fw/CMakeFiles/tfm_s.dir/__/generated/secure_fw/partitions/crypto/auto_generated/load_info_tfm_crypto.o (tfm_crypto_init)
secure_fw/partitions/crypto/libtfm_psa_rot_partition_crypto.a(crypto_alloc.o)
                              secure_fw/partitions/crypto/libtfm_psa_rot_partition_crypto.a(crypto_init.o) (tfm_crypto_init_alloc)
secure_fw/partitions/crypto/libtfm_psa_rot_partition_crypto.a(crypto_cipher.o)
                              secure_fw/partitions/crypto/libtfm_psa_rot_partition_crypto.a(crypto_init.o) (tfm_crypto_cipher_generate_iv)
secure_fw/partitions/crypto/libtfm_psa_rot_partition_crypto.a(crypto_hash.o)
                              secure_fw/partitions/crypto/libtfm_psa_rot_partition_crypto.a(crypto_init.o) (tfm_crypto_hash_setup)
secure_fw/partitions/crypto/libtfm_psa_rot_partition_crypto.a(crypto_mac.o)
                              secure_fw/partitions/crypto/libtfm_psa_rot_partition_crypto.a(crypto_init.o) (tfm_crypto_mac_sign_setup)
secure_fw/partitions/crypto/libtfm_psa_rot_partition_crypto.a(crypto_aead.o)
                              secure_fw/partitions/crypto/libtfm_psa_rot_partition_crypto.a(crypto_init.o) (tfm_crypto_aead_encrypt)
secure_fw/partitions/crypto/libtfm_psa_rot_partition_crypto.a(crypto_asymmetric.o)
                              secure_fw/partitions/crypto/libtfm_psa_rot_partition_crypto.a(crypto_init.o) (tfm_crypto_sign_message)
secure_fw/partitions/crypto/libtfm_psa_rot_partition_crypto.a(crypto_key_derivation.o)
                              secure_fw/partitions/crypto/libtfm_psa_rot_partition_crypto.a(crypto_init.o) (tfm_crypto_key_derivation_setup)
[...]
Memory Configuration

Name             Origin             Length             Attributes
FLASH            0x0000000000010200 0x000000000000c000 xr
RAM              0x0000000020000000 0x0000000000008000 xrw
*default*        0x0000000000000000 0xffffffffffffffff

Linker script and memory map

LOAD /home/jforgue/.local/zephyr-sdk-0.15.2/arm-zephyr-eabi/bin/../lib/gcc/arm-zephyr-eabi/12.1.0/thumb/v8-m.main/nofp/crti.o
LOAD /home/jforgue/.local/zephyr-sdk-0.15.2/arm-zephyr-eabi/bin/../lib/gcc/arm-zephyr-eabi/12.1.0/thumb/v8-m.main/nofp/crtbegin.o
LOAD /home/jforgue/.local/zephyr-sdk-0.15.2/arm-zephyr-eabi/bin/../lib/gcc/arm-zephyr-eabi/12.1.0/../../../../arm-zephyr-eabi/lib/thumb/v8-m.main/nofp/crt0.o
LOAD secure_fw/CMakeFiles/tfm_s.dir/partitions/ns_agent_tz/tfm_psa_api_veneers.o
LOAD secure_fw/CMakeFiles/tfm_s.dir/__/platform/ext/target/nordic_nrf/common/nrf9160/gcc/startup_nrf9160_s.o
LOAD secure_fw/CMakeFiles/tfm_s.dir/__/platform/ext/common/faults.o
LOAD secure_fw/CMakeFiles/tfm_s.dir/__/generated/secure_fw/partitions/crypto/auto_generated/load_info_tfm_crypto.o
LOAD secure_fw/CMakeFiles/tfm_s.dir/__/generated/secure_fw/partitions/platform/auto_generated/load_info_tfm_platform.o
LOAD secure_fw/CMakeFiles/tfm_s.dir/partitions/ns_agent_tz/load_info_ns_agent_tz.o
LOAD secure_fw/CMakeFiles/tfm_s.dir/partitions/idle_partition/load_info_idle_sp.o
LOAD secure_fw/CMakeFiles/tfm_s.dir/__/platform/ext/target/nordic_nrf/common/core/plat_test.o
LOAD secure_fw/CMakeFiles/tfm_s.dir/spm/cmsis_psa/psa_interface_cross.o
LOAD secure_fw/CMakeFiles/tfm_s.dir/__/interface/src/tfm_psa_call_pack.o
LOAD platform/libplatform_s.a
LOAD secure_fw/partitions/lib/sprt/libtfm_sprt.a
LOAD secure_fw/spm/libtfm_spm.a
LOAD secure_fw/partitions/crypto/libtfm_psa_rot_partition_crypto.a
LOAD secure_fw/partitions/crypto/mbedcrypto/nrf_security_src/libcrypto_service_mbedcrypto.a
LOAD secure_fw/partitions/platform/libtfm_psa_rot_partition_platform.a
LOAD platform/libplatform_s.a
LOAD secure_fw/partitions/lib/sprt/libtfm_sprt.a
LOAD secure_fw/spm/libtfm_spm.a
LOAD secure_fw/partitions/crypto/libtfm_psa_rot_partition_crypto.a
LOAD secure_fw/partitions/crypto/mbedcrypto/nrf_security_src/libcrypto_service_mbedcrypto.a
LOAD secure_fw/partitions/platform/libtfm_psa_rot_partition_platform.a
LOAD platform/libplatform_s.a
LOAD secure_fw/partitions/lib/sprt/libtfm_sprt.a
LOAD secure_fw/spm/libtfm_spm.a
LOAD secure_fw/partitions/crypto/libtfm_psa_rot_partition_crypto.a
LOAD secure_fw/partitions/crypto/mbedcrypto/nrf_security_src/libcrypto_service_mbedcrypto.a
LOAD secure_fw/partitions/platform/libtfm_psa_rot_partition_platform.a
LOAD /home/jforgue/zephyr-cell-new/nrfxlib/crypto/nrf_cc310_platform/lib/cortex-m33/soft-float/no-interrupts/libnrf_cc310_platform_0.9.16.a
LOAD secure_fw/partitions/crypto/mbedcrypto/nrf_security_crypto/liboberon_mbedcrypto__psa_3.0.12.a
LOAD /home/jforgue/zephyr-cell-new/nrfxlib/crypto/nrf_oberon/lib/cortex-m33/soft-float/liboberon_mbedtls_3.0.12.a
LOAD secure_fw/partitions/crypto/mbedcrypto/nrf_security_src/libmbedcrypto_base.a
LOAD /home/jforgue/zephyr-cell-new/nrfxlib/crypto/nrf_oberon/lib/cortex-m33/soft-float/liboberon_3.0.12.a
LOAD /home/jforgue/.local/zephyr-sdk-0.15.2/arm-zephyr-eabi/bin/../lib/gcc/arm-zephyr-eabi/12.1.0/../../../../arm-zephyr-eabi/lib/thumb/v8-m.main/nofp/libc_nano.a
START GROUP
LOAD /home/jforgue/.local/zephyr-sdk-0.15.2/arm-zephyr-eabi/bin/../lib/gcc/arm-zephyr-eabi/12.1.0/thumb/v8-m.main/nofp/libgcc.a
LOAD /home/jforgue/.local/zephyr-sdk-0.15.2/arm-zephyr-eabi/bin/../lib/gcc/arm-zephyr-eabi/12.1.0/../../../../arm-zephyr-eabi/lib/thumb/v8-m.main/nofp/libc_nano.a
END GROUP
START GROUP
LOAD /home/jforgue/.local/zephyr-sdk-0.15.2/arm-zephyr-eabi/bin/../lib/gcc/arm-zephyr-eabi/12.1.0/thumb/v8-m.main/nofp/libgcc.a
LOAD /home/jforgue/.local/zephyr-sdk-0.15.2/arm-zephyr-eabi/bin/../lib/gcc/arm-zephyr-eabi/12.1.0/../../../../arm-zephyr-eabi/lib/thumb/v8-m.main/nofp/libc_nano.a
END GROUP
LOAD /home/jforgue/.local/zephyr-sdk-0.15.2/arm-zephyr-eabi/bin/../lib/gcc/arm-zephyr-eabi/12.1.0/thumb/v8-m.main/nofp/crtend.o
LOAD /home/jforgue/.local/zephyr-sdk-0.15.2/arm-zephyr-eabi/bin/../lib/gcc/arm-zephyr-eabi/12.1.0/thumb/v8-m.main/nofp/crtn.o
                0x0000000000001000                __heap_size__ = 0x1000
                0x0000000000000800                __msp_init_stack_size__ = 0x800
START GROUP
LOAD /home/jforgue/.local/zephyr-sdk-0.15.2/arm-zephyr-eabi/bin/../lib/gcc/arm-zephyr-eabi/12.1.0/thumb/v8-m.main/nofp/libgcc.a
LOAD /home/jforgue/.local/zephyr-sdk-0.15.2/arm-zephyr-eabi/bin/../lib/gcc/arm-zephyr-eabi/12.1.0/../../../../arm-zephyr-eabi/lib/thumb/v8-m.main/nofp/libc.a
LOAD /home/jforgue/.local/zephyr-sdk-0.15.2/arm-zephyr-eabi/bin/../lib/gcc/arm-zephyr-eabi/12.1.0/../../../../arm-zephyr-eabi/lib/thumb/v8-m.main/nofp/libm.a
LOAD /home/jforgue/.local/zephyr-sdk-0.15.2/arm-zephyr-eabi/bin/../lib/gcc/arm-zephyr-eabi/12.1.0/../../../../arm-zephyr-eabi/lib/thumb/v8-m.main/nofp/libnosys.a
LOAD /home/jforgue/.local/zephyr-sdk-0.15.2/arm-zephyr-eabi/bin/../lib/gcc/arm-zephyr-eabi/12.1.0/../../../../arm-zephyr-eabi/lib/thumb/v8-m.main/nofp/libc_nano.a
END GROUP

.TFM_VECTORS    0x0000000000010200      0x26c
                0x0000000000010200                __vectors_start__ = .
 *(.vectors)
 .vectors       0x0000000000010200      0x144 secure_fw/CMakeFiles/tfm_s.dir/__/platform/ext/target/nordic_nrf/common/nrf9160/gcc/startup_nrf9160_s.o
                0x0000000000010200                __Vectors
                0x0000000000010344                __vectors_end__ = .
 *startup*(.text*)
 .text          0x0000000000010344      0x128 secure_fw/CMakeFiles/tfm_s.dir/__/platform/ext/target/nordic_nrf/common/nrf9160/gcc/startup_nrf9160_s.o
                0x0000000000010344                Reset_Handler
                0x00000000000103c4                Default_Handler
                0x00000000000103c6                NMI_Handler
                0x00000000000103e2                DebugMon_Handler
                0x00000000000103ea                SysTick_Handler
                0x00000000000103ee                SPU_IRQHandler
                0x00000000000103f2                CLOCK_POWER_IRQHandler
                0x00000000000103f6                UARTE0_SPIM0_SPIS0_TWIM0_TWIS0_IRQHandler
                0x00000000000103fa                UARTE1_SPIM1_SPIS1_TWIM1_TWIS1_IRQHandler
                0x00000000000103fe                UARTE2_SPIM2_SPIS2_TWIM2_TWIS2_IRQHandler
                0x0000000000010402                UARTE3_SPIM3_SPIS3_TWIM3_TWIS3_IRQHandler
                0x0000000000010406                GPIOTE0_IRQHandler
                0x000000000001040a                SAADC_IRQHandler
                0x000000000001040e                TIMER0_IRQHandler
                0x0000000000010412                TIMER1_IRQHandler
                0x0000000000010416                TIMER2_IRQHandler
                0x000000000001041a                RTC0_IRQHandler
                0x000000000001041e                RTC1_IRQHandler
                0x0000000000010422                WDT_IRQHandler
                0x0000000000010426                EGU0_IRQHandler
                0x000000000001042a                EGU1_IRQHandler
                0x000000000001042e                EGU2_IRQHandler
                0x0000000000010432                EGU3_IRQHandler
                0x0000000000010436                EGU4_IRQHandler
                0x000000000001043a                EGU5_IRQHandler
                0x000000000001043e                PWM0_IRQHandler
                0x0000000000010442                PWM1_IRQHandler
                0x0000000000010446                PWM2_IRQHandler
                0x000000000001044a                PWM3_IRQHandler
                0x000000000001044e                PDM_IRQHandler
                0x0000000000010452                I2S_IRQHandler
                0x0000000000010456                IPC_IRQHandler
                0x000000000001045a                FPU_IRQHandler
                0x000000000001045e                GPIOTE1_IRQHandler
                0x0000000000010462                KMU_IRQHandler
                0x0000000000010466                CRYPTOCELL_IRQHandler
                0x000000000001046c                . = ALIGN (0x4)

.copy.table     0x000000000001046c       0x24
                0x000000000001046c                __copy_table_start__ = .
                0x000000000001046c        0x4 LONG 0x157a8 LOADADDR (.TFM_DATA)
                0x0000000000010470        0x4 LONG 0x20002f20 ADDR (.TFM_DATA)
                0x0000000000010474        0x4 LONG 0xf8 SIZEOF (.TFM_DATA)
                0x0000000000010478        0x4 LONG 0x157c0 LOADADDR (.TFM_PSA_ROT_LINKER_DATA)
                0x000000000001047c        0x4 LONG 0x20001c40 ADDR (.TFM_PSA_ROT_LINKER_DATA)
                0x0000000000010480        0x4 LONG 0x0 SIZEOF (.TFM_PSA_ROT_LINKER_DATA)
                0x0000000000010484        0x4 LONG 0x157c0 LOADADDR (.TFM_APP_ROT_LINKER_DATA)
                0x0000000000010488        0x4 LONG 0x20001c20 ADDR (.TFM_APP_ROT_LINKER_DATA)
                0x000000000001048c        0x4 LONG 0x0 SIZEOF (.TFM_APP_ROT_LINKER_DATA)
                0x0000000000010490                __copy_table_end__ = .

.zero.table     0x0000000000010490       0x20
                0x0000000000010490                __zero_table_start__ = .
                0x0000000000010490        0x4 LONG 0x20003020 ADDR (.TFM_BSS)
                0x0000000000010494        0x4 LONG 0x1a30 SIZEOF (.TFM_BSS)
                0x0000000000010498        0x4 LONG 0x20001c40 ADDR (.TFM_PSA_ROT_LINKER_BSS)
                0x000000000001049c        0x4 LONG 0x12e0 SIZEOF (.TFM_PSA_ROT_LINKER_BSS)
                0x00000000000104a0        0x4 LONG 0x20001c20 ADDR (.TFM_APP_ROT_LINKER_BSS)
                0x00000000000104a4        0x4 LONG 0x20 SIZEOF (.TFM_APP_ROT_LINKER_BSS)
                0x00000000000104a8        0x4 LONG 0x20001c00 ADDR (.TFM_SP_META_PTR)
                0x00000000000104ac        0x4 LONG 0x4 SIZEOF (.TFM_SP_META_PTR)
                0x00000000000104b0                __zero_table_end__ = .

.TFM_UNPRIV_CODE
                0x00000000000104c0      0x580
 *libc_nano*:*(.text*)
 .text.calloc   0x00000000000104c0       0x10 /home/jforgue/.local/zephyr-sdk-0.15.2/arm-zephyr-eabi/bin/../lib/gcc/arm-zephyr-eabi/12.1.0/../../../../arm-zephyr-eabi/lib/thumb/v8-m.main/nofp/libc_nano.a(lib_a-calloc.o)
                0x00000000000104c0                calloc
 .text.exit     0x00000000000104d0       0x28 /home/jforgue/.local/zephyr-sdk-0.15.2/arm-zephyr-eabi/bin/../lib/gcc/arm-zephyr-eabi/12.1.0/../../../../arm-zephyr-eabi/lib/thumb/v8-m.main/nofp/libc_nano.a(lib_a-exit.o)
                0x00000000000104d0                exit
 .text.__libc_init_array
                0x00000000000104f8       0x48 /home/jforgue/.local/zephyr-sdk-0.15.2/arm-zephyr-eabi/bin/../lib/gcc/arm-zephyr-eabi/12.1.0/../../../../arm-zephyr-eabi/lib/thumb/v8-m.main/nofp/libc_nano.a(lib_a-init.o)
                0x00000000000104f8                __libc_init_array
 .text.free     0x0000000000010540       0x10 /home/jforgue/.local/zephyr-sdk-0.15.2/arm-zephyr-eabi/bin/../lib/gcc/arm-zephyr-eabi/12.1.0/../../../../arm-zephyr-eabi/lib/thumb/v8-m.main/nofp/libc_nano.a(lib_a-malloc.o)
                0x0000000000010540                free
 .text.memmove  0x0000000000010550       0x34 /home/jforgue/.local/zephyr-sdk-0.15.2/arm-zephyr-eabi/bin/../lib/gcc/arm-zephyr-eabi/12.1.0/../../../../arm-zephyr-eabi/lib/thumb/v8-m.main/nofp/libc_nano.a(lib_a-memmove.o)
                0x0000000000010550                memmove
 .text._calloc_r
                0x0000000000010584       0x1c /home/jforgue/.local/zephyr-sdk-0.15.2/arm-zephyr-eabi/bin/../lib/gcc/arm-zephyr-eabi/12.1.0/../../../../arm-zephyr-eabi/lib/thumb/v8-m.main/nofp/libc_nano.a(lib_a-nano-callocr.o)
                0x0000000000010584                _calloc_r
 .text._free_r  0x00000000000105a0       0x94 /home/jforgue/.local/zephyr-sdk-0.15.2/arm-zephyr-eabi/bin/../lib/gcc/arm-zephyr-eabi/12.1.0/../../../../arm-zephyr-eabi/lib/thumb/v8-m.main/nofp/libc_nano.a(lib_a-nano-freer.o)
                0x00000000000105a0                _free_r
 .text._malloc_r
                0x0000000000010634       0xb4 /home/jforgue/.local/zephyr-sdk-0.15.2/arm-zephyr-eabi/bin/../lib/gcc/arm-zephyr-eabi/12.1.0/../../../../arm-zephyr-eabi/lib/thumb/v8-m.main/nofp/libc_nano.a(lib_a-nano-mallocr.o)
                0x0000000000010634                _malloc_r
 .text._sbrk_r  0x00000000000106e8       0x20 /home/jforgue/.local/zephyr-sdk-0.15.2/arm-zephyr-eabi/bin/../lib/gcc/arm-zephyr-eabi/12.1.0/../../../../arm-zephyr-eabi/lib/thumb/v8-m.main/nofp/libc_nano.a(lib_a-sbrkr.o)
                0x00000000000106e8                _sbrk_r
 .text.__malloc_lock
                0x0000000000010708        0xc /home/jforgue/.local/zephyr-sdk-0.15.2/arm-zephyr-eabi/bin/../lib/gcc/arm-zephyr-eabi/12.1.0/../../../../arm-zephyr-eabi/lib/thumb/v8-m.main/nofp/libc_nano.a(lib_a-mlock.o)
                0x0000000000010708                __malloc_lock
 .text.__malloc_unlock
                0x0000000000010714        0xc /home/jforgue/.local/zephyr-sdk-0.15.2/arm-zephyr-eabi/bin/../lib/gcc/arm-zephyr-eabi/12.1.0/../../../../arm-zephyr-eabi/lib/thumb/v8-m.main/nofp/libc_nano.a(lib_a-mlock.o)
                0x0000000000010714                __malloc_unlock
 .text.__retarget_lock_acquire_recursive
                0x0000000000010720        0x2 /home/jforgue/.local/zephyr-sdk-0.15.2/arm-zephyr-eabi/bin/../lib/gcc/arm-zephyr-eabi/12.1.0/../../../../arm-zephyr-eabi/lib/thumb/v8-m.main/nofp/libc_nano.a(lib_a-lock.o)
                0x0000000000010720                __retarget_lock_acquire_recursive
 .text.__retarget_lock_release_recursive
                0x0000000000010722        0x2 /home/jforgue/.local/zephyr-sdk-0.15.2/arm-zephyr-eabi/bin/../lib/gcc/arm-zephyr-eabi/12.1.0/../../../../arm-zephyr-eabi/lib/thumb/v8-m.main/nofp/libc_nano.a(lib_a-lock.o)
                0x0000000000010722                __retarget_lock_release_recursive
 *libc_nano*:*(.rodata*)
 .rodata._global_impure_ptr
                0x0000000000010724        0x4 /home/jforgue/.local/zephyr-sdk-0.15.2/arm-zephyr-eabi/bin/../lib/gcc/arm-zephyr-eabi/12.1.0/../../../../arm-zephyr-eabi/lib/thumb/v8-m.main/nofp/libc_nano.a(lib_a-impure.o)
                0x0000000000010724                _global_impure_ptr
 *(SFN)
 SFN            0x0000000000010728      0x100 secure_fw/CMakeFiles/tfm_s.dir/partitions/ns_agent_tz/tfm_psa_api_veneers.o
                0x0000000000010728                __acle_se_tfm_psa_framework_version_veneer
                0x0000000000010754                __acle_se_tfm_psa_version_veneer
                0x0000000000010780                __acle_se_tfm_psa_call_veneer
                0x00000000000107b4                __acle_se_tfm_psa_connect_veneer
                0x00000000000107e2                __acle_se_tfm_psa_close_veneer
 *libgcc*:*(.text*)
 .text          0x0000000000010828       0xc8 /home/jforgue/.local/zephyr-sdk-0.15.2/arm-zephyr-eabi/bin/../lib/gcc/arm-zephyr-eabi/12.1.0/thumb/v8-m.main/nofp/libgcc.a(cmse.o)
                0x0000000000010828                cmse_check_address_range
 *libgcc*:*(.rodata*)
 *libtfm_sprt*:*(.text*)
 .text.memset   0x00000000000108f0       0x3e secure_fw/partitions/lib/sprt/libtfm_sprt.a(crt_memset.o)
                0x00000000000108f0                memset
 .text.memcpy   0x000000000001092e       0x62 secure_fw/partitions/lib/sprt/libtfm_sprt.a(crt_memcpy.o)
                0x000000000001092e                memcpy
 .text.runtime_init_c
                0x0000000000010990       0x18 secure_fw/partitions/lib/sprt/libtfm_sprt.a(sprt_main.o)
 .text.sprt_main
                0x00000000000109a8        0x6 secure_fw/partitions/lib/sprt/libtfm_sprt.a(sprt_main.o)
                0x00000000000109a8                sprt_main
 *fill*         0x00000000000109ae        0x2 
 .text.common_sfn_thread
                0x00000000000109b0       0x84 secure_fw/partitions/lib/sprt/libtfm_sprt.a(sfn_common_thread.o)
                0x00000000000109b0                common_sfn_thread
 *libtfm_sprt*:*(.rodata*)
 *psa_client.*(.text*)
 *psa_client.*(.rodata*)
 *psa_service.*(.text*)
 *psa_service.*(.rodata*)
 *psa_lifecycle.*(.text*)
 *psa_lifecycle.*(.rodata*)
 *tfm_log_raw.*(.text*)
 *tfm_log_raw.*(.rodata*)
 *tfm_psa_call_pack.*(.text*)
 *tfm_psa_call_pack.*(.rodata*)
 *psa_interface_svc.*(.text*)
 *psa_interface_svc.*(.rodata*)
                0x0000000000010a40                . = ALIGN (0x20)
 *fill*         0x0000000000010a34        0xc 
                0x00000000000104c0                Image$$TFM_UNPRIV_CODE$$RO$$Base = ADDR (.TFM_UNPRIV_CODE)
                0x0000000000010a40                Image$$TFM_UNPRIV_CODE$$RO$$Limit = (ADDR (.TFM_UNPRIV_CODE) + SIZEOF (.TFM_UNPRIV_CODE))

.TFM_SP_LOAD_LIST
                0x0000000000010a40      0x124
 *(.part_load)
 .part_load     0x0000000000010a40       0x4c secure_fw/CMakeFiles/tfm_s.dir/__/generated/secure_fw/partitions/crypto/auto_generated/load_info_tfm_crypto.o
                0x0000000000010a40                tfm_sp_crypto_load
 .part_load     0x0000000000010a8c       0x78 secure_fw/CMakeFiles/tfm_s.dir/__/generated/secure_fw/partitions/platform/auto_generated/load_info_tfm_platform.o
                0x0000000000010a8c                tfm_sp_platform_load
 .part_load     0x0000000000010b04       0x30 secure_fw/CMakeFiles/tfm_s.dir/partitions/ns_agent_tz/load_info_ns_agent_tz.o
                0x0000000000010b04                tfm_sp_ns_agent_tz_load
 .part_load     0x0000000000010b34       0x30 secure_fw/CMakeFiles/tfm_s.dir/partitions/idle_partition/load_info_idle_sp.o
                0x0000000000010b34                tfm_sp_idle_load
                0x0000000000010a40                Image$$TFM_SP_LOAD_LIST$$RO$$Base = ADDR (.TFM_SP_LOAD_LIST)
                0x0000000000010b64                Image$$TFM_SP_LOAD_LIST$$RO$$Limit = (ADDR (.TFM_SP_LOAD_LIST) + SIZEOF (.TFM_SP_LOAD_LIST))
                0x0000000000010b80                . = ALIGN (0x20)
                0x0000000000010b80                Image$$TFM_PSA_CODE_START$$Base = .

.TFM_PSA_ROT_LINKER
                0x0000000000010b80      0x600
 *tfm_psa_rot_partition*:*(.text*)
 .text.tfm_crypto_clear_scratch
                0x0000000000010b80       0x20 secure_fw/partitions/crypto/libtfm_psa_rot_partition_crypto.a(crypto_init.o)
                0x0000000000010b80                tfm_crypto_clear_scratch
 .text.tfm_crypto_init
                0x0000000000010ba0       0x20 secure_fw/partitions/crypto/libtfm_psa_rot_partition_crypto.a(crypto_init.o)
                0x0000000000010ba0                tfm_crypto_init
 .text.tfm_crypto_sfn
                0x0000000000010bc0      0x178 secure_fw/partitions/crypto/libtfm_psa_rot_partition_crypto.a(crypto_init.o)
                0x0000000000010bc0                tfm_crypto_sfn
 .text.tfm_crypto_init_alloc
                0x0000000000010d38       0x18 secure_fw/partitions/crypto/libtfm_psa_rot_partition_crypto.a(crypto_alloc.o)
                0x0000000000010d38                tfm_crypto_init_alloc
 .text.tfm_crypto_cipher_generate_iv
                0x0000000000010d50        0x6 secure_fw/partitions/crypto/libtfm_psa_rot_partition_crypto.a(crypto_cipher.o)
                0x0000000000010d50                tfm_crypto_cipher_generate_iv
 .text.tfm_crypto_cipher_set_iv
                0x0000000000010d56        0x6 secure_fw/partitions/crypto/libtfm_psa_rot_partition_crypto.a(crypto_cipher.o)
                0x0000000000010d56                tfm_crypto_cipher_set_iv
 .text.tfm_crypto_cipher_encrypt_setup
                0x0000000000010d5c        0x6 secure_fw/partitions/crypto/libtfm_psa_rot_partition_crypto.a(crypto_cipher.o)
                0x0000000000010d5c                tfm_crypto_cipher_encrypt_setup
 .text.tfm_crypto_cipher_decrypt_setup
                0x0000000000010d62        0x6 secure_fw/partitions/crypto/libtfm_psa_rot_partition_crypto.a(crypto_cipher.o)
                0x0000000000010d62                tfm_crypto_cipher_decrypt_setup
 .text.tfm_crypto_cipher_update
                0x0000000000010d68        0x6 secure_fw/partitions/crypto/libtfm_psa_rot_partition_crypto.a(crypto_cipher.o)
                0x0000000000010d68                tfm_crypto_cipher_update
 .text.tfm_crypto_cipher_finish
                0x0000000000010d6e        0x6 secure_fw/partitions/crypto/libtfm_psa_rot_partition_crypto.a(crypto_cipher.o)
                0x0000000000010d6e                tfm_crypto_cipher_finish
 .text.tfm_crypto_cipher_abort
                0x0000000000010d74        0x6 secure_fw/partitions/crypto/libtfm_psa_rot_partition_crypto.a(crypto_cipher.o)
                0x0000000000010d74                tfm_crypto_cipher_abort
 .text.tfm_crypto_cipher_encrypt
                0x0000000000010d7a        0x6 secure_fw/partitions/crypto/libtfm_psa_rot_partition_crypto.a(crypto_cipher.o)
                0x0000000000010d7a                tfm_crypto_cipher_encrypt
 .text.tfm_crypto_cipher_decrypt
                0x0000000000010d80        0x6 secure_fw/partitions/crypto/libtfm_psa_rot_partition_crypto.a(crypto_cipher.o)
                0x0000000000010d80                tfm_crypto_cipher_decrypt
 .text.tfm_crypto_hash_setup
                0x0000000000010d86        0x6 secure_fw/partitions/crypto/libtfm_psa_rot_partition_crypto.a(crypto_hash.o)
                0x0000000000010d86                tfm_crypto_hash_setup
 .text.tfm_crypto_hash_update
                0x0000000000010d8c        0x6 secure_fw/partitions/crypto/libtfm_psa_rot_partition_crypto.a(crypto_hash.o)
                0x0000000000010d8c                tfm_crypto_hash_update
 .text.tfm_crypto_hash_finish
                0x0000000000010d92        0x6 secure_fw/partitions/crypto/libtfm_psa_rot_partition_crypto.a(crypto_hash.o)
                0x0000000000010d92                tfm_crypto_hash_finish
 .text.tfm_crypto_hash_verify
                0x0000000000010d98        0x6 secure_fw/partitions/crypto/libtfm_psa_rot_partition_crypto.a(crypto_hash.o)
                0x0000000000010d98                tfm_crypto_hash_verify
 .text.tfm_crypto_hash_abort
                0x0000000000010d9e        0x6 secure_fw/partitions/crypto/libtfm_psa_rot_partition_crypto.a(crypto_hash.o)
                0x0000000000010d9e                tfm_crypto_hash_abort
 .text.tfm_crypto_hash_clone
                0x0000000000010da4        0x6 secure_fw/partitions/crypto/libtfm_psa_rot_partition_crypto.a(crypto_hash.o)
                0x0000000000010da4                tfm_crypto_hash_clone
 .text.tfm_crypto_hash_compute
                0x0000000000010daa        0x6 secure_fw/partitions/crypto/libtfm_psa_rot_partition_crypto.a(crypto_hash.o)
                0x0000000000010daa                tfm_crypto_hash_compute
 .text.tfm_crypto_hash_compare
                0x0000000000010db0        0x6 secure_fw/partitions/crypto/libtfm_psa_rot_partition_crypto.a(crypto_hash.o)
                0x0000000000010db0                tfm_crypto_hash_compare
 .text.tfm_crypto_mac_sign_setup
                0x0000000000010db6        0x6 secure_fw/partitions/crypto/libtfm_psa_rot_partition_crypto.a(crypto_mac.o)
                0x0000000000010db6                tfm_crypto_mac_sign_setup
 .text.tfm_crypto_mac_verify_setup
                0x0000000000010dbc        0x6 secure_fw/partitions/crypto/libtfm_psa_rot_partition_crypto.a(crypto_mac.o)
                0x0000000000010dbc                tfm_crypto_mac_verify_setup
 .text.tfm_crypto_mac_update
                0x0000000000010dc2        0x6 secure_fw/partitions/crypto/libtfm_psa_rot_partition_crypto.a(crypto_mac.o)
                0x0000000000010dc2                tfm_crypto_mac_update
 .text.tfm_crypto_mac_sign_finish
                0x0000000000010dc8        0x6 secure_fw/partitions/crypto/libtfm_psa_rot_partition_crypto.a(crypto_mac.o)
                0x0000000000010dc8                tfm_crypto_mac_sign_finish
 .text.tfm_crypto_mac_verify_finish
                0x0000000000010dce        0x6 secure_fw/partitions/crypto/libtfm_psa_rot_partition_crypto.a(crypto_mac.o)
                0x0000000000010dce                tfm_crypto_mac_verify_finish
 .text.tfm_crypto_mac_abort
                0x0000000000010dd4        0x6 secure_fw/partitions/crypto/libtfm_psa_rot_partition_crypto.a(crypto_mac.o)
                0x0000000000010dd4                tfm_crypto_mac_abort
 .text.tfm_crypto_mac_compute
                0x0000000000010dda        0x6 secure_fw/partitions/crypto/libtfm_psa_rot_partition_crypto.a(crypto_mac.o)
                0x0000000000010dda                tfm_crypto_mac_compute
 .text.tfm_crypto_mac_verify
                0x0000000000010de0        0x6 secure_fw/partitions/crypto/libtfm_psa_rot_partition_crypto.a(crypto_mac.o)
                0x0000000000010de0                tfm_crypto_mac_verify
 .text.tfm_crypto_aead_encrypt
                0x0000000000010de6        0x6 secure_fw/partitions/crypto/libtfm_psa_rot_partition_crypto.a(crypto_aead.o)
                0x0000000000010de6                tfm_crypto_aead_encrypt
 .text.tfm_crypto_aead_decrypt
                0x0000000000010dec        0x6 secure_fw/partitions/crypto/libtfm_psa_rot_partition_crypto.a(crypto_aead.o)
                0x0000000000010dec                tfm_crypto_aead_decrypt
 .text.tfm_crypto_aead_encrypt_setup
                0x0000000000010df2        0x6 secure_fw/partitions/crypto/libtfm_psa_rot_partition_crypto.a(crypto_aead.o)
                0x0000000000010df2                tfm_crypto_aead_encrypt_setup
 .text.tfm_crypto_aead_decrypt_setup
                0x0000000000010df8        0x6 secure_fw/partitions/crypto/libtfm_psa_rot_partition_crypto.a(crypto_aead.o)
                0x0000000000010df8                tfm_crypto_aead_decrypt_setup
 .text.tfm_crypto_aead_abort
                0x0000000000010dfe        0x6 secure_fw/partitions/crypto/libtfm_psa_rot_partition_crypto.a(crypto_aead.o)
                0x0000000000010dfe                tfm_crypto_aead_abort
 .text.tfm_crypto_aead_finish
                0x0000000000010e04        0x6 secure_fw/partitions/crypto/libtfm_psa_rot_partition_crypto.a(crypto_aead.o)
                0x0000000000010e04                tfm_crypto_aead_finish
 .text.tfm_crypto_aead_generate_nonce
                0x0000000000010e0a        0x6 secure_fw/partitions/crypto/libtfm_psa_rot_partition_crypto.a(crypto_aead.o)
                0x0000000000010e0a                tfm_crypto_aead_generate_nonce
 .text.tfm_crypto_aead_set_nonce
                0x0000000000010e10        0x6 secure_fw/partitions/crypto/libtfm_psa_rot_partition_crypto.a(crypto_aead.o)
                0x0000000000010e10                tfm_crypto_aead_set_nonce
 .text.tfm_crypto_aead_set_lengths
                0x0000000000010e16        0x6 secure_fw/partitions/crypto/libtfm_psa_rot_partition_crypto.a(crypto_aead.o)
                0x0000000000010e16                tfm_crypto_aead_set_lengths
 .text.tfm_crypto_aead_update
                0x0000000000010e1c        0x6 secure_fw/partitions/crypto/libtfm_psa_rot_partition_crypto.a(crypto_aead.o)
                0x0000000000010e1c                tfm_crypto_aead_update
 .text.tfm_crypto_aead_update_ad
                0x0000000000010e22        0x6 secure_fw/partitions/crypto/libtfm_psa_rot_partition_crypto.a(crypto_aead.o)
                0x0000000000010e22                tfm_crypto_aead_update_ad
 .text.tfm_crypto_aead_verify
                0x0000000000010e28        0x6 secure_fw/partitions/crypto/libtfm_psa_rot_partition_crypto.a(crypto_aead.o)
                0x0000000000010e28                tfm_crypto_aead_verify
 .text.tfm_crypto_sign_message
                0x0000000000010e2e        0x6 secure_fw/partitions/crypto/libtfm_psa_rot_partition_crypto.a(crypto_asymmetric.o)
                0x0000000000010e2e                tfm_crypto_sign_message
 .text.tfm_crypto_verify_message
                0x0000000000010e34        0x6 secure_fw/partitions/crypto/libtfm_psa_rot_partition_crypto.a(crypto_asymmetric.o)
                0x0000000000010e34                tfm_crypto_verify_message
 .text.tfm_crypto_sign_hash
                0x0000000000010e3a        0x6 secure_fw/partitions/crypto/libtfm_psa_rot_partition_crypto.a(crypto_asymmetric.o)
                0x0000000000010e3a                tfm_crypto_sign_hash
 .text.tfm_crypto_verify_hash
                0x0000000000010e40        0x6 secure_fw/partitions/crypto/libtfm_psa_rot_partition_crypto.a(crypto_asymmetric.o)
                0x0000000000010e40                tfm_crypto_verify_hash
 .text.tfm_crypto_asymmetric_encrypt
                0x0000000000010e46        0x6 secure_fw/partitions/crypto/libtfm_psa_rot_partition_crypto.a(crypto_asymmetric.o)
                0x0000000000010e46                tfm_crypto_asymmetric_encrypt
 .text.tfm_crypto_asymmetric_decrypt
                0x0000000000010e4c        0x6 secure_fw/partitions/crypto/libtfm_psa_rot_partition_crypto.a(crypto_asymmetric.o)
                0x0000000000010e4c                tfm_crypto_asymmetric_decrypt
 .text.tfm_crypto_key_derivation_setup
                0x0000000000010e52        0x6 secure_fw/partitions/crypto/libtfm_psa_rot_partition_crypto.a(crypto_key_derivation.o)
                0x0000000000010e52                tfm_crypto_key_derivation_setup
 .text.tfm_crypto_key_derivation_get_capacity
                0x0000000000010e58        0x6 secure_fw/partitions/crypto/libtfm_psa_rot_partition_crypto.a(crypto_key_derivation.o)
                0x0000000000010e58                tfm_crypto_key_derivation_get_capacity
 .text.tfm_crypto_key_derivation_set_capacity
                0x0000000000010e5e        0x6 secure_fw/partitions/crypto/libtfm_psa_rot_partition_crypto.a(crypto_key_derivation.o)
                0x0000000000010e5e                tfm_crypto_key_derivation_set_capacity
 .text.tfm_crypto_key_derivation_input_bytes
                0x0000000000010e64        0x6 secure_fw/partitions/crypto/libtfm_psa_rot_partition_crypto.a(crypto_key_derivation.o)
                0x0000000000010e64                tfm_crypto_key_derivation_input_bytes
 .text.tfm_crypto_key_derivation_output_bytes
                0x0000000000010e6a        0x6 secure_fw/partitions/crypto/libtfm_psa_rot_partition_crypto.a(crypto_key_derivation.o)
                0x0000000000010e6a                tfm_crypto_key_derivation_output_bytes
 .text.tfm_crypto_key_derivation_input_key
                0x0000000000010e70        0x6 secure_fw/partitions/crypto/libtfm_psa_rot_partition_crypto.a(crypto_key_derivation.o)
                0x0000000000010e70                tfm_crypto_key_derivation_input_key
 .text.tfm_crypto_key_derivation_output_key
                0x0000000000010e76        0x6 secure_fw/partitions/crypto/libtfm_psa_rot_partition_crypto.a(crypto_key_derivation.o)
                0x0000000000010e76                tfm_crypto_key_derivation_output_key
 .text.tfm_crypto_key_derivation_abort
                0x0000000000010e7c        0x6 secure_fw/partitions/crypto/libtfm_psa_rot_partition_crypto.a(crypto_key_derivation.o)
                0x0000000000010e7c                tfm_crypto_key_derivation_abort
 .text.tfm_crypto_key_derivation_key_agreement
                0x0000000000010e82        0x6 secure_fw/partitions/crypto/libtfm_psa_rot_partition_crypto.a(crypto_key_derivation.o)
                0x0000000000010e82                tfm_crypto_key_derivation_key_agreement
 .text.tfm_crypto_raw_key_agreement
                0x0000000000010e88        0x6 secure_fw/partitions/crypto/libtfm_psa_rot_partition_crypto.a(crypto_key_derivation.o)
                0x0000000000010e88                tfm_crypto_raw_key_agreement
 .text.tfm_crypto_import_key
                0x0000000000010e8e        0x6 secure_fw/partitions/crypto/libtfm_psa_rot_partition_crypto.a(crypto_key_management.o)
                0x0000000000010e8e                tfm_crypto_import_key
 .text.tfm_crypto_open_key
                0x0000000000010e94        0x6 secure_fw/partitions/crypto/libtfm_psa_rot_partition_crypto.a(crypto_key_management.o)
                0x0000000000010e94                tfm_crypto_open_key
 .text.tfm_crypto_close_key
                0x0000000000010e9a        0x6 secure_fw/partitions/crypto/libtfm_psa_rot_partition_crypto.a(crypto_key_management.o)
                0x0000000000010e9a                tfm_crypto_close_key
 .text.tfm_crypto_destroy_key
                0x0000000000010ea0        0x6 secure_fw/partitions/crypto/libtfm_psa_rot_partition_crypto.a(crypto_key_management.o)
                0x0000000000010ea0                tfm_crypto_destroy_key
 .text.tfm_crypto_get_key_attributes
                0x0000000000010ea6        0x6 secure_fw/partitions/crypto/libtfm_psa_rot_partition_crypto.a(crypto_key_management.o)
                0x0000000000010ea6                tfm_crypto_get_key_attributes
 .text.tfm_crypto_reset_key_attributes
                0x0000000000010eac        0x6 secure_fw/partitions/crypto/libtfm_psa_rot_partition_crypto.a(crypto_key_management.o)
                0x0000000000010eac                tfm_crypto_reset_key_attributes
 .text.tfm_crypto_export_key
                0x0000000000010eb2        0x6 secure_fw/partitions/crypto/libtfm_psa_rot_partition_crypto.a(crypto_key_management.o)
                0x0000000000010eb2                tfm_crypto_export_key
 .text.tfm_crypto_export_public_key
                0x0000000000010eb8        0x6 secure_fw/partitions/crypto/libtfm_psa_rot_partition_crypto.a(crypto_key_management.o)
                0x0000000000010eb8                tfm_crypto_export_public_key
 .text.tfm_crypto_purge_key
                0x0000000000010ebe        0x6 secure_fw/partitions/crypto/libtfm_psa_rot_partition_crypto.a(crypto_key_management.o)
                0x0000000000010ebe                tfm_crypto_purge_key
 .text.tfm_crypto_copy_key
                0x0000000000010ec4        0x6 secure_fw/partitions/crypto/libtfm_psa_rot_partition_crypto.a(crypto_key_management.o)
                0x0000000000010ec4                tfm_crypto_copy_key
 .text.tfm_crypto_generate_key
                0x0000000000010eca        0x6 secure_fw/partitions/crypto/libtfm_psa_rot_partition_crypto.a(crypto_key_management.o)
                0x0000000000010eca                tfm_crypto_generate_key
 .text.tfm_crypto_generate_random
                0x0000000000010ed0       0x1c secure_fw/partitions/crypto/libtfm_psa_rot_partition_crypto.a(crypto_rng.o)
                0x0000000000010ed0                tfm_crypto_generate_random
 .text.platform_sp_nv_counter_ipc
                0x0000000000010eec        0x6 secure_fw/partitions/platform/libtfm_psa_rot_partition_platform.a(platform_sp.o)
 .text.platform_sp_system_reset_ipc
                0x0000000000010ef2        0xa secure_fw/partitions/platform/libtfm_psa_rot_partition_platform.a(platform_sp.o)
 .text.platform_sp_ioctl_ipc
                0x0000000000010efc       0xf0 secure_fw/partitions/platform/libtfm_psa_rot_partition_platform.a(platform_sp.o)
 .text.platform_signal_handle
                0x0000000000010fec       0x3a secure_fw/partitions/platform/libtfm_psa_rot_partition_platform.a(platform_sp.o)
 .text.platform_sp_system_reset
                0x0000000000011026        0xa secure_fw/partitions/platform/libtfm_psa_rot_partition_platform.a(platform_sp.o)
                0x0000000000011026                platform_sp_system_reset
 .text.platform_sp_init
                0x0000000000011030       0x48 secure_fw/partitions/platform/libtfm_psa_rot_partition_platform.a(platform_sp.o)
                0x0000000000011030                platform_sp_init
 *tfm_psa_rot_partition*:*(.rodata*)
 .rodata.sfid_func_table
                0x0000000000011078      0x104 secure_fw/partitions/crypto/libtfm_psa_rot_partition_crypto.a(crypto_init.o)
 *(TFM_*_PSA-ROT_ATTR_FN)
                0x0000000000011180                . = ALIGN (0x20)
 *fill*         0x000000000001117c        0x4 
                0x0000000000010b80                Image$$TFM_PSA_ROT_LINKER$$RO$$Base = ADDR (.TFM_PSA_ROT_LINKER)
                0x0000000000011180                Image$$TFM_PSA_ROT_LINKER$$RO$$Limit = (ADDR (.TFM_PSA_ROT_LINKER) + SIZEOF (.TFM_PSA_ROT_LINKER))
                0x0000000000010b80                Image$$TFM_PSA_ROT_LINKER$$Base = ADDR (.TFM_PSA_ROT_LINKER)
                0x0000000000011180                Image$$TFM_PSA_ROT_LINKER$$Limit = (ADDR (.TFM_PSA_ROT_LINKER) + SIZEOF (.TFM_PSA_ROT_LINKER))
                0x0000000000011180                Image$$TFM_PSA_CODE_END$$Base = .
                0x0000000000011180                Image$$TFM_APP_CODE_START$$Base = .

.TFM_APP_ROT_LINKER
                0x0000000000011180        0x0
 *tfm_app_rot_partition*:*(.text*)
 *tfm_app_rot_partition*:*(.rodata*)
 *(TFM_*_APP-ROT_ATTR_FN)
                0x0000000000011180                . = ALIGN (0x20)
                0x0000000000011180                Image$$TFM_APP_ROT_LINKER$$RO$$Base = ADDR (.TFM_APP_ROT_LINKER)
                0x0000000000011180                Image$$TFM_APP_ROT_LINKER$$RO$$Limit = (ADDR (.TFM_APP_ROT_LINKER) + SIZEOF (.TFM_APP_ROT_LINKER))
                0x0000000000011180                Image$$TFM_APP_ROT_LINKER$$Base = ADDR (.TFM_APP_ROT_LINKER)
                0x0000000000011180                Image$$TFM_APP_ROT_LINKER$$Limit = (ADDR (.TFM_APP_ROT_LINKER) + SIZEOF (.TFM_APP_ROT_LINKER))
                0x0000000000011180                Image$$TFM_APP_CODE_END$$Base = .

.ER_TFM_CODE    0x0000000000011180     0x4324
 *(.text*)
 .text          0x0000000000011180       0x88 /home/jforgue/.local/zephyr-sdk-0.15.2/arm-zephyr-eabi/bin/../lib/gcc/arm-zephyr-eabi/12.1.0/thumb/v8-m.main/nofp/crtbegin.o
 .text          0x0000000000011208       0x7c /home/jforgue/.local/zephyr-sdk-0.15.2/arm-zephyr-eabi/bin/../lib/gcc/arm-zephyr-eabi/12.1.0/../../../../arm-zephyr-eabi/lib/thumb/v8-m.main/nofp/crt0.o
                0x0000000000011208                _stack_init
                0x0000000000011210                _mainCRTStartup
                0x0000000000011210                _start
 .text.C_HardFault_Handler
                0x0000000000011284        0x4 secure_fw/CMakeFiles/tfm_s.dir/__/platform/ext/common/faults.o
                0x0000000000011284                C_HardFault_Handler
 .text.HardFault_Handler
                0x0000000000011288        0x6 secure_fw/CMakeFiles/tfm_s.dir/__/platform/ext/common/faults.o
                0x0000000000011288                HardFault_Handler
 .text.C_MemManage_Handler
                0x000000000001128e        0x4 secure_fw/CMakeFiles/tfm_s.dir/__/platform/ext/common/faults.o
                0x000000000001128e                C_MemManage_Handler
 .text.MemManage_Handler
                0x0000000000011292        0x6 secure_fw/CMakeFiles/tfm_s.dir/__/platform/ext/common/faults.o
                0x0000000000011292                MemManage_Handler
 .text.C_BusFault_Handler
                0x0000000000011298        0x4 secure_fw/CMakeFiles/tfm_s.dir/__/platform/ext/common/faults.o
                0x0000000000011298                C_BusFault_Handler
 .text.BusFault_Handler
                0x000000000001129c        0x6 secure_fw/CMakeFiles/tfm_s.dir/__/platform/ext/common/faults.o
                0x000000000001129c                BusFault_Handler
 .text.C_SecureFault_Handler
                0x00000000000112a2        0x4 secure_fw/CMakeFiles/tfm_s.dir/__/platform/ext/common/faults.o
                0x00000000000112a2                C_SecureFault_Handler
 .text.SecureFault_Handler
                0x00000000000112a6        0x6 secure_fw/CMakeFiles/tfm_s.dir/__/platform/ext/common/faults.o
                0x00000000000112a6                SecureFault_Handler
 .text.C_UsageFault_Handler
                0x00000000000112ac        0x4 secure_fw/CMakeFiles/tfm_s.dir/__/platform/ext/common/faults.o
                0x00000000000112ac                C_UsageFault_Handler
 .text.UsageFault_Handler
                0x00000000000112b0        0x6 secure_fw/CMakeFiles/tfm_s.dir/__/platform/ext/common/faults.o
                0x00000000000112b0                UsageFault_Handler
 *fill*         0x00000000000112b6        0x2 
 .text.hw_init_reset_on_boot
                0x00000000000112b8       0xf0 platform/libplatform_s.a(hw_init.o)
                0x00000000000112b8                hw_init_reset_on_boot
 .text.nrf91_errata_14
                0x00000000000113a8       0x20 platform/libplatform_s.a(system_nrf9160.o)
 .text.SystemInit
                0x00000000000113c8      0x194 platform/libplatform_s.a(system_nrf9160.o)
                0x00000000000113c8                SystemInit
 .text.startup.main
                0x000000000001155c       0x4c secure_fw/spm/libtfm_spm.a(main.o)
                0x000000000001155c                main
 .text.cross_call_entering_c
                0x00000000000115a8       0x2c secure_fw/spm/libtfm_spm.a(spm_cross_call.o)
                0x00000000000115a8                cross_call_entering_c
 .text.cross_call_exiting_c
                0x00000000000115d4       0x30 secure_fw/spm/libtfm_spm.a(spm_cross_call.o)
                0x00000000000115d4                cross_call_exiting_c
 .text.spm_interface_cross_dispatcher
                0x0000000000011604       0x38 secure_fw/spm/libtfm_spm.a(spm_cross_call.o)
                0x0000000000011604                spm_interface_cross_dispatcher
 .text.spm_handle_programmer_errors
                0x000000000001163c       0x18 secure_fw/spm/libtfm_spm.a(psa_api.o)
                0x000000000001163c                spm_handle_programmer_errors
 .text.tfm_spm_get_lifecycle_state
                0x0000000000011654        0x4 secure_fw/spm/libtfm_spm.a(psa_api.o)
                0x0000000000011654                tfm_spm_get_lifecycle_state
 .text.tfm_spm_client_psa_framework_version
                0x0000000000011658        0x6 secure_fw/spm/libtfm_spm.a(psa_api.o)
                0x0000000000011658                tfm_spm_client_psa_framework_version
 .text.tfm_spm_client_psa_version
                0x000000000001165e       0x2c secure_fw/spm/libtfm_spm.a(psa_api.o)
                0x000000000001165e                tfm_spm_client_psa_version
 *fill*         0x000000000001168a        0x2 
 .text.tfm_spm_client_psa_call
                0x000000000001168c      0x1e8 secure_fw/spm/libtfm_spm.a(psa_api.o)
                0x000000000001168c                tfm_spm_client_psa_call
 .text.tfm_spm_client_psa_connect
                0x0000000000011874       0xa4 secure_fw/spm/libtfm_spm.a(psa_api.o)
                0x0000000000011874                tfm_spm_client_psa_connect
 .text.tfm_spm_client_psa_close
                0x0000000000011918       0x74 secure_fw/spm/libtfm_spm.a(psa_api.o)
                0x0000000000011918                tfm_spm_client_psa_close
 .text.tfm_spm_partition_psa_wait
                0x000000000001198c       0x40 secure_fw/spm/libtfm_spm.a(psa_api.o)
                0x000000000001198c                tfm_spm_partition_psa_wait
 .text.tfm_spm_partition_psa_get
                0x00000000000119cc       0x68 secure_fw/spm/libtfm_spm.a(psa_api.o)
                0x00000000000119cc                tfm_spm_partition_psa_get
 .text.tfm_spm_partition_psa_read
                0x0000000000011a34       0x72 secure_fw/spm/libtfm_spm.a(psa_api.o)
                0x0000000000011a34                tfm_spm_partition_psa_read
 .text.tfm_spm_partition_psa_skip
                0x0000000000011aa6       0x46 secure_fw/spm/libtfm_spm.a(psa_api.o)
                0x0000000000011aa6                tfm_spm_partition_psa_skip
 .text.tfm_spm_partition_psa_write
                0x0000000000011aec       0x6c secure_fw/spm/libtfm_spm.a(psa_api.o)
                0x0000000000011aec                tfm_spm_partition_psa_write
 .text.tfm_spm_partition_psa_reply
                0x0000000000011b58       0xa4 secure_fw/spm/libtfm_spm.a(psa_api.o)
                0x0000000000011b58                tfm_spm_partition_psa_reply
 .text.tfm_spm_partition_psa_notify
                0x0000000000011bfc       0x10 secure_fw/spm/libtfm_spm.a(psa_api.o)
                0x0000000000011bfc                tfm_spm_partition_psa_notify
 .text.tfm_spm_partition_psa_clear
                0x0000000000011c0c       0x2c secure_fw/spm/libtfm_spm.a(psa_api.o)
                0x0000000000011c0c                tfm_spm_partition_psa_clear
 .text.tfm_spm_partition_psa_panic
                0x0000000000011c38        0x4 secure_fw/spm/libtfm_spm.a(psa_api.o)
                0x0000000000011c38                tfm_spm_partition_psa_panic
 .text.tfm_spm_partition_psa_set_rhandle
                0x0000000000011c3c       0x24 secure_fw/spm/libtfm_spm.a(psa_api.o)
                0x0000000000011c3c                tfm_spm_partition_psa_set_rhandle
 .text.ipc_wake_up
                0x0000000000011c60       0x16 secure_fw/spm/libtfm_spm.a(backend_ipc.o)
 .text.ipc_replying
                0x0000000000011c76        0xc secure_fw/spm/libtfm_spm.a(backend_ipc.o)
 *fill*         0x0000000000011c82        0x2 
 .text.ipc_wait
                0x0000000000011c84       0x28 secure_fw/spm/libtfm_spm.a(backend_ipc.o)
 .text.ipc_messaging
                0x0000000000011cac       0x64 secure_fw/spm/libtfm_spm.a(backend_ipc.o)
 .text.ipc_system_run
                0x0000000000011d10       0x28 secure_fw/spm/libtfm_spm.a(backend_ipc.o)
 .text.ipc_comp_init_assuredly
                0x0000000000011d38       0xb8 secure_fw/spm/libtfm_spm.a(backend_ipc.o)
 .text.tfm_core_svc_handler
                0x0000000000011df0      0x194 secure_fw/spm/libtfm_spm.a(tfm_core_svcalls_ipc.o)
                0x0000000000011df0                tfm_core_svc_handler
 .text.tfm_core_handler_mode
                0x0000000000011f84        0x4 secure_fw/spm/libtfm_spm.a(tfm_core_svcalls_ipc.o)
                0x0000000000011f84                tfm_core_handler_mode
 .text.tfm_access_violation_handler
                0x0000000000011f88        0x4 secure_fw/spm/libtfm_spm.a(tfm_core_svcalls_ipc.o)
                0x0000000000011f88                tfm_access_violation_handler
 .text.thrd_next
                0x0000000000011f8c       0x18 secure_fw/spm/libtfm_spm.a(thread.o)
                0x0000000000011f8c                thrd_next
 .text.thrd_set_state
                0x0000000000011fa4       0x28 secure_fw/spm/libtfm_spm.a(thread.o)
                0x0000000000011fa4                thrd_set_state
 .text.thrd_start
                0x0000000000011fcc       0x44 secure_fw/spm/libtfm_spm.a(thread.o)
                0x0000000000011fcc                thrd_start
 .text.thrd_start_scheduler
                0x0000000000012010       0x1c secure_fw/spm/libtfm_spm.a(thread.o)
                0x0000000000012010                thrd_start_scheduler
 .text.thrd_set_wait
                0x000000000001202c       0x18 secure_fw/spm/libtfm_spm.a(thread.o)
                0x000000000001202c                thrd_set_wait
 .text.thrd_wake_up
                0x0000000000012044       0x26 secure_fw/spm/libtfm_spm.a(thread.o)
                0x0000000000012044                thrd_wake_up
 *fill*         0x000000000001206a        0x2 
 .text.arch_non_preempt_call
                0x000000000001206c       0x54 secure_fw/spm/libtfm_spm.a(tfm_arch_v8m_main.o)
                0x000000000001206c                arch_non_preempt_call
 .text.PendSV_Handler
                0x00000000000120c0       0x3c secure_fw/spm/libtfm_spm.a(tfm_arch_v8m_main.o)
                0x00000000000120c0                PendSV_Handler
 .text.SVC_Handler
                0x00000000000120fc       0x54 secure_fw/spm/libtfm_spm.a(tfm_arch_v8m_main.o)
                0x00000000000120fc                SVC_Handler
 .text.tfm_arch_set_secure_exception_priorities
                0x0000000000012150       0x28 secure_fw/spm/libtfm_spm.a(tfm_arch_v8m_main.o)
                0x0000000000012150                tfm_arch_set_secure_exception_priorities
 .text.tfm_arch_config_extensions
                0x0000000000012178        0x2 secure_fw/spm/libtfm_spm.a(tfm_arch_v8m_main.o)
                0x0000000000012178                tfm_arch_config_extensions
 .text.tfm_arch_clear_fp_status
                0x000000000001217a       0x12 secure_fw/spm/libtfm_spm.a(tfm_arch_v8m_main.o)
                0x000000000001217a                tfm_arch_clear_fp_status
 .text.ns_agent_tz_init_c
                0x000000000001218c       0x20 secure_fw/spm/libtfm_spm.a(ns_agent_tz.o)
 .text.ns_agent_tz_main
                0x00000000000121ac       0x34 secure_fw/spm/libtfm_spm.a(ns_agent_tz.o)
                0x00000000000121ac                ns_agent_tz_main
 .text.tfm_idle_thread
                0x00000000000121e0       0x14 secure_fw/spm/libtfm_spm.a(idle_partition.o)
                0x00000000000121e0                tfm_idle_thread
 .text.tfm_core_validate_boot_data
                0x00000000000121f4        0xc secure_fw/spm/libtfm_spm.a(tfm_boot_data.o)
                0x00000000000121f4                tfm_core_validate_boot_data
 .text.tfm_core_get_boot_data_handler
                0x0000000000012200       0x30 secure_fw/spm/libtfm_spm.a(tfm_boot_data.o)
                0x0000000000012200                tfm_core_get_boot_data_handler
 .text.spm_memcpy
                0x0000000000012230       0x62 secure_fw/spm/libtfm_spm.a(tfm_core_utils.o)
                0x0000000000012230                spm_memcpy
 .text.spm_memset
                0x0000000000012292       0x3e secure_fw/spm/libtfm_spm.a(tfm_core_utils.o)
                0x0000000000012292                spm_memset
 .text.tfm_core_panic
                0x00000000000122d0        0x4 secure_fw/spm/libtfm_spm.a(utilities.o)
                0x00000000000122d0                tfm_core_panic
 .text.tfm_arch_free_msp_and_exc_ret
                0x00000000000122d4       0x10 secure_fw/spm/libtfm_spm.a(tfm_arch.o)
                0x00000000000122d4                tfm_arch_free_msp_and_exc_ret
 .text.tfm_arch_set_context_ret_code
                0x00000000000122e4       0x14 secure_fw/spm/libtfm_spm.a(tfm_arch.o)
                0x00000000000122e4                tfm_arch_set_context_ret_code
 .text.tfm_arch_trigger_pendsv
                0x00000000000122f8       0x18 secure_fw/spm/libtfm_spm.a(tfm_arch.o)
                0x00000000000122f8                tfm_arch_trigger_pendsv
 .text.tfm_arch_init_context
                0x0000000000012310       0x44 secure_fw/spm/libtfm_spm.a(tfm_arch.o)
                0x0000000000012310                tfm_arch_init_context
 .text.tfm_arch_refresh_hardware_context
                0x0000000000012354       0x12 secure_fw/spm/libtfm_spm.a(tfm_arch.o)
                0x0000000000012354                tfm_arch_refresh_hardware_context
 *fill*         0x0000000000012366        0x2 
 .text.tfm_spm_to_user_handle
                0x0000000000012368       0x20 secure_fw/spm/libtfm_spm.a(spm_ipc.o)
                0x0000000000012368                tfm_spm_to_user_handle
 .text.tfm_spm_to_handle_instance
                0x0000000000012388       0x10 secure_fw/spm/libtfm_spm.a(spm_ipc.o)
                0x0000000000012388                tfm_spm_to_handle_instance
 .text.tfm_spm_create_conn_handle
                0x0000000000012398       0x20 secure_fw/spm/libtfm_spm.a(spm_ipc.o)
                0x0000000000012398                tfm_spm_create_conn_handle
 .text.tfm_spm_validate_conn_handle
                0x00000000000123b8       0x1c secure_fw/spm/libtfm_spm.a(spm_ipc.o)
                0x00000000000123b8                tfm_spm_validate_conn_handle
 .text.tfm_spm_free_conn_handle
                0x00000000000123d4       0x1c secure_fw/spm/libtfm_spm.a(spm_ipc.o)
                0x00000000000123d4                tfm_spm_free_conn_handle
 .text.spm_get_handle_by_signal
                0x00000000000123f0       0x4a secure_fw/spm/libtfm_spm.a(spm_ipc.o)
                0x00000000000123f0                spm_get_handle_by_signal
 *fill*         0x000000000001243a        0x2 
 .text.tfm_spm_get_service_by_sid
                0x000000000001243c       0x2c secure_fw/spm/libtfm_spm.a(spm_ipc.o)
                0x000000000001243c                tfm_spm_get_service_by_sid
 .text.tfm_spm_get_partition_by_id
                0x0000000000012468       0x1c secure_fw/spm/libtfm_spm.a(spm_ipc.o)
                0x0000000000012468                tfm_spm_get_partition_by_id
 .text.tfm_spm_check_client_version
                0x0000000000012484       0x24 secure_fw/spm/libtfm_spm.a(spm_ipc.o)
                0x0000000000012484                tfm_spm_check_client_version
 .text.tfm_spm_check_authorization
                0x00000000000124a8       0x4c secure_fw/spm/libtfm_spm.a(spm_ipc.o)
                0x00000000000124a8                tfm_spm_check_authorization
 .text.spm_get_handle_by_client_handle
                0x00000000000124f4       0x20 secure_fw/spm/libtfm_spm.a(spm_ipc.o)
                0x00000000000124f4                spm_get_handle_by_client_handle
 .text.spm_fill_message
                0x0000000000012514       0x98 secure_fw/spm/libtfm_spm.a(spm_ipc.o)
                0x0000000000012514                spm_fill_message
 .text.tfm_spm_partition_get_running_partition_id
                0x00000000000125ac       0x20 secure_fw/spm/libtfm_spm.a(spm_ipc.o)
                0x00000000000125ac                tfm_spm_partition_get_running_partition_id
 .text.spm_get_handle_by_msg_handle
                0x00000000000125cc       0x28 secure_fw/spm/libtfm_spm.a(spm_ipc.o)
                0x00000000000125cc                spm_get_handle_by_msg_handle
 .text.tfm_memory_check
                0x00000000000125f4       0x40 secure_fw/spm/libtfm_spm.a(spm_ipc.o)
                0x00000000000125f4                tfm_memory_check
 .text.tfm_spm_is_ns_caller
                0x0000000000012634       0x24 secure_fw/spm/libtfm_spm.a(spm_ipc.o)
                0x0000000000012634                tfm_spm_is_ns_caller
 .text.tfm_spm_get_client_id
                0x0000000000012658       0x20 secure_fw/spm/libtfm_spm.a(spm_ipc.o)
                0x0000000000012658                tfm_spm_get_client_id
 .text.tfm_spm_init
                0x0000000000012678       0x9c secure_fw/spm/libtfm_spm.a(spm_ipc.o)
                0x0000000000012678                tfm_spm_init
 .text.do_schedule
                0x0000000000012714       0x7c secure_fw/spm/libtfm_spm.a(spm_ipc.o)
                0x0000000000012714                do_schedule
 .text.update_caller_outvec_len
                0x0000000000012790       0x24 secure_fw/spm/libtfm_spm.a(spm_ipc.o)
                0x0000000000012790                update_caller_outvec_len
 .text.spm_assert_signal
                0x00000000000127b4       0x30 secure_fw/spm/libtfm_spm.a(spm_ipc.o)
                0x00000000000127b4                spm_assert_signal
 .text.load_a_partition_assuredly
                0x00000000000127e4       0xd0 secure_fw/spm/libtfm_spm.a(static_load.o)
                0x00000000000127e4                load_a_partition_assuredly
 .text.load_services_assuredly
                0x00000000000128b4       0xc4 secure_fw/spm/libtfm_spm.a(static_load.o)
                0x00000000000128b4                load_services_assuredly
 .text.load_irqs_assuredly
                0x0000000000012978       0x7e secure_fw/spm/libtfm_spm.a(static_load.o)
                0x0000000000012978                load_irqs_assuredly
 *fill*         0x00000000000129f6        0x2 
 .text.tfm_pool_init
                0x00000000000129f8       0x5c secure_fw/spm/libtfm_spm.a(tfm_pools.o)
                0x00000000000129f8                tfm_pool_init
 .text.tfm_pool_alloc
                0x0000000000012a54       0x16 secure_fw/spm/libtfm_spm.a(tfm_pools.o)
                0x0000000000012a54                tfm_pool_alloc
 .text.tfm_pool_free
                0x0000000000012a6a        0xc secure_fw/spm/libtfm_spm.a(tfm_pools.o)
                0x0000000000012a6a                tfm_pool_free
 .text.is_valid_chunk_data_in_pool
                0x0000000000012a76       0x2e secure_fw/spm/libtfm_spm.a(tfm_pools.o)
                0x0000000000012a76                is_valid_chunk_data_in_pool
 .text.tfm_nspm_get_current_client_id
                0x0000000000012aa4        0x6 secure_fw/spm/libtfm_spm.a(tfm_spm_ns_ctx.o)
                0x0000000000012aa4                tfm_nspm_get_current_client_id
 .text.tfm_nspm_ctx_init
                0x0000000000012aaa        0x2 secure_fw/spm/libtfm_spm.a(tfm_spm_ns_ctx.o)
                0x0000000000012aaa                tfm_nspm_ctx_init
 .text.verify_header
                0x0000000000012aac       0x40 secure_fw/partitions/crypto/mbedcrypto/nrf_security_src/libcrypto_service_mbedcrypto.a(memory_buffer_alloc.o)
 .text.verify_chain
                0x0000000000012aec       0x3c secure_fw/partitions/crypto/mbedcrypto/nrf_security_src/libcrypto_service_mbedcrypto.a(memory_buffer_alloc.o)
 .text.buffer_alloc_calloc
                0x0000000000012b28       0xf4 secure_fw/partitions/crypto/mbedcrypto/nrf_security_src/libcrypto_service_mbedcrypto.a(memory_buffer_alloc.o)
 .text.buffer_alloc_free
                0x0000000000012c1c       0xe8 secure_fw/partitions/crypto/mbedcrypto/nrf_security_src/libcrypto_service_mbedcrypto.a(memory_buffer_alloc.o)
 .text.mbedtls_memory_buffer_alloc_init
                0x0000000000012d04       0x64 secure_fw/partitions/crypto/mbedcrypto/nrf_security_src/libcrypto_service_mbedcrypto.a(memory_buffer_alloc.o)
                0x0000000000012d04                mbedtls_memory_buffer_alloc_init
 .text.psa_remove_key_data_from_memory
                0x0000000000012d68       0x1c secure_fw/partitions/crypto/mbedcrypto/nrf_security_src/libcrypto_service_mbedcrypto.a(psa_crypto.o)
                0x0000000000012d68                psa_remove_key_data_from_memory
 .text.psa_wipe_key_slot
                0x0000000000012d84       0x22 secure_fw/partitions/crypto/mbedcrypto/nrf_security_src/libcrypto_service_mbedcrypto.a(psa_crypto.o)
                0x0000000000012d84                psa_wipe_key_slot
 *fill*         0x0000000000012da6        0x2 
 .text.mbedcrypto__psa_generate_random
                0x0000000000012da8       0x38 secure_fw/partitions/crypto/mbedcrypto/nrf_security_src/libcrypto_service_mbedcrypto.a(psa_crypto.o)
                0x0000000000012da8                mbedcrypto__psa_generate_random
 .text.mbedtls_psa_crypto_free
                0x0000000000012de0       0x30 secure_fw/partitions/crypto/mbedcrypto/nrf_security_src/libcrypto_service_mbedcrypto.a(psa_crypto.o)
                0x0000000000012de0                mbedtls_psa_crypto_free
 .text.mbedcrypto__psa_crypto_init
                0x0000000000012e10       0x48 secure_fw/partitions/crypto/mbedcrypto/nrf_security_src/libcrypto_service_mbedcrypto.a(psa_crypto.o)
                0x0000000000012e10                mbedcrypto__psa_crypto_init
 .text.psa_initialize_key_slots
                0x0000000000012e58       0x18 secure_fw/partitions/crypto/mbedcrypto/nrf_security_src/libcrypto_service_mbedcrypto.a(psa_crypto_slot_management.o)
                0x0000000000012e58                psa_initialize_key_slots
 .text.psa_wipe_all_key_slots
                0x0000000000012e70       0x2c secure_fw/partitions/crypto/mbedcrypto/nrf_security_src/libcrypto_service_mbedcrypto.a(psa_crypto_slot_management.o)
                0x0000000000012e70                psa_wipe_all_key_slots
 .text.psa_driver_wrapper_init
                0x0000000000012e9c        0x4 secure_fw/partitions/crypto/mbedcrypto/nrf_security_src/libcrypto_service_mbedcrypto.a(psa_crypto_driver_wrappers.o)
                0x0000000000012e9c                psa_driver_wrapper_init
 .text.psa_driver_wrapper_free
                0x0000000000012ea0        0x2 secure_fw/partitions/crypto/mbedcrypto/nrf_security_src/libcrypto_service_mbedcrypto.a(psa_crypto_driver_wrappers.o)
                0x0000000000012ea0                psa_driver_wrapper_free
 .text.mbedtls_psa_external_get_random
                0x0000000000012ea2       0x20 secure_fw/partitions/crypto/mbedcrypto/nrf_security_src/libcrypto_service_mbedcrypto.a(random_ext.o)
                0x0000000000012ea2                mbedtls_psa_external_get_random
 .text.tfm_hal_bind_boundaries
                0x0000000000012ec2       0x3e platform/libplatform_s.a(tfm_hal_isolation.o)
                0x0000000000012ec2                tfm_hal_bind_boundaries
 .text.tfm_hal_update_boundaries
                0x0000000000012f00       0x1e platform/libplatform_s.a(tfm_hal_isolation.o)
                0x0000000000012f00                tfm_hal_update_boundaries
 .text.tfm_hal_memory_has_access
                0x0000000000012f1e      0x126 platform/libplatform_s.a(tfm_hal_isolation.o)
                0x0000000000012f1e                tfm_hal_memory_has_access
 .text.mpu_init_cfg
                0x0000000000013044      0x11c platform/libplatform_s.a(tfm_hal_isolation.o)
                0x0000000000013044                mpu_init_cfg
 .text.tfm_hal_set_up_static_boundaries
                0x0000000000013160       0x24 platform/libplatform_s.a(tfm_hal_isolation.o)
                0x0000000000013160                tfm_hal_set_up_static_boundaries
 .text.tfm_hal_platform_common_init
                0x0000000000013184       0x32 platform/libplatform_s.a(tfm_hal_platform_common.o)
                0x0000000000013184                tfm_hal_platform_common_init
 *fill*         0x00000000000131b6        0x2 
 .text.tfm_hal_get_ns_VTOR
                0x00000000000131b8        0xc platform/libplatform_s.a(tfm_hal_platform_common.o)
                0x00000000000131b8                tfm_hal_get_ns_VTOR
 .text.tfm_hal_get_ns_MSP
                0x00000000000131c4        0xc platform/libplatform_s.a(tfm_hal_platform_common.o)
                0x00000000000131c4                tfm_hal_get_ns_MSP
 .text.tfm_hal_get_ns_entry_point
                0x00000000000131d0        0xc platform/libplatform_s.a(tfm_hal_platform_common.o)
                0x00000000000131d0                tfm_hal_get_ns_entry_point
 .text.tfm_hal_irq_enable
                0x00000000000131dc       0x20 platform/libplatform_s.a(tfm_hal_nvic.o)
                0x00000000000131dc                tfm_hal_irq_enable
 .text.tfm_hal_irq_disable
                0x00000000000131fc       0x28 platform/libplatform_s.a(tfm_hal_nvic.o)
                0x00000000000131fc                tfm_hal_irq_disable
 .text.enable_fault_handlers
                0x0000000000013224       0x14 platform/libplatform_s.a(target_cfg.o)
                0x0000000000013224                enable_fault_handlers
 .text.system_reset_cfg
                0x0000000000013238       0x18 platform/libplatform_s.a(target_cfg.o)
                0x0000000000013238                system_reset_cfg
 .text.init_debug
                0x0000000000013250        0x4 platform/libplatform_s.a(target_cfg.o)
                0x0000000000013250                init_debug
 .text.nvic_interrupt_target_state_cfg
                0x0000000000013254       0x30 platform/libplatform_s.a(target_cfg.o)
                0x0000000000013254                nvic_interrupt_target_state_cfg
 .text.nvic_interrupt_enable
                0x0000000000013284       0x18 platform/libplatform_s.a(target_cfg.o)
                0x0000000000013284                nvic_interrupt_enable
 .text.sau_and_idau_cfg
                0x000000000001329c       0x20 platform/libplatform_s.a(target_cfg.o)
                0x000000000001329c                sau_and_idau_cfg
 .text.spu_init_cfg
                0x00000000000132bc       0x3c platform/libplatform_s.a(target_cfg.o)
                0x00000000000132bc                spu_init_cfg
 .text.spu_periph_init_cfg
                0x00000000000132f8      0x188 platform/libplatform_s.a(target_cfg.o)
                0x00000000000132f8                spu_periph_init_cfg
 .text.tfm_hal_platform_init
                0x0000000000013480       0x30 platform/libplatform_s.a(tfm_hal_platform.o)
                0x0000000000013480                tfm_hal_platform_init
 .text.tfm_plat_otp_init
                0x00000000000134b0        0x4 platform/libplatform_s.a(dummy_otp.o)
                0x00000000000134b0                tfm_plat_otp_init
 .text.tfm_plat_provisioning_is_required
                0x00000000000134b4        0x4 platform/libplatform_s.a(dummy_provisioning.o)
                0x00000000000134b4                tfm_plat_provisioning_is_required
 .text.tfm_plat_provisioning_perform
                0x00000000000134b8        0x4 platform/libplatform_s.a(dummy_provisioning.o)
                0x00000000000134b8                tfm_plat_provisioning_perform
 .text.tfm_plat_provisioning_check_for_dummy_keys
                0x00000000000134bc        0x2 platform/libplatform_s.a(dummy_provisioning.o)
                0x00000000000134bc                tfm_plat_provisioning_check_for_dummy_keys
 *fill*         0x00000000000134be        0x2 
 .text.tfm_platform_hal_system_reset
                0x00000000000134c0       0x24 platform/libplatform_s.a(tfm_platform_system.o)
                0x00000000000134c0                tfm_platform_hal_system_reset
 .text.tfm_platform_hal_ioctl
                0x00000000000134e4       0x10 platform/libplatform_s.a(tfm_platform_system.o)
                0x00000000000134e4                tfm_platform_hal_ioctl
 .text.tfm_hal_system_reset
                0x00000000000134f4       0x24 platform/libplatform_s.a(tfm_platform.o)
                0x00000000000134f4                tfm_hal_system_reset
 .text.mpu_armv8m_enable
                0x0000000000013518       0x34 platform/libplatform_s.a(mpu_armv8m_drv.o)
                0x0000000000013518                mpu_armv8m_enable
 .text.mpu_armv8m_region_enable
                0x000000000001354c       0x64 platform/libplatform_s.a(mpu_armv8m_drv.o)
                0x000000000001354c                mpu_armv8m_region_enable
 .text.mpu_armv8m_region_disable
                0x00000000000135b0       0x14 platform/libplatform_s.a(mpu_armv8m_drv.o)
                0x00000000000135b0                mpu_armv8m_region_disable
 .text.mpu_armv8m_clean
                0x00000000000135c4       0x1e platform/libplatform_s.a(mpu_armv8m_drv.o)
                0x00000000000135c4                mpu_armv8m_clean
 *fill*         0x00000000000135e2        0x2 
 .text.spu_enable_interrupts
                0x00000000000135e4       0x10 platform/libplatform_s.a(spu.o)
                0x00000000000135e4                spu_enable_interrupts
 .text.spu_regions_reset_unlocked_secure
                0x00000000000135f4       0x3c platform/libplatform_s.a(spu.o)
                0x00000000000135f4                spu_regions_reset_unlocked_secure
 .text.spu_regions_flash_config_non_secure
                0x0000000000013630       0x24 platform/libplatform_s.a(spu.o)
                0x0000000000013630                spu_regions_flash_config_non_secure
 .text.spu_regions_sram_config_non_secure
                0x0000000000013654       0x2c platform/libplatform_s.a(spu.o)
                0x0000000000013654                spu_regions_sram_config_non_secure
 .text.spu_regions_flash_config_non_secure_callable
                0x0000000000013680       0x30 platform/libplatform_s.a(spu.o)
                0x0000000000013680                spu_regions_flash_config_non_secure_callable
 .text.spu_regions_flash_get_base_address_in_region
                0x00000000000136b0        0x4 platform/libplatform_s.a(spu.o)
                0x00000000000136b0                spu_regions_flash_get_base_address_in_region
 .text.spu_regions_flash_get_last_address_in_region
                0x00000000000136b4        0xa platform/libplatform_s.a(spu.o)
                0x00000000000136b4                spu_regions_flash_get_last_address_in_region
 .text.spu_regions_flash_get_start_id
                0x00000000000136be        0x4 platform/libplatform_s.a(spu.o)
                0x00000000000136be                spu_regions_flash_get_start_id
 .text.spu_regions_flash_get_last_id
                0x00000000000136c2        0x4 platform/libplatform_s.a(spu.o)
                0x00000000000136c2                spu_regions_flash_get_last_id
 .text.spu_regions_flash_get_region_size
                0x00000000000136c6        0x6 platform/libplatform_s.a(spu.o)
                0x00000000000136c6                spu_regions_flash_get_region_size
 .text.spu_regions_sram_get_base_address_in_region
                0x00000000000136cc        0xa platform/libplatform_s.a(spu.o)
                0x00000000000136cc                spu_regions_sram_get_base_address_in_region
 *fill*         0x00000000000136d6        0x2 
 .text.spu_regions_sram_get_last_address_in_region
                0x00000000000136d8        0xc platform/libplatform_s.a(spu.o)
                0x00000000000136d8                spu_regions_sram_get_last_address_in_region
 .text.spu_regions_sram_get_start_id
                0x00000000000136e4        0x4 platform/libplatform_s.a(spu.o)
                0x00000000000136e4                spu_regions_sram_get_start_id
 .text.spu_regions_sram_get_last_id
                0x00000000000136e8        0x4 platform/libplatform_s.a(spu.o)
                0x00000000000136e8                spu_regions_sram_get_last_id
 .text.spu_regions_sram_get_region_size
                0x00000000000136ec        0x6 platform/libplatform_s.a(spu.o)
                0x00000000000136ec                spu_regions_sram_get_region_size
 *fill*         0x00000000000136f2        0x2 
 .text.spu_peripheral_config_non_secure
                0x00000000000136f4       0x18 platform/libplatform_s.a(spu.o)
                0x00000000000136f4                spu_peripheral_config_non_secure
 .text.tfm_platform_hal_read_service
                0x000000000001370c       0x5c platform/libplatform_s.a(tfm_platform_hal_ioctl.o)
                0x000000000001370c                tfm_platform_hal_read_service
 .text.nrf_cc3xx_platform_init_hmac_drbg
                0x0000000000013768       0x44 /home/jforgue/zephyr-cell-new/nrfxlib/crypto/nrf_cc310_platform/lib/cortex-m33/soft-float/no-interrupts/libnrf_cc310_platform_0.9.16.a(nrf_cc3xx_platform.c.obj)
                0x0000000000013768                nrf_cc3xx_platform_init_hmac_drbg
 .text.nrf_cc3xx_platform_hmac_drbg_init
                0x00000000000137ac       0x64 /home/jforgue/zephyr-cell-new/nrfxlib/crypto/nrf_cc310_platform/lib/cortex-m33/soft-float/no-interrupts/libnrf_cc310_platform_0.9.16.a(nrf_cc3xx_platform_hmac_drbg.c.obj)
                0x00000000000137ac                nrf_cc3xx_platform_hmac_drbg_init
 .text.nrf_cc3xx_platform_hmac_drbg_get
                0x0000000000013810       0x48 /home/jforgue/zephyr-cell-new/nrfxlib/crypto/nrf_cc310_platform/lib/cortex-m33/soft-float/no-interrupts/libnrf_cc310_platform_0.9.16.a(nrf_cc3xx_platform_hmac_drbg.c.obj)
                0x0000000000013810                nrf_cc3xx_platform_hmac_drbg_get
 .text.mbedtls_zeroize_internal
                0x0000000000013858       0x14 /home/jforgue/zephyr-cell-new/nrfxlib/crypto/nrf_cc310_platform/lib/cortex-m33/soft-float/no-interrupts/libnrf_cc310_platform_0.9.16.a(mbedtls_common.c.obj)
                0x0000000000013858                mbedtls_zeroize_internal
 .text.mbedtls_platform_zeroize
                0x000000000001386c       0x14 /home/jforgue/zephyr-cell-new/nrfxlib/crypto/nrf_cc310_platform/lib/cortex-m33/soft-float/no-interrupts/libnrf_cc310_platform_0.9.16.a(mbedtls_common.c.obj)
                0x000000000001386c                mbedtls_platform_zeroize
 .text.cc_hmac_sha256_starts.constprop.0
                0x0000000000013880      0x108 /home/jforgue/zephyr-cell-new/nrfxlib/crypto/nrf_cc310_platform/lib/cortex-m33/soft-float/no-interrupts/libnrf_cc310_platform_0.9.16.a(hmac_drbg_alt.c.obj)
 .text.cc_mbedtls_hmac_drbg_init
                0x0000000000013988       0x28 /home/jforgue/zephyr-cell-new/nrfxlib/crypto/nrf_cc310_platform/lib/cortex-m33/soft-float/no-interrupts/libnrf_cc310_platform_0.9.16.a(hmac_drbg_alt.c.obj)
                0x0000000000013988                cc_mbedtls_hmac_drbg_init
 .text.cc_mbedtls_hmac_drbg_update
                0x00000000000139b0      0x170 /home/jforgue/zephyr-cell-new/nrfxlib/crypto/nrf_cc310_platform/lib/cortex-m33/soft-float/no-interrupts/libnrf_cc310_platform_0.9.16.a(hmac_drbg_alt.c.obj)
                0x00000000000139b0                cc_mbedtls_hmac_drbg_update
 .text.cc_hmac_drbg_reseed_core
                0x0000000000013b20       0xac /home/jforgue/zephyr-cell-new/nrfxlib/crypto/nrf_cc310_platform/lib/cortex-m33/soft-float/no-interrupts/libnrf_cc310_platform_0.9.16.a(hmac_drbg_alt.c.obj)
 .text.cc_mbedtls_hmac_drbg_seed
                0x0000000000013bcc       0x54 /home/jforgue/zephyr-cell-new/nrfxlib/crypto/nrf_cc310_platform/lib/cortex-m33/soft-float/no-interrupts/libnrf_cc310_platform_0.9.16.a(hmac_drbg_alt.c.obj)
                0x0000000000013bcc                cc_mbedtls_hmac_drbg_seed
 .text.cc_mbedtls_hmac_drbg_random_with_add
                0x0000000000013c20      0x144 /home/jforgue/zephyr-cell-new/nrfxlib/crypto/nrf_cc310_platform/lib/cortex-m33/soft-float/no-interrupts/libnrf_cc310_platform_0.9.16.a(hmac_drbg_alt.c.obj)
                0x0000000000013c20                cc_mbedtls_hmac_drbg_random_with_add
 .text.entropy_update
                0x0000000000013d64       0x7c /home/jforgue/zephyr-cell-new/nrfxlib/crypto/nrf_cc310_platform/lib/cortex-m33/soft-float/no-interrupts/libnrf_cc310_platform_0.9.16.a(entropy.c.obj)
 .text.entropy_gather_internal.part.0
                0x0000000000013de0       0x88 /home/jforgue/zephyr-cell-new/nrfxlib/crypto/nrf_cc310_platform/lib/cortex-m33/soft-float/no-interrupts/libnrf_cc310_platform_0.9.16.a(entropy.c.obj)
 .text.cc_mbedtls_entropy_init
                0x0000000000013e68       0x84 /home/jforgue/zephyr-cell-new/nrfxlib/crypto/nrf_cc310_platform/lib/cortex-m33/soft-float/no-interrupts/libnrf_cc310_platform_0.9.16.a(entropy.c.obj)
                0x0000000000013e68                cc_mbedtls_entropy_init
 .text.cc_mbedtls_entropy_func
                0x0000000000013eec      0x10c /home/jforgue/zephyr-cell-new/nrfxlib/crypto/nrf_cc310_platform/lib/cortex-m33/soft-float/no-interrupts/libnrf_cc310_platform_0.9.16.a(entropy.c.obj)
                0x0000000000013eec                cc_mbedtls_entropy_func
 .text.RndStartupTest.constprop.0
                0x0000000000013ff8       0x9c /home/jforgue/zephyr-cell-new/nrfxlib/crypto/nrf_cc310_platform/lib/cortex-m33/soft-float/no-interrupts/libnrf_cc310_platform_0.9.16.a(cc_lib.c.obj)
 .text.CC_LibInit_HMAC_DRBG
                0x0000000000014094       0xc0 /home/jforgue/zephyr-cell-new/nrfxlib/crypto/nrf_cc310_platform/lib/cortex-m33/soft-float/no-interrupts/libnrf_cc310_platform_0.9.16.a(cc_lib.c.obj)
                0x0000000000014094                CC_LibInit_HMAC_DRBG
 .text.CC_HalInit
                0x0000000000014154        0x4 /home/jforgue/zephyr-cell-new/nrfxlib/crypto/nrf_cc310_platform/lib/cortex-m33/soft-float/no-interrupts/libnrf_cc310_platform_0.9.16.a(cc_hal.c.obj)
                0x0000000000014154                CC_HalInit
 .text.CC_HalTerminate
                0x0000000000014158        0x4 /home/jforgue/zephyr-cell-new/nrfxlib/crypto/nrf_cc310_platform/lib/cortex-m33/soft-float/no-interrupts/libnrf_cc310_platform_0.9.16.a(cc_hal.c.obj)
                0x0000000000014158                CC_HalTerminate
 .text.CC_HalClearInterruptBit
                0x000000000001415c       0x1c /home/jforgue/zephyr-cell-new/nrfxlib/crypto/nrf_cc310_platform/lib/cortex-m33/soft-float/no-interrupts/libnrf_cc310_platform_0.9.16.a(cc_hal.c.obj)
                0x000000000001415c                CC_HalClearInterruptBit
 .text.CC_HalMaskInterrupt
                0x0000000000014178        0xc /home/jforgue/zephyr-cell-new/nrfxlib/crypto/nrf_cc310_platform/lib/cortex-m33/soft-float/no-interrupts/libnrf_cc310_platform_0.9.16.a(cc_hal.c.obj)
                0x0000000000014178                CC_HalMaskInterrupt
 .text.CC_HalWaitInterrupt
                0x0000000000014184        0xc /home/jforgue/zephyr-cell-new/nrfxlib/crypto/nrf_cc310_platform/lib/cortex-m33/soft-float/no-interrupts/libnrf_cc310_platform_0.9.16.a(cc_hal.c.obj)
                0x0000000000014184                CC_HalWaitInterrupt
 .text.CC_HalWaitInterruptRND
                0x0000000000014190        0xc /home/jforgue/zephyr-cell-new/nrfxlib/crypto/nrf_cc310_platform/lib/cortex-m33/soft-float/no-interrupts/libnrf_cc310_platform_0.9.16.a(cc_hal.c.obj)
                0x0000000000014190                CC_HalWaitInterruptRND
 .text.CC_PalInit
                0x000000000001419c       0x5c /home/jforgue/zephyr-cell-new/nrfxlib/crypto/nrf_cc310_platform/lib/cortex-m33/soft-float/no-interrupts/libnrf_cc310_platform_0.9.16.a(cc_pal.c.obj)
                0x000000000001419c                CC_PalInit
 .text.CC_PalTerminate
                0x00000000000141f8       0x34 /home/jforgue/zephyr-cell-new/nrfxlib/crypto/nrf_cc310_platform/lib/cortex-m33/soft-float/no-interrupts/libnrf_cc310_platform_0.9.16.a(cc_pal.c.obj)
                0x00000000000141f8                CC_PalTerminate
 .text.CC_PalDmaInit
                0x000000000001422c        0x4 /home/jforgue/zephyr-cell-new/nrfxlib/crypto/nrf_cc310_platform/lib/cortex-m33/soft-float/no-interrupts/libnrf_cc310_platform_0.9.16.a(cc_pal_dma.c.obj)
                0x000000000001422c                CC_PalDmaInit
 .text.CC_PalDmaTerminate
                0x0000000000014230        0x4 /home/jforgue/zephyr-cell-new/nrfxlib/crypto/nrf_cc310_platform/lib/cortex-m33/soft-float/no-interrupts/libnrf_cc310_platform_0.9.16.a(cc_pal_dma.c.obj)
                0x0000000000014230                CC_PalDmaTerminate
 .text.CC_PalWaitInterruptRND
                0x0000000000014234       0x2c /home/jforgue/zephyr-cell-new/nrfxlib/crypto/nrf_cc310_platform/lib/cortex-m33/soft-float/no-interrupts/libnrf_cc310_platform_0.9.16.a(cc_pal_interrupt_ctrl.c.obj)
                0x0000000000014234                CC_PalWaitInterruptRND
 .text.CC_PalWaitInterrupt
                0x0000000000014260       0x18 /home/jforgue/zephyr-cell-new/nrfxlib/crypto/nrf_cc310_platform/lib/cortex-m33/soft-float/no-interrupts/libnrf_cc310_platform_0.9.16.a(cc_pal_interrupt_ctrl.c.obj)
                0x0000000000014260                CC_PalWaitInterrupt
 .text.CC_PalMemCopyPlat
                0x0000000000014278        0x4 /home/jforgue/zephyr-cell-new/nrfxlib/crypto/nrf_cc310_platform/lib/cortex-m33/soft-float/no-interrupts/libnrf_cc310_platform_0.9.16.a(cc_pal_mem.c.obj)
                0x0000000000014278                CC_PalMemCopyPlat
 .text.CC_PalMemSetZeroPlat
                0x000000000001427c        0x8 /home/jforgue/zephyr-cell-new/nrfxlib/crypto/nrf_cc310_platform/lib/cortex-m33/soft-float/no-interrupts/libnrf_cc310_platform_0.9.16.a(cc_pal_mem.c.obj)
                0x000000000001427c                CC_PalMemSetZeroPlat
 .text.CC_PalMutexCreate
                0x0000000000014284       0x14 /home/jforgue/zephyr-cell-new/nrfxlib/crypto/nrf_cc310_platform/lib/cortex-m33/soft-float/no-interrupts/libnrf_cc310_platform_0.9.16.a(cc_pal_mutex.c.obj)
                0x0000000000014284                CC_PalMutexCreate
 .text.CC_PalMutexDestroy
                0x0000000000014298       0x14 /home/jforgue/zephyr-cell-new/nrfxlib/crypto/nrf_cc310_platform/lib/cortex-m33/soft-float/no-interrupts/libnrf_cc310_platform_0.9.16.a(cc_pal_mutex.c.obj)
                0x0000000000014298                CC_PalMutexDestroy
 .text.CC_PalMutexLock
                0x00000000000142ac       0x10 /home/jforgue/zephyr-cell-new/nrfxlib/crypto/nrf_cc310_platform/lib/cortex-m33/soft-float/no-interrupts/libnrf_cc310_platform_0.9.16.a(cc_pal_mutex.c.obj)
                0x00000000000142ac                CC_PalMutexLock
 .text.CC_PalMutexUnlock
                0x00000000000142bc       0x14 /home/jforgue/zephyr-cell-new/nrfxlib/crypto/nrf_cc310_platform/lib/cortex-m33/soft-float/no-interrupts/libnrf_cc310_platform_0.9.16.a(cc_pal_mutex.c.obj)
                0x00000000000142bc                CC_PalMutexUnlock
 .text.CC_PalPowerSaveModeInit
                0x00000000000142d0       0x3c /home/jforgue/zephyr-cell-new/nrfxlib/crypto/nrf_cc310_platform/lib/cortex-m33/soft-float/no-interrupts/libnrf_cc310_platform_0.9.16.a(cc_pal_pm.c.obj)
                0x00000000000142d0                CC_PalPowerSaveModeInit
 .text.CC_PalPowerSaveModeSelect
                0x000000000001430c       0x84 /home/jforgue/zephyr-cell-new/nrfxlib/crypto/nrf_cc310_platform/lib/cortex-m33/soft-float/no-interrupts/libnrf_cc310_platform_0.9.16.a(cc_pal_pm.c.obj)
                0x000000000001430c                CC_PalPowerSaveModeSelect
 .text.mutex_init
                0x0000000000014390        0xc /home/jforgue/zephyr-cell-new/nrfxlib/crypto/nrf_cc310_platform/lib/cortex-m33/soft-float/no-interrupts/libnrf_cc310_platform_0.9.16.a(threading_alt.c.obj)
                0x0000000000014390                mutex_init
 .text.mutex_lock
                0x000000000001439c        0xc /home/jforgue/zephyr-cell-new/nrfxlib/crypto/nrf_cc310_platform/lib/cortex-m33/soft-float/no-interrupts/libnrf_cc310_platform_0.9.16.a(threading_alt.c.obj)
                0x000000000001439c                mutex_lock
 .text.mutex_unlock
                0x00000000000143a8        0xc /home/jforgue/zephyr-cell-new/nrfxlib/crypto/nrf_cc310_platform/lib/cortex-m33/soft-float/no-interrupts/libnrf_cc310_platform_0.9.16.a(threading_alt.c.obj)
                0x00000000000143a8                mutex_unlock
 .text.nrf_cc3xx_platform_abort
                0x00000000000143b4       0x24 /home/jforgue/zephyr-cell-new/nrfxlib/crypto/nrf_cc310_platform/lib/cortex-m33/soft-float/no-interrupts/libnrf_cc310_platform_0.9.16.a(nrf_cc3xx_platform_abort.c.obj)
 .text.CC_PalAbort
                0x00000000000143d8       0x34 /home/jforgue/zephyr-cell-new/nrfxlib/crypto/nrf_cc310_platform/lib/cortex-m33/soft-float/no-interrupts/libnrf_cc310_platform_0.9.16.a(nrf_cc3xx_platform_abort.c.obj)
                0x00000000000143d8                CC_PalAbort
 .text.mutex_free
                0x000000000001440c       0x34 /home/jforgue/zephyr-cell-new/nrfxlib/crypto/nrf_cc310_platform/lib/cortex-m33/soft-float/no-interrupts/libnrf_cc310_platform_0.9.16.a(nrf_cc3xx_platform_mutex.c.obj)
 .text.mutex_lock
                0x0000000000014440       0x48 /home/jforgue/zephyr-cell-new/nrfxlib/crypto/nrf_cc310_platform/lib/cortex-m33/soft-float/no-interrupts/libnrf_cc310_platform_0.9.16.a(nrf_cc3xx_platform_mutex.c.obj)
 .text.mutex_unlock
                0x0000000000014488       0x38 /home/jforgue/zephyr-cell-new/nrfxlib/crypto/nrf_cc310_platform/lib/cortex-m33/soft-float/no-interrupts/libnrf_cc310_platform_0.9.16.a(nrf_cc3xx_platform_mutex.c.obj)
 .text.mutex_init
                0x00000000000144c0       0x20 /home/jforgue/zephyr-cell-new/nrfxlib/crypto/nrf_cc310_platform/lib/cortex-m33/soft-float/no-interrupts/libnrf_cc310_platform_0.9.16.a(nrf_cc3xx_platform_mutex.c.obj)
 .text.startTrngHW
                0x00000000000144e0      0x150 /home/jforgue/zephyr-cell-new/nrfxlib/crypto/nrf_cc310_platform/lib/cortex-m33/soft-float/no-interrupts/libnrf_cc310_platform_0.9.16.a(llf_rnd_trng90b.c.obj)
 .text.LLF_RND_RepetitionCounterTest.part.0
                0x0000000000014630       0x54 /home/jforgue/zephyr-cell-new/nrfxlib/crypto/nrf_cc310_platform/lib/cortex-m33/soft-float/no-interrupts/libnrf_cc310_platform_0.9.16.a(llf_rnd_trng90b.c.obj)
 .text.LLF_RND_AdaptiveProportionTest
                0x0000000000014684       0x8c /home/jforgue/zephyr-cell-new/nrfxlib/crypto/nrf_cc310_platform/lib/cortex-m33/soft-float/no-interrupts/libnrf_cc310_platform_0.9.16.a(llf_rnd_trng90b.c.obj)
                0x0000000000014684                LLF_RND_AdaptiveProportionTest
 .text.getTrngSource
                0x0000000000014710      0x2bc /home/jforgue/zephyr-cell-new/nrfxlib/crypto/nrf_cc310_platform/lib/cortex-m33/soft-float/no-interrupts/libnrf_cc310_platform_0.9.16.a(llf_rnd_trng90b.c.obj)
 .text.LLF_RND_GetTrngSource
                0x00000000000149cc       0x18 /home/jforgue/zephyr-cell-new/nrfxlib/crypto/nrf_cc310_platform/lib/cortex-m33/soft-float/no-interrupts/libnrf_cc310_platform_0.9.16.a(llf_rnd_trng90b.c.obj)
                0x00000000000149cc                LLF_RND_GetTrngSource
 .text.LLF_RND_RunTrngStartupTest
                0x00000000000149e4       0x1c /home/jforgue/zephyr-cell-new/nrfxlib/crypto/nrf_cc310_platform/lib/cortex-m33/soft-float/no-interrupts/libnrf_cc310_platform_0.9.16.a(llf_rnd_trng90b.c.obj)
                0x00000000000149e4                LLF_RND_RunTrngStartupTest
 .text.mbedtls_hardware_poll
                0x0000000000014a00      0x104 /home/jforgue/zephyr-cell-new/nrfxlib/crypto/nrf_cc310_platform/lib/cortex-m33/soft-float/no-interrupts/libnrf_cc310_platform_0.9.16.a(trng_api.c.obj)
                0x0000000000014a00                mbedtls_hardware_poll
 .text.cc_mbedtls_sha256_init
                0x0000000000014b04       0x28 /home/jforgue/zephyr-cell-new/nrfxlib/crypto/nrf_cc310_platform/lib/cortex-m33/soft-float/no-interrupts/libnrf_cc310_platform_0.9.16.a(sha256_alt.c.obj)
                0x0000000000014b04                cc_mbedtls_sha256_init
 .text.cc_mbedtls_sha256_free
                0x0000000000014b2c        0xc /home/jforgue/zephyr-cell-new/nrfxlib/crypto/nrf_cc310_platform/lib/cortex-m33/soft-float/no-interrupts/libnrf_cc310_platform_0.9.16.a(sha256_alt.c.obj)
                0x0000000000014b2c                cc_mbedtls_sha256_free
 .text.cc_mbedtls_sha256_starts
                0x0000000000014b38       0x28 /home/jforgue/zephyr-cell-new/nrfxlib/crypto/nrf_cc310_platform/lib/cortex-m33/soft-float/no-interrupts/libnrf_cc310_platform_0.9.16.a(sha256_alt.c.obj)
                0x0000000000014b38                cc_mbedtls_sha256_starts
 .text.cc_mbedtls_sha256_update
                0x0000000000014b60       0x54 /home/jforgue/zephyr-cell-new/nrfxlib/crypto/nrf_cc310_platform/lib/cortex-m33/soft-float/no-interrupts/libnrf_cc310_platform_0.9.16.a(sha256_alt.c.obj)
                0x0000000000014b60                cc_mbedtls_sha256_update
 .text.cc_mbedtls_sha256_finish
                0x0000000000014bb4       0x48 /home/jforgue/zephyr-cell-new/nrfxlib/crypto/nrf_cc310_platform/lib/cortex-m33/soft-float/no-interrupts/libnrf_cc310_platform_0.9.16.a(sha256_alt.c.obj)
                0x0000000000014bb4                cc_mbedtls_sha256_finish
 .text.mbedtls_sha_starts_internal
                0x0000000000014bfc       0x28 /home/jforgue/zephyr-cell-new/nrfxlib/crypto/nrf_cc310_platform/lib/cortex-m33/soft-float/no-interrupts/libnrf_cc310_platform_0.9.16.a(mbedtls_hash_common.c.obj)
                0x0000000000014bfc                mbedtls_sha_starts_internal
 .text.mbedtls_sha_finish_internal
                0x0000000000014c24       0x5c /home/jforgue/zephyr-cell-new/nrfxlib/crypto/nrf_cc310_platform/lib/cortex-m33/soft-float/no-interrupts/libnrf_cc310_platform_0.9.16.a(mbedtls_hash_common.c.obj)
                0x0000000000014c24                mbedtls_sha_finish_internal
 .text.mbedtls_sha_update_internal
                0x0000000000014c80      0x1f0 /home/jforgue/zephyr-cell-new/nrfxlib/crypto/nrf_cc310_platform/lib/cortex-m33/soft-float/no-interrupts/libnrf_cc310_platform_0.9.16.a(mbedtls_hash_common.c.obj)
                0x0000000000014c80                mbedtls_sha_update_internal
 .text.cc_mbedtls_sha256
                0x0000000000014e70       0x50 /home/jforgue/zephyr-cell-new/nrfxlib/crypto/nrf_cc310_platform/lib/cortex-m33/soft-float/no-interrupts/libnrf_cc310_platform_0.9.16.a(sha256.c.obj)
                0x0000000000014e70                cc_mbedtls_sha256
 .text.RNG_PLAT_SetUserRngParameters
                0x0000000000014ec0       0x7c /home/jforgue/zephyr-cell-new/nrfxlib/crypto/nrf_cc310_platform/lib/cortex-m33/soft-float/no-interrupts/libnrf_cc310_platform_0.9.16.a(cc_rng_plat.c.obj)
                0x0000000000014ec0                RNG_PLAT_SetUserRngParameters
 .text.CC_PalTrngParamGet
                0x0000000000014f3c      0x114 /home/jforgue/zephyr-cell-new/nrfxlib/crypto/nrf_cc310_platform/lib/cortex-m33/soft-float/no-interrupts/libnrf_cc310_platform_0.9.16.a(cc_pal_trng.c.obj)
                0x0000000000014f3c                CC_PalTrngParamGet
 .text.LLF_RND_WaitRngInterrupt
                0x0000000000015050       0x20 /home/jforgue/zephyr-cell-new/nrfxlib/crypto/nrf_cc310_platform/lib/cortex-m33/soft-float/no-interrupts/libnrf_cc310_platform_0.9.16.a(llf_rnd.c.obj)
                0x0000000000015050                LLF_RND_WaitRngInterrupt
 .text.LLF_RND_GetRoscSampleCnt
                0x0000000000015070       0x3c /home/jforgue/zephyr-cell-new/nrfxlib/crypto/nrf_cc310_platform/lib/cortex-m33/soft-float/no-interrupts/libnrf_cc310_platform_0.9.16.a(llf_rnd.c.obj)
                0x0000000000015070                LLF_RND_GetRoscSampleCnt
 .text.LLF_RND_GetFastestRosc
                0x00000000000150ac       0x20 /home/jforgue/zephyr-cell-new/nrfxlib/crypto/nrf_cc310_platform/lib/cortex-m33/soft-float/no-interrupts/libnrf_cc310_platform_0.9.16.a(llf_rnd.c.obj)
                0x00000000000150ac                LLF_RND_GetFastestRosc
 .text.LLF_RND_TurnOffTrng
                0x00000000000150cc       0x18 /home/jforgue/zephyr-cell-new/nrfxlib/crypto/nrf_cc310_platform/lib/cortex-m33/soft-float/no-interrupts/libnrf_cc310_platform_0.9.16.a(llf_rnd.c.obj)
                0x00000000000150cc                LLF_RND_TurnOffTrng
 .text.SetDataBuffersInfo
                0x00000000000150e4       0x68 /home/jforgue/zephyr-cell-new/nrfxlib/crypto/nrf_cc310_platform/lib/cortex-m33/soft-float/no-interrupts/libnrf_cc310_platform_0.9.16.a(driver_common.c.obj)
                0x00000000000150e4                SetDataBuffersInfo
 .text.InitHashDrv
                0x000000000001514c       0x54 /home/jforgue/zephyr-cell-new/nrfxlib/crypto/nrf_cc310_platform/lib/cortex-m33/soft-float/no-interrupts/libnrf_cc310_platform_0.9.16.a(hash_driver.c.obj)
                0x000000000001514c                InitHashDrv
 .text.ProcessHashDrv
                0x00000000000151a0      0x22c /home/jforgue/zephyr-cell-new/nrfxlib/crypto/nrf_cc310_platform/lib/cortex-m33/soft-float/no-interrupts/libnrf_cc310_platform_0.9.16.a(hash_driver.c.obj)
                0x00000000000151a0                ProcessHashDrv
 .text.FinishHashDrv
                0x00000000000153cc       0x74 /home/jforgue/zephyr-cell-new/nrfxlib/crypto/nrf_cc310_platform/lib/cortex-m33/soft-float/no-interrupts/libnrf_cc310_platform_0.9.16.a(hash_driver.c.obj)
                0x00000000000153cc                FinishHashDrv
 .text.CC_PalDataBufferAttrGet
                0x0000000000015440        0x8 /home/jforgue/zephyr-cell-new/nrfxlib/crypto/nrf_cc310_platform/lib/cortex-m33/soft-float/no-interrupts/libnrf_cc310_platform_0.9.16.a(cc_pal_buff_attr.c.obj)
                0x0000000000015440                CC_PalDataBufferAttrGet
 .text.mbedtls_free
                0x0000000000015448        0xc secure_fw/partitions/crypto/mbedcrypto/nrf_security_src/libmbedcrypto_base.a(platform.o)
                0x0000000000015448                mbedtls_free
 .text.mbedtls_platform_set_calloc_free
                0x0000000000015454       0x14 secure_fw/partitions/crypto/mbedcrypto/nrf_security_src/libmbedcrypto_base.a(platform.o)
                0x0000000000015454                mbedtls_platform_set_calloc_free
 .text._sbrk    0x0000000000015468       0x20 /home/jforgue/.local/zephyr-sdk-0.15.2/arm-zephyr-eabi/bin/../lib/gcc/arm-zephyr-eabi/12.1.0/../../../../arm-zephyr-eabi/lib/thumb/v8-m.main/nofp/libnosys.a(sbrk.o)
                0x0000000000015468                _sbrk
 .text._exit    0x0000000000015488        0x4 /home/jforgue/.local/zephyr-sdk-0.15.2/arm-zephyr-eabi/bin/../lib/gcc/arm-zephyr-eabi/12.1.0/../../../../arm-zephyr-eabi/lib/thumb/v8-m.main/nofp/libnosys.a(_exit.o)
                0x0000000000015488                _exit
 *(.init)
 .init          0x000000000001548c        0x4 /home/jforgue/.local/zephyr-sdk-0.15.2/arm-zephyr-eabi/bin/../lib/gcc/arm-zephyr-eabi/12.1.0/thumb/v8-m.main/nofp/crti.o
                0x000000000001548c                _init
 .init          0x0000000000015490        0x8 /home/jforgue/.local/zephyr-sdk-0.15.2/arm-zephyr-eabi/bin/../lib/gcc/arm-zephyr-eabi/12.1.0/thumb/v8-m.main/nofp/crtn.o
 *(.fini)
 .fini          0x0000000000015498        0x4 /home/jforgue/.local/zephyr-sdk-0.15.2/arm-zephyr-eabi/bin/../lib/gcc/arm-zephyr-eabi/12.1.0/thumb/v8-m.main/nofp/crti.o
                0x0000000000015498                _fini
 .fini          0x000000000001549c        0x8 /home/jforgue/.local/zephyr-sdk-0.15.2/arm-zephyr-eabi/bin/../lib/gcc/arm-zephyr-eabi/12.1.0/thumb/v8-m.main/nofp/crtn.o
 *crtbegin.o(.ctors)
 *crtbegin?.o(.ctors)
 *(EXCLUDE_FILE(*crtend.o *crtend?.o) .ctors)
 *(SORT_BY_NAME(.ctors.*))
 *(.ctors)
 *crtbegin.o(.dtors)
 *crtbegin?.o(.dtors)
 *(EXCLUDE_FILE(*crtend.o *crtend?.o) .dtors)
 *(SORT_BY_NAME(.dtors.*))
 *(.dtors)

.glue_7         0x00000000000154a4        0x0
 .glue_7        0x00000000000154a4        0x0 linker stubs

.glue_7t        0x00000000000154a4        0x0
 .glue_7t       0x00000000000154a4        0x0 linker stubs

.vfp11_veneer   0x00000000000154a4        0x0
 .vfp11_veneer  0x00000000000154a4        0x0 linker stubs

.v4_bx          0x00000000000154a4        0x0
 .v4_bx         0x00000000000154a4        0x0 linker stubs

.iplt           0x00000000000154a4        0x0
 .iplt          0x00000000000154a4        0x0 /home/jforgue/.local/zephyr-sdk-0.15.2/arm-zephyr-eabi/bin/../lib/gcc/arm-zephyr-eabi/12.1.0/thumb/v8-m.main/nofp/crtbegin.o

.psa_interface_cross_call
                0x00000000000154a4       0xc8
 .psa_interface_cross_call
                0x00000000000154a4       0xc8 secure_fw/CMakeFiles/tfm_s.dir/spm/cmsis_psa/psa_interface_cross.o
                0x00000000000154ac                psa_framework_version_cross
                0x00000000000154b4                psa_version_cross
                0x00000000000154bc                tfm_psa_call_pack_cross
                0x00000000000154c4                psa_wait_cross
                0x00000000000154cc                psa_get_cross
                0x00000000000154d4                psa_read_cross
                0x00000000000154dc                psa_skip_cross
                0x00000000000154e4                psa_write_cross
                0x00000000000154ec                psa_reply_cross
                0x00000000000154f4                psa_notify_cross
                0x00000000000154fc                psa_clear_cross
                0x0000000000015504                psa_panic_cross